<?xml version="1.0"?>
<link_info>
   <banner>MSP430 Linker PC v4.3.3</banner>
   <copyright>Copyright (c) 2003-2014 Texas Instruments Incorporated</copyright>
   <link_time>0x554d4051</link_time>
   <link_errors>0x1</link_errors>
   <output_file>robot.out</output_file>
   <entry_point>
      <name>_c_int00</name>
      <address>0x2660</address>
   </entry_point>
   <input_file_list>
      <input_file id="fl-2">
         <path>.\</path>
         <kind>object</kind>
         <file>Bluetooth.obj</file>
         <name>Bluetooth.obj</name>
      </input_file>
      <input_file id="fl-3">
         <path>.\</path>
         <kind>object</kind>
         <file>I2C_MSP430.obj</file>
         <name>I2C_MSP430.obj</name>
      </input_file>
      <input_file id="fl-4">
         <path>.\</path>
         <kind>object</kind>
         <file>MSP430_MPU6050.obj</file>
         <name>MSP430_MPU6050.obj</name>
      </input_file>
      <input_file id="fl-5">
         <path>.\</path>
         <kind>object</kind>
         <file>StateEstimate.obj</file>
         <name>StateEstimate.obj</name>
      </input_file>
      <input_file id="fl-6">
         <path>.\</path>
         <kind>object</kind>
         <file>UART.obj</file>
         <name>UART.obj</name>
      </input_file>
      <input_file id="fl-7">
         <path>.\</path>
         <kind>object</kind>
         <file>main.obj</file>
         <name>main.obj</name>
      </input_file>
      <input_file id="fl-33">
         <path>c:\ti\ccsv6\tools\compiler\msp430_4.3.3\lib\</path>
         <kind>archive</kind>
         <file>rts430_eabi.lib</file>
         <name>addd.obj</name>
      </input_file>
      <input_file id="fl-34">
         <path>c:\ti\ccsv6\tools\compiler\msp430_4.3.3\lib\</path>
         <kind>archive</kind>
         <file>rts430_eabi.lib</file>
         <name>asr16.obj</name>
      </input_file>
      <input_file id="fl-35">
         <path>c:\ti\ccsv6\tools\compiler\msp430_4.3.3\lib\</path>
         <kind>archive</kind>
         <file>rts430_eabi.lib</file>
         <name>atan2.obj</name>
      </input_file>
      <input_file id="fl-36">
         <path>c:\ti\ccsv6\tools\compiler\msp430_4.3.3\lib\</path>
         <kind>archive</kind>
         <file>rts430_eabi.lib</file>
         <name>boot.obj</name>
      </input_file>
      <input_file id="fl-37">
         <path>c:\ti\ccsv6\tools\compiler\msp430_4.3.3\lib\</path>
         <kind>archive</kind>
         <file>rts430_eabi.lib</file>
         <name>cmpd.obj</name>
      </input_file>
      <input_file id="fl-38">
         <path>c:\ti\ccsv6\tools\compiler\msp430_4.3.3\lib\</path>
         <kind>archive</kind>
         <file>rts430_eabi.lib</file>
         <name>copy_decompress_none.obj</name>
      </input_file>
      <input_file id="fl-39">
         <path>c:\ti\ccsv6\tools\compiler\msp430_4.3.3\lib\</path>
         <kind>archive</kind>
         <file>rts430_eabi.lib</file>
         <name>copy_decompress_rle.obj</name>
      </input_file>
      <input_file id="fl-3a">
         <path>c:\ti\ccsv6\tools\compiler\msp430_4.3.3\lib\</path>
         <kind>archive</kind>
         <file>rts430_eabi.lib</file>
         <name>copy_zero_init.obj</name>
      </input_file>
      <input_file id="fl-3b">
         <path>c:\ti\ccsv6\tools\compiler\msp430_4.3.3\lib\</path>
         <kind>archive</kind>
         <file>rts430_eabi.lib</file>
         <name>cvtdf.obj</name>
      </input_file>
      <input_file id="fl-3c">
         <path>c:\ti\ccsv6\tools\compiler\msp430_4.3.3\lib\</path>
         <kind>archive</kind>
         <file>rts430_eabi.lib</file>
         <name>cvtfd.obj</name>
      </input_file>
      <input_file id="fl-3d">
         <path>c:\ti\ccsv6\tools\compiler\msp430_4.3.3\lib\</path>
         <kind>archive</kind>
         <file>rts430_eabi.lib</file>
         <name>div16s.obj</name>
      </input_file>
      <input_file id="fl-3e">
         <path>c:\ti\ccsv6\tools\compiler\msp430_4.3.3\lib\</path>
         <kind>archive</kind>
         <file>rts430_eabi.lib</file>
         <name>div16u.obj</name>
      </input_file>
      <input_file id="fl-3f">
         <path>c:\ti\ccsv6\tools\compiler\msp430_4.3.3\lib\</path>
         <kind>archive</kind>
         <file>rts430_eabi.lib</file>
         <name>div32s.obj</name>
      </input_file>
      <input_file id="fl-40">
         <path>c:\ti\ccsv6\tools\compiler\msp430_4.3.3\lib\</path>
         <kind>archive</kind>
         <file>rts430_eabi.lib</file>
         <name>div32u.obj</name>
      </input_file>
      <input_file id="fl-41">
         <path>c:\ti\ccsv6\tools\compiler\msp430_4.3.3\lib\</path>
         <kind>archive</kind>
         <file>rts430_eabi.lib</file>
         <name>divd.obj</name>
      </input_file>
      <input_file id="fl-42">
         <path>c:\ti\ccsv6\tools\compiler\msp430_4.3.3\lib\</path>
         <kind>archive</kind>
         <file>rts430_eabi.lib</file>
         <name>epilog.obj</name>
      </input_file>
      <input_file id="fl-43">
         <path>c:\ti\ccsv6\tools\compiler\msp430_4.3.3\lib\</path>
         <kind>archive</kind>
         <file>rts430_eabi.lib</file>
         <name>exit.obj</name>
      </input_file>
      <input_file id="fl-44">
         <path>c:\ti\ccsv6\tools\compiler\msp430_4.3.3\lib\</path>
         <kind>archive</kind>
         <file>rts430_eabi.lib</file>
         <name>fltid.obj</name>
      </input_file>
      <input_file id="fl-45">
         <path>c:\ti\ccsv6\tools\compiler\msp430_4.3.3\lib\</path>
         <kind>archive</kind>
         <file>rts430_eabi.lib</file>
         <name>fltlid.obj</name>
      </input_file>
      <input_file id="fl-46">
         <path>c:\ti\ccsv6\tools\compiler\msp430_4.3.3\lib\</path>
         <kind>archive</kind>
         <file>rts430_eabi.lib</file>
         <name>frcaddd.obj</name>
      </input_file>
      <input_file id="fl-47">
         <path>c:\ti\ccsv6\tools\compiler\msp430_4.3.3\lib\</path>
         <kind>archive</kind>
         <file>rts430_eabi.lib</file>
         <name>frcdivd.obj</name>
      </input_file>
      <input_file id="fl-48">
         <path>c:\ti\ccsv6\tools\compiler\msp430_4.3.3\lib\</path>
         <kind>archive</kind>
         <file>rts430_eabi.lib</file>
         <name>fs_add.obj</name>
      </input_file>
      <input_file id="fl-49">
         <path>c:\ti\ccsv6\tools\compiler\msp430_4.3.3\lib\</path>
         <kind>archive</kind>
         <file>rts430_eabi.lib</file>
         <name>fs_cmp.obj</name>
      </input_file>
      <input_file id="fl-4a">
         <path>c:\ti\ccsv6\tools\compiler\msp430_4.3.3\lib\</path>
         <kind>archive</kind>
         <file>rts430_eabi.lib</file>
         <name>fs_itof.obj</name>
      </input_file>
      <input_file id="fl-4b">
         <path>c:\ti\ccsv6\tools\compiler\msp430_4.3.3\lib\</path>
         <kind>archive</kind>
         <file>rts430_eabi.lib</file>
         <name>fs_mpy.obj</name>
      </input_file>
      <input_file id="fl-4c">
         <path>c:\ti\ccsv6\tools\compiler\msp430_4.3.3\lib\</path>
         <kind>archive</kind>
         <file>rts430_eabi.lib</file>
         <name>fs_neg.obj</name>
      </input_file>
      <input_file id="fl-4d">
         <path>c:\ti\ccsv6\tools\compiler\msp430_4.3.3\lib\</path>
         <kind>archive</kind>
         <file>rts430_eabi.lib</file>
         <name>fs_tou.obj</name>
      </input_file>
      <input_file id="fl-4e">
         <path>c:\ti\ccsv6\tools\compiler\msp430_4.3.3\lib\</path>
         <kind>archive</kind>
         <file>rts430_eabi.lib</file>
         <name>lsl16.obj</name>
      </input_file>
      <input_file id="fl-4f">
         <path>c:\ti\ccsv6\tools\compiler\msp430_4.3.3\lib\</path>
         <kind>archive</kind>
         <file>rts430_eabi.lib</file>
         <name>lsl32.obj</name>
      </input_file>
      <input_file id="fl-50">
         <path>c:\ti\ccsv6\tools\compiler\msp430_4.3.3\lib\</path>
         <kind>archive</kind>
         <file>rts430_eabi.lib</file>
         <name>lsr16.obj</name>
      </input_file>
      <input_file id="fl-51">
         <path>c:\ti\ccsv6\tools\compiler\msp430_4.3.3\lib\</path>
         <kind>archive</kind>
         <file>rts430_eabi.lib</file>
         <name>lsr32.obj</name>
      </input_file>
      <input_file id="fl-52">
         <path>c:\ti\ccsv6\tools\compiler\msp430_4.3.3\lib\</path>
         <kind>archive</kind>
         <file>rts430_eabi.lib</file>
         <name>memcpy.obj</name>
      </input_file>
      <input_file id="fl-53">
         <path>c:\ti\ccsv6\tools\compiler\msp430_4.3.3\lib\</path>
         <kind>archive</kind>
         <file>rts430_eabi.lib</file>
         <name>mpu_init.obj</name>
      </input_file>
      <input_file id="fl-54">
         <path>c:\ti\ccsv6\tools\compiler\msp430_4.3.3\lib\</path>
         <kind>archive</kind>
         <file>rts430_eabi.lib</file>
         <name>mpyd.obj</name>
      </input_file>
      <input_file id="fl-55">
         <path>c:\ti\ccsv6\tools\compiler\msp430_4.3.3\lib\</path>
         <kind>archive</kind>
         <file>rts430_eabi.lib</file>
         <name>mult16.obj</name>
      </input_file>
      <input_file id="fl-56">
         <path>c:\ti\ccsv6\tools\compiler\msp430_4.3.3\lib\</path>
         <kind>archive</kind>
         <file>rts430_eabi.lib</file>
         <name>mult32.obj</name>
      </input_file>
      <input_file id="fl-57">
         <path>c:\ti\ccsv6\tools\compiler\msp430_4.3.3\lib\</path>
         <kind>archive</kind>
         <file>rts430_eabi.lib</file>
         <name>negd.obj</name>
      </input_file>
      <input_file id="fl-58">
         <path>c:\ti\ccsv6\tools\compiler\msp430_4.3.3\lib\</path>
         <kind>archive</kind>
         <file>rts430_eabi.lib</file>
         <name>pre_init.obj</name>
      </input_file>
      <input_file id="fl-59">
         <path>c:\ti\ccsv6\tools\compiler\msp430_4.3.3\lib\</path>
         <kind>archive</kind>
         <file>rts430_eabi.lib</file>
         <name>renormd.obj</name>
      </input_file>
      <input_file id="fl-5a">
         <path>c:\ti\ccsv6\tools\compiler\msp430_4.3.3\lib\</path>
         <kind>archive</kind>
         <file>rts430_eabi.lib</file>
         <name>strlen.obj</name>
      </input_file>
      <input_file id="fl-5b">
         <path>c:\ti\ccsv6\tools\compiler\msp430_4.3.3\lib\</path>
         <kind>archive</kind>
         <file>rts430_eabi.lib</file>
         <name>subd.obj</name>
      </input_file>
      <input_file id="fl-5c">
         <path>c:\ti\ccsv6\tools\compiler\msp430_4.3.3\lib\</path>
         <kind>archive</kind>
         <file>rts430_eabi.lib</file>
         <name>xatan.obj</name>
      </input_file>
      <input_file id="fl-5d">
         <path>c:\ti\ccsv6\tools\compiler\msp430_4.3.3\lib\</path>
         <kind>archive</kind>
         <file>rts430_eabi.lib</file>
         <name>xvalues.obj</name>
      </input_file>
      <input_file id="fl-5e">
         <path>c:\ti\ccsv6\tools\compiler\msp430_4.3.3\lib\</path>
         <kind>archive</kind>
         <file>rts430_eabi.lib</file>
         <name>_lock.obj</name>
      </input_file>
      <input_file id="fl-5f">
         <path>c:\ti\ccsv6\tools\compiler\msp430_4.3.3\lib\</path>
         <kind>archive</kind>
         <file>rts430_eabi.lib</file>
         <name>args_main.obj</name>
      </input_file>
      <input_file id="fl-60">
         <path>c:\ti\ccsv6\tools\compiler\msp430_4.3.3\lib\</path>
         <kind>archive</kind>
         <file>rts430_eabi.lib</file>
         <name>asr32.obj</name>
      </input_file>
      <input_file id="fl-61">
         <path>c:\ti\ccsv6\tools\compiler\msp430_4.3.3\lib\</path>
         <kind>archive</kind>
         <file>rts430_eabi.lib</file>
         <name>autoinit.obj</name>
      </input_file>
      <input_file id="fl-62">
         <path>c:\ti\ccsv6\tools\compiler\msp430_4.3.3\lib\</path>
         <kind>archive</kind>
         <file>rts430_eabi.lib</file>
         <name>frcmpyd.obj</name>
      </input_file>
   </input_file_list>
   <object_component_list>
      <object_component id="oc-1e0">
         <name>.text:__TI_frcdivd</name>
         <load_address>0x200</load_address>
         <run_address>0x200</run_address>
         <size>0x462</size>
         <input_file_ref idref="fl-47"/>
      </object_component>
      <object_component id="oc-193">
         <name>.text:__TI_frcmpyd</name>
         <load_address>0x662</load_address>
         <run_address>0x662</run_address>
         <size>0x2f4</size>
         <input_file_ref idref="fl-62"/>
      </object_component>
      <object_component id="oc-106">
         <name>.text:__mspabi_addd</name>
         <load_address>0x956</load_address>
         <run_address>0x956</run_address>
         <size>0x2e8</size>
         <input_file_ref idref="fl-33"/>
      </object_component>
      <object_component id="oc-1f4">
         <name>.text:_Atan</name>
         <load_address>0xc3e</load_address>
         <run_address>0xc3e</run_address>
         <size>0x2de</size>
         <input_file_ref idref="fl-5c"/>
      </object_component>
      <object_component id="oc-100">
         <name>.text:__mspabi_mpyd</name>
         <load_address>0xf1c</load_address>
         <run_address>0xf1c</run_address>
         <size>0x26e</size>
         <input_file_ref idref="fl-54"/>
      </object_component>
      <object_component id="oc-1a0">
         <name>.text:__TI_frcaddd</name>
         <load_address>0x118a</load_address>
         <run_address>0x118a</run_address>
         <size>0x260</size>
         <input_file_ref idref="fl-46"/>
      </object_component>
      <object_component id="oc-166">
         <name>.text:__mspabi_divd</name>
         <load_address>0x13ea</load_address>
         <run_address>0x13ea</run_address>
         <size>0x238</size>
         <input_file_ref idref="fl-41"/>
      </object_component>
      <object_component id="oc-175">
         <name>.text:atan2</name>
         <load_address>0x1622</load_address>
         <run_address>0x1622</run_address>
         <size>0x214</size>
         <input_file_ref idref="fl-35"/>
      </object_component>
      <object_component id="oc-118">
         <name>.text</name>
         <load_address>0x1836</load_address>
         <run_address>0x1836</run_address>
         <size>0x130</size>
         <input_file_ref idref="fl-48"/>
      </object_component>
      <object_component id="oc-b0">
         <name>.text:getAngleEstimate</name>
         <load_address>0x1966</load_address>
         <run_address>0x1966</run_address>
         <size>0xfe</size>
         <input_file_ref idref="fl-5"/>
      </object_component>
      <object_component id="oc-1ee">
         <name>.text:__mspabi_cmpd</name>
         <load_address>0x1a64</load_address>
         <run_address>0x1a64</run_address>
         <size>0xdc</size>
         <input_file_ref idref="fl-37"/>
      </object_component>
      <object_component id="oc-122">
         <name>.text</name>
         <load_address>0x1b40</load_address>
         <run_address>0x1b40</run_address>
         <size>0xc2</size>
         <input_file_ref idref="fl-4b"/>
      </object_component>
      <object_component id="oc-21f">
         <name>.text:__TI_renormd</name>
         <load_address>0x1c02</load_address>
         <run_address>0x1c02</run_address>
         <size>0xbe</size>
         <input_file_ref idref="fl-59"/>
      </object_component>
      <object_component id="oc-f0">
         <name>.text:getAngularAcceleration</name>
         <load_address>0x1cc0</load_address>
         <run_address>0x1cc0</run_address>
         <size>0xa2</size>
         <input_file_ref idref="fl-5"/>
      </object_component>
      <object_component id="oc-b6">
         <name>.text:getPIDOutput</name>
         <load_address>0x1d62</load_address>
         <run_address>0x1d62</run_address>
         <size>0x9a</size>
         <input_file_ref idref="fl-7"/>
      </object_component>
      <object_component id="oc-e2">
         <name>.text:getMotion6</name>
         <load_address>0x1dfc</load_address>
         <run_address>0x1dfc</run_address>
         <size>0x94</size>
         <input_file_ref idref="fl-4"/>
      </object_component>
      <object_component id="oc-10e">
         <name>.text:__mspabi_cvtdf</name>
         <load_address>0x1e90</load_address>
         <run_address>0x1e90</run_address>
         <size>0x8c</size>
         <input_file_ref idref="fl-3b"/>
      </object_component>
      <object_component id="oc-c5">
         <name>.text:initMPU</name>
         <load_address>0x1f1c</load_address>
         <run_address>0x1f1c</run_address>
         <size>0x6c</size>
         <input_file_ref idref="fl-4"/>
      </object_component>
      <object_component id="oc-f8">
         <name>.text:__mspabi_cvtfd</name>
         <load_address>0x1f88</load_address>
         <run_address>0x1f88</run_address>
         <size>0x68</size>
         <input_file_ref idref="fl-3c"/>
      </object_component>
      <object_component id="oc-4b">
         <name>.text:__TI_decompress_rle_core</name>
         <load_address>0x1ff0</load_address>
         <run_address>0x1ff0</run_address>
         <size>0x5e</size>
         <input_file_ref idref="fl-39"/>
      </object_component>
      <object_component id="oc-24">
         <name>.text:_auto_init</name>
         <load_address>0x204e</load_address>
         <run_address>0x204e</run_address>
         <size>0x5e</size>
         <input_file_ref idref="fl-61"/>
      </object_component>
      <object_component id="oc-202">
         <name>.text:l_lsr_const</name>
         <load_address>0x20ac</load_address>
         <run_address>0x20ac</run_address>
         <size>0x5c</size>
         <input_file_ref idref="fl-51"/>
      </object_component>
      <object_component id="oc-14d">
         <name>.text:readBytes</name>
         <load_address>0x2108</load_address>
         <run_address>0x2108</run_address>
         <size>0x5c</size>
         <input_file_ref idref="fl-4"/>
      </object_component>
      <object_component id="oc-1c7">
         <name>.text:I2CendTransmission</name>
         <load_address>0x2164</load_address>
         <run_address>0x2164</run_address>
         <size>0x54</size>
         <input_file_ref idref="fl-3"/>
      </object_component>
      <object_component id="oc-1cd">
         <name>.text:I2CrequestFrom</name>
         <load_address>0x21b8</load_address>
         <run_address>0x21b8</run_address>
         <size>0x52</size>
         <input_file_ref idref="fl-3"/>
      </object_component>
      <object_component id="oc-d3">
         <name>.text:writeBit</name>
         <load_address>0x220a</load_address>
         <run_address>0x220a</run_address>
         <size>0x50</size>
         <input_file_ref idref="fl-4"/>
      </object_component>
      <object_component id="oc-1ad">
         <name>.text</name>
         <load_address>0x225a</load_address>
         <run_address>0x225a</run_address>
         <size>0x4c</size>
         <input_file_ref idref="fl-50"/>
      </object_component>
      <object_component id="oc-128">
         <name>.text</name>
         <load_address>0x22a6</load_address>
         <run_address>0x22a6</run_address>
         <size>0x4a</size>
         <input_file_ref idref="fl-49"/>
      </object_component>
      <object_component id="oc-bc">
         <name>.text:setMotorSpeedAndDirection</name>
         <load_address>0x22f0</load_address>
         <run_address>0x22f0</run_address>
         <size>0x48</size>
         <input_file_ref idref="fl-7"/>
      </object_component>
      <object_component id="oc-12d">
         <name>.text</name>
         <load_address>0x2338</load_address>
         <run_address>0x2338</run_address>
         <size>0x46</size>
         <input_file_ref idref="fl-4d"/>
      </object_component>
      <object_component id="oc-2a">
         <name>.text:main</name>
         <load_address>0x237e</load_address>
         <run_address>0x237e</run_address>
         <size>0x44</size>
         <input_file_ref idref="fl-7"/>
      </object_component>
      <object_component id="oc-e8">
         <name>.text:getAngularVelocity</name>
         <load_address>0x23c2</load_address>
         <run_address>0x23c2</run_address>
         <size>0x3e</size>
         <input_file_ref idref="fl-5"/>
      </object_component>
      <object_component id="oc-187">
         <name>.text:l_asr_const</name>
         <load_address>0x2400</load_address>
         <run_address>0x2400</run_address>
         <size>0x3e</size>
         <input_file_ref idref="fl-60"/>
      </object_component>
      <object_component id="oc-1a8">
         <name>.text:l_lsl_const</name>
         <load_address>0x243e</load_address>
         <run_address>0x243e</run_address>
         <size>0x3e</size>
         <input_file_ref idref="fl-4f"/>
      </object_component>
      <object_component id="oc-67">
         <name>.text:initializeIMU</name>
         <load_address>0x247c</load_address>
         <run_address>0x247c</run_address>
         <size>0x3c</size>
         <input_file_ref idref="fl-4"/>
      </object_component>
      <object_component id="oc-161">
         <name>.text</name>
         <load_address>0x24b8</load_address>
         <run_address>0x24b8</run_address>
         <size>0x36</size>
         <input_file_ref idref="fl-4a"/>
      </object_component>
      <object_component id="oc-133">
         <name>.text:readByte</name>
         <load_address>0x24ee</load_address>
         <run_address>0x24ee</run_address>
         <size>0x34</size>
         <input_file_ref idref="fl-4"/>
      </object_component>
      <object_component id="oc-17b">
         <name>.text:__mspabi_subd</name>
         <load_address>0x2522</load_address>
         <run_address>0x2522</run_address>
         <size>0x2e</size>
         <input_file_ref idref="fl-5b"/>
      </object_component>
      <object_component id="oc-6d">
         <name>.text:msDelay</name>
         <load_address>0x2550</load_address>
         <run_address>0x2550</run_address>
         <size>0x2c</size>
         <input_file_ref idref="fl-4"/>
      </object_component>
      <object_component id="oc-182">
         <name>.text</name>
         <load_address>0x257c</load_address>
         <run_address>0x257c</run_address>
         <size>0x2c</size>
         <input_file_ref idref="fl-34"/>
      </object_component>
      <object_component id="oc-139">
         <name>.text</name>
         <load_address>0x25a8</load_address>
         <run_address>0x25a8</run_address>
         <size>0x2c</size>
         <input_file_ref idref="fl-4e"/>
      </object_component>
      <object_component id="oc-1e8">
         <name>.text:__mspabi_negd</name>
         <load_address>0x25d4</load_address>
         <run_address>0x25d4</run_address>
         <size>0x2a</size>
         <input_file_ref idref="fl-57"/>
      </object_component>
      <object_component id="oc-207">
         <name>.text</name>
         <load_address>0x25fe</load_address>
         <run_address>0x25fe</run_address>
         <size>0x26</size>
         <input_file_ref idref="fl-56"/>
      </object_component>
      <object_component id="oc-13e">
         <name>.text:writeByte</name>
         <load_address>0x2624</load_address>
         <run_address>0x2624</run_address>
         <size>0x20</size>
         <input_file_ref idref="fl-4"/>
      </object_component>
      <object_component id="oc-96">
         <name>.text:setClockSource</name>
         <load_address>0x2644</load_address>
         <run_address>0x2644</run_address>
         <size>0x1c</size>
         <input_file_ref idref="fl-4"/>
      </object_component>
      <object_component id="oc-2">
         <name>.text:_c_int00_noexit</name>
         <load_address>0x2660</load_address>
         <run_address>0x2660</run_address>
         <size>0x1a</size>
         <input_file_ref idref="fl-36"/>
      </object_component>
      <object_component id="oc-a2">
         <name>.text:setFullScaleAccelRange</name>
         <load_address>0x267a</load_address>
         <run_address>0x267a</run_address>
         <size>0x1a</size>
         <input_file_ref idref="fl-4"/>
      </object_component>
      <object_component id="oc-9c">
         <name>.text:setFullScaleGyroRange</name>
         <load_address>0x2694</load_address>
         <run_address>0x2694</run_address>
         <size>0x1a</size>
         <input_file_ref idref="fl-4"/>
      </object_component>
      <object_component id="oc-1d3">
         <name>.text:I2Cread</name>
         <load_address>0x26ae</load_address>
         <run_address>0x26ae</run_address>
         <size>0x16</size>
         <input_file_ref idref="fl-3"/>
      </object_component>
      <object_component id="oc-e">
         <name>.text:decompress:ZI:__TI_zero_init</name>
         <load_address>0x26c4</load_address>
         <run_address>0x26c4</run_address>
         <size>0x14</size>
         <input_file_ref idref="fl-3a"/>
      </object_component>
      <object_component id="oc-23e">
         <name>.text</name>
         <load_address>0x26d8</load_address>
         <run_address>0x26d8</run_address>
         <size>0x14</size>
         <input_file_ref idref="fl-55"/>
      </object_component>
      <object_component id="oc-a8">
         <name>.text:setSleepEnabled</name>
         <load_address>0x26ec</load_address>
         <run_address>0x26ec</run_address>
         <size>0x14</size>
         <input_file_ref idref="fl-4"/>
      </object_component>
      <object_component id="oc-8">
         <name>.text:decompress:none:__TI_decompress_none</name>
         <load_address>0x2700</load_address>
         <run_address>0x2700</run_address>
         <size>0x12</size>
         <input_file_ref idref="fl-38"/>
      </object_component>
      <object_component id="oc-215">
         <name>.text:l_lsr</name>
         <load_address>0x2712</load_address>
         <run_address>0x2712</run_address>
         <size>0x12</size>
         <input_file_ref idref="fl-51"/>
      </object_component>
      <object_component id="oc-37">
         <name>.text:memcpy</name>
         <load_address>0x2724</load_address>
         <run_address>0x2724</run_address>
         <size>0x12</size>
         <input_file_ref idref="fl-52"/>
      </object_component>
      <object_component id="oc-21a">
         <name>.text:l_asr</name>
         <load_address>0x2736</load_address>
         <run_address>0x2736</run_address>
         <size>0x10</size>
         <input_file_ref idref="fl-60"/>
      </object_component>
      <object_component id="oc-210">
         <name>.text:l_lsl</name>
         <load_address>0x2746</load_address>
         <run_address>0x2746</run_address>
         <size>0x10</size>
         <input_file_ref idref="fl-4f"/>
      </object_component>
      <object_component id="oc-60">
         <name>.text</name>
         <load_address>0x2756</load_address>
         <run_address>0x2756</run_address>
         <size>0x10</size>
         <input_file_ref idref="fl-42"/>
      </object_component>
      <object_component id="oc-1bb">
         <name>.text:I2CbeginTransmission</name>
         <load_address>0x2766</load_address>
         <run_address>0x2766</run_address>
         <size>0xe</size>
         <input_file_ref idref="fl-3"/>
      </object_component>
      <object_component id="oc-1c1">
         <name>.text:I2Cwrite</name>
         <load_address>0x2774</load_address>
         <run_address>0x2774</run_address>
         <size>0xe</size>
         <input_file_ref idref="fl-3"/>
      </object_component>
      <object_component id="oc-73">
         <name>.text:loop</name>
         <load_address>0x2782</load_address>
         <run_address>0x2782</run_address>
         <size>0xe</size>
         <input_file_ref idref="fl-7"/>
      </object_component>
      <object_component id="oc-11d">
         <name>.text</name>
         <load_address>0x2790</load_address>
         <run_address>0x2790</run_address>
         <size>0xa</size>
         <input_file_ref idref="fl-4c"/>
      </object_component>
      <object_component id="oc-14">
         <name>.text:decompress:rle24:__TI_decompress_rle24</name>
         <load_address>0x279a</load_address>
         <run_address>0x279a</run_address>
         <size>0x6</size>
         <input_file_ref idref="fl-39"/>
      </object_component>
      <object_component id="oc-1e">
         <name>.text:_system_pre_init</name>
         <load_address>0x27a0</load_address>
         <run_address>0x27a0</run_address>
         <size>0x4</size>
         <input_file_ref idref="fl-58"/>
      </object_component>
      <object_component id="oc-30">
         <name>.text:abort</name>
         <load_address>0x27a4</load_address>
         <run_address>0x27a4</run_address>
         <size>0x4</size>
         <input_file_ref idref="fl-43"/>
      </object_component>
      <object_component id="oc-253">
         <name>.const:a</name>
         <load_address>0x286a</load_address>
         <run_address>0x286a</run_address>
         <size>0x40</size>
         <input_file_ref idref="fl-5c"/>
      </object_component>
      <object_component id="oc-250">
         <name>.const:c</name>
         <load_address>0x28aa</load_address>
         <run_address>0x28aa</run_address>
         <size>0x20</size>
         <input_file_ref idref="fl-5c"/>
      </object_component>
      <object_component id="oc-24d">
         <name>.const:s</name>
         <load_address>0x28ca</load_address>
         <run_address>0x28ca</run_address>
         <size>0x18</size>
         <input_file_ref idref="fl-5c"/>
      </object_component>
      <object_component id="oc-1d">
         <name>.reset</name>
         <load_address>0xfffe</load_address>
         <run_address>0xfffe</run_address>
         <size>0x2</size>
         <input_file_ref idref="fl-36"/>
      </object_component>
      <object_component id="oc-2a9">
         <name>.cinit..data.load</name>
         <load_address>0x2970</load_address>
         <run_address>0x2970</run_address>
         <size>0x35</size>
      </object_component>
      <object_component id="oc-2a7">
         <name>__TI_handler_table</name>
         <load_address>0x29a6</load_address>
         <run_address>0x29a6</run_address>
         <size>0x6</size>
      </object_component>
      <object_component id="oc-2aa">
         <name>.cinit..bss.load</name>
         <load_address>0x29ac</load_address>
         <run_address>0x29ac</run_address>
         <size>0x4</size>
      </object_component>
      <object_component id="oc-2a8">
         <name>__TI_cinit_table</name>
         <load_address>0x29b0</load_address>
         <run_address>0x29b0</run_address>
         <size>0x8</size>
      </object_component>
      <object_component id="oc-234">
         <name>.common:bufferedDataOutput</name>
         <uninitialized>true</uninitialized>
         <run_address>0x28fe</run_address>
         <size>0x6</size>
      </object_component>
      <object_component id="oc-23c">
         <name>.common:bufferedDataRX</name>
         <uninitialized>true</uninitialized>
         <run_address>0x28f0</run_address>
         <size>0xe</size>
      </object_component>
      <object_component id="oc-23b">
         <name>.common:Bytecount</name>
         <uninitialized>true</uninitialized>
         <run_address>0x2914</run_address>
         <size>0x2</size>
      </object_component>
      <object_component id="oc-236">
         <name>.common:TXByteCtr</name>
         <uninitialized>true</uninitialized>
         <run_address>0x291d</run_address>
         <size>0x1</size>
      </object_component>
      <object_component id="oc-239">
         <name>.common:RXByteCtr</name>
         <uninitialized>true</uninitialized>
         <run_address>0x291c</run_address>
         <size>0x1</size>
      </object_component>
      <object_component id="oc-15e">
         <name>.common:buffer</name>
         <uninitialized>true</uninitialized>
         <run_address>0x28e2</run_address>
         <size>0xe</size>
      </object_component>
      <object_component id="oc-e1">
         <name>.common:gx</name>
         <uninitialized>true</uninitialized>
         <run_address>0x2916</run_address>
         <size>0x2</size>
      </object_component>
      <object_component id="oc-160">
         <name>.common:gy</name>
         <uninitialized>true</uninitialized>
         <run_address>0x2918</run_address>
         <size>0x2</size>
      </object_component>
      <object_component id="oc-dd">
         <name>.common:gz</name>
         <uninitialized>true</uninitialized>
         <run_address>0x291a</run_address>
         <size>0x2</size>
      </object_component>
      <object_component id="oc-172">
         <name>.common:accel_x</name>
         <uninitialized>true</uninitialized>
         <run_address>0x2904</run_address>
         <size>0x4</size>
      </object_component>
      <object_component id="oc-174">
         <name>.common:accel_z</name>
         <uninitialized>true</uninitialized>
         <run_address>0x2908</run_address>
         <size>0x4</size>
      </object_component>
      <object_component id="oc-10d">
         <name>.common:angleA</name>
         <uninitialized>true</uninitialized>
         <run_address>0x290c</run_address>
         <size>0x4</size>
      </object_component>
      <object_component id="oc-ff">
         <name>.common:angleG</name>
         <uninitialized>true</uninitialized>
         <run_address>0x2910</run_address>
         <size>0x4</size>
      </object_component>
      <object_component id="oc-de">
         <name>.data</name>
         <load_address>0x2846</load_address>
         <run_address>0x2846</run_address>
         <size>0x1a</size>
         <input_file_ref idref="fl-5"/>
      </object_component>
      <object_component id="oc-115">
         <name>.data</name>
         <load_address>0x2828</load_address>
         <run_address>0x2828</run_address>
         <size>0x1e</size>
         <input_file_ref idref="fl-7"/>
      </object_component>
      <object_component id="oc-22d">
         <name>.data</name>
         <load_address>0x2860</load_address>
         <run_address>0x2860</run_address>
         <size>0xa</size>
         <input_file_ref idref="fl-3"/>
      </object_component>
      <object_component id="oc-24a">
         <name>.data</name>
         <load_address>0x27a8</load_address>
         <run_address>0x27a8</run_address>
         <size>0x80</size>
         <input_file_ref idref="fl-5d"/>
      </object_component>
      <object_component id="oc-3">
         <name>.debug_info</name>
         <load_address>0x0</load_address>
         <run_address>0x0</run_address>
         <size>0x125</size>
         <input_file_ref idref="fl-36"/>
      </object_component>
      <object_component id="oc-b">
         <name>.debug_info</name>
         <load_address>0x125</load_address>
         <run_address>0x125</run_address>
         <size>0x194</size>
         <input_file_ref idref="fl-38"/>
      </object_component>
      <object_component id="oc-f">
         <name>.debug_info</name>
         <load_address>0x2b9</load_address>
         <run_address>0x2b9</run_address>
         <size>0x16a</size>
         <input_file_ref idref="fl-3a"/>
      </object_component>
      <object_component id="oc-15">
         <name>.debug_info</name>
         <load_address>0x423</load_address>
         <run_address>0x423</run_address>
         <size>0x18e</size>
         <input_file_ref idref="fl-39"/>
      </object_component>
      <object_component id="oc-1b">
         <name>.debug_info</name>
         <load_address>0x5b1</load_address>
         <run_address>0x5b1</run_address>
         <size>0xaa</size>
         <input_file_ref idref="fl-36"/>
      </object_component>
      <object_component id="oc-1f">
         <name>.debug_info</name>
         <load_address>0x65b</load_address>
         <run_address>0x65b</run_address>
         <size>0xfd</size>
         <input_file_ref idref="fl-58"/>
      </object_component>
      <object_component id="oc-25">
         <name>.debug_info</name>
         <load_address>0x758</load_address>
         <run_address>0x758</run_address>
         <size>0x153</size>
         <input_file_ref idref="fl-61"/>
      </object_component>
      <object_component id="oc-2b">
         <name>.debug_info</name>
         <load_address>0x8ab</load_address>
         <run_address>0x8ab</run_address>
         <size>0x107</size>
         <input_file_ref idref="fl-7"/>
      </object_component>
      <object_component id="oc-32">
         <name>.debug_info</name>
         <load_address>0x9b2</load_address>
         <run_address>0x9b2</run_address>
         <size>0xcc</size>
         <input_file_ref idref="fl-43"/>
      </object_component>
      <object_component id="oc-38">
         <name>.debug_info</name>
         <load_address>0xa7e</load_address>
         <run_address>0xa7e</run_address>
         <size>0x157</size>
         <input_file_ref idref="fl-52"/>
      </object_component>
      <object_component id="oc-3e">
         <name>.debug_info</name>
         <load_address>0xbd5</load_address>
         <run_address>0xbd5</run_address>
         <size>0x46</size>
         <input_file_ref idref="fl-38"/>
      </object_component>
      <object_component id="oc-43">
         <name>.debug_info</name>
         <load_address>0xc1b</load_address>
         <run_address>0xc1b</run_address>
         <size>0x167</size>
         <input_file_ref idref="fl-38"/>
      </object_component>
      <object_component id="oc-45">
         <name>.debug_info</name>
         <load_address>0xd82</load_address>
         <run_address>0xd82</run_address>
         <size>0x46</size>
         <input_file_ref idref="fl-3a"/>
      </object_component>
      <object_component id="oc-4a">
         <name>.debug_info</name>
         <load_address>0xdc8</load_address>
         <run_address>0xdc8</run_address>
         <size>0x11f</size>
         <input_file_ref idref="fl-3a"/>
      </object_component>
      <object_component id="oc-4c">
         <name>.debug_info</name>
         <load_address>0xee7</load_address>
         <run_address>0xee7</run_address>
         <size>0x1ef</size>
         <input_file_ref idref="fl-39"/>
      </object_component>
      <object_component id="oc-52">
         <name>.debug_info</name>
         <load_address>0x10d6</load_address>
         <run_address>0x10d6</run_address>
         <size>0x129</size>
         <input_file_ref idref="fl-39"/>
      </object_component>
      <object_component id="oc-53">
         <name>.debug_info</name>
         <load_address>0x11ff</load_address>
         <run_address>0x11ff</run_address>
         <size>0x39</size>
         <input_file_ref idref="fl-39"/>
      </object_component>
      <object_component id="oc-5a">
         <name>.debug_info</name>
         <load_address>0x1238</load_address>
         <run_address>0x1238</run_address>
         <size>0x84</size>
         <input_file_ref idref="fl-2"/>
      </object_component>
      <object_component id="oc-62">
         <name>.debug_info</name>
         <load_address>0x12bc</load_address>
         <run_address>0x12bc</run_address>
         <size>0xe1</size>
         <input_file_ref idref="fl-42"/>
      </object_component>
      <object_component id="oc-66">
         <name>.debug_info</name>
         <load_address>0x139d</load_address>
         <run_address>0x139d</run_address>
         <size>0x2ba</size>
         <input_file_ref idref="fl-61"/>
      </object_component>
      <object_component id="oc-68">
         <name>.debug_info</name>
         <load_address>0x1657</load_address>
         <run_address>0x1657</run_address>
         <size>0x1a8</size>
         <input_file_ref idref="fl-4"/>
      </object_component>
      <object_component id="oc-6e">
         <name>.debug_info</name>
         <load_address>0x17ff</load_address>
         <run_address>0x17ff</run_address>
         <size>0x12c</size>
         <input_file_ref idref="fl-4"/>
      </object_component>
      <object_component id="oc-74">
         <name>.debug_info</name>
         <load_address>0x192b</load_address>
         <run_address>0x192b</run_address>
         <size>0x126</size>
         <input_file_ref idref="fl-7"/>
      </object_component>
      <object_component id="oc-7c">
         <name>.debug_info</name>
         <load_address>0x1a51</load_address>
         <run_address>0x1a51</run_address>
         <size>0x127</size>
         <input_file_ref idref="fl-52"/>
      </object_component>
      <object_component id="oc-7d">
         <name>.debug_info</name>
         <load_address>0x1b78</load_address>
         <run_address>0x1b78</run_address>
         <size>0x2c</size>
         <input_file_ref idref="fl-3a"/>
      </object_component>
      <object_component id="oc-82">
         <name>.debug_info</name>
         <load_address>0x1ba4</load_address>
         <run_address>0x1ba4</run_address>
         <size>0x2c</size>
         <input_file_ref idref="fl-38"/>
      </object_component>
      <object_component id="oc-91">
         <name>.debug_info</name>
         <load_address>0x1bd0</load_address>
         <run_address>0x1bd0</run_address>
         <size>0x39</size>
         <input_file_ref idref="fl-61"/>
      </object_component>
      <object_component id="oc-97">
         <name>.debug_info</name>
         <load_address>0x1c09</load_address>
         <run_address>0x1c09</run_address>
         <size>0x146</size>
         <input_file_ref idref="fl-4"/>
      </object_component>
      <object_component id="oc-9d">
         <name>.debug_info</name>
         <load_address>0x1d4f</load_address>
         <run_address>0x1d4f</run_address>
         <size>0x150</size>
         <input_file_ref idref="fl-4"/>
      </object_component>
      <object_component id="oc-a3">
         <name>.debug_info</name>
         <load_address>0x1e9f</load_address>
         <run_address>0x1e9f</run_address>
         <size>0x156</size>
         <input_file_ref idref="fl-4"/>
      </object_component>
      <object_component id="oc-a9">
         <name>.debug_info</name>
         <load_address>0x1ff5</load_address>
         <run_address>0x1ff5</run_address>
         <size>0x14d</size>
         <input_file_ref idref="fl-4"/>
      </object_component>
      <object_component id="oc-b1">
         <name>.debug_info</name>
         <load_address>0x2142</load_address>
         <run_address>0x2142</run_address>
         <size>0x212</size>
         <input_file_ref idref="fl-5"/>
      </object_component>
      <object_component id="oc-b7">
         <name>.debug_info</name>
         <load_address>0x2354</load_address>
         <run_address>0x2354</run_address>
         <size>0x1ac</size>
         <input_file_ref idref="fl-7"/>
      </object_component>
      <object_component id="oc-bd">
         <name>.debug_info</name>
         <load_address>0x2500</load_address>
         <run_address>0x2500</run_address>
         <size>0x181</size>
         <input_file_ref idref="fl-7"/>
      </object_component>
      <object_component id="oc-c6">
         <name>.debug_info</name>
         <load_address>0x2681</load_address>
         <run_address>0x2681</run_address>
         <size>0x26d</size>
         <input_file_ref idref="fl-4"/>
      </object_component>
      <object_component id="oc-cc">
         <name>.debug_info</name>
         <load_address>0x28ee</load_address>
         <run_address>0x28ee</run_address>
         <size>0x18b</size>
         <input_file_ref idref="fl-3"/>
      </object_component>
      <object_component id="oc-d4">
         <name>.debug_info</name>
         <load_address>0x2a79</load_address>
         <run_address>0x2a79</run_address>
         <size>0x20b</size>
         <input_file_ref idref="fl-4"/>
      </object_component>
      <object_component id="oc-db">
         <name>.debug_info</name>
         <load_address>0x2c84</load_address>
         <run_address>0x2c84</run_address>
         <size>0x2f2</size>
         <input_file_ref idref="fl-5"/>
      </object_component>
      <object_component id="oc-df">
         <name>.debug_info</name>
         <load_address>0x2f76</load_address>
         <run_address>0x2f76</run_address>
         <size>0x18e</size>
         <input_file_ref idref="fl-5"/>
      </object_component>
      <object_component id="oc-e3">
         <name>.debug_info</name>
         <load_address>0x3104</load_address>
         <run_address>0x3104</run_address>
         <size>0x1b4</size>
         <input_file_ref idref="fl-4"/>
      </object_component>
      <object_component id="oc-e9">
         <name>.debug_info</name>
         <load_address>0x32b8</load_address>
         <run_address>0x32b8</run_address>
         <size>0x17e</size>
         <input_file_ref idref="fl-5"/>
      </object_component>
      <object_component id="oc-f1">
         <name>.debug_info</name>
         <load_address>0x3436</load_address>
         <run_address>0x3436</run_address>
         <size>0x1e5</size>
         <input_file_ref idref="fl-5"/>
      </object_component>
      <object_component id="oc-fa">
         <name>.debug_info</name>
         <load_address>0x361b</load_address>
         <run_address>0x361b</run_address>
         <size>0x179</size>
         <input_file_ref idref="fl-3c"/>
      </object_component>
      <object_component id="oc-101">
         <name>.debug_info</name>
         <load_address>0x3794</load_address>
         <run_address>0x3794</run_address>
         <size>0x280</size>
         <input_file_ref idref="fl-54"/>
      </object_component>
      <object_component id="oc-10a">
         <name>.debug_info</name>
         <load_address>0x3a14</load_address>
         <run_address>0x3a14</run_address>
         <size>0x208</size>
         <input_file_ref idref="fl-33"/>
      </object_component>
      <object_component id="oc-10f">
         <name>.debug_info</name>
         <load_address>0x3c1c</load_address>
         <run_address>0x3c1c</run_address>
         <size>0x1ae</size>
         <input_file_ref idref="fl-3b"/>
      </object_component>
      <object_component id="oc-116">
         <name>.debug_info</name>
         <load_address>0x3dca</load_address>
         <run_address>0x3dca</run_address>
         <size>0x1bc</size>
         <input_file_ref idref="fl-7"/>
      </object_component>
      <object_component id="oc-119">
         <name>.debug_info</name>
         <load_address>0x3f86</load_address>
         <run_address>0x3f86</run_address>
         <size>0xd4</size>
         <input_file_ref idref="fl-48"/>
      </object_component>
      <object_component id="oc-11e">
         <name>.debug_info</name>
         <load_address>0x405a</load_address>
         <run_address>0x405a</run_address>
         <size>0xd4</size>
         <input_file_ref idref="fl-4c"/>
      </object_component>
      <object_component id="oc-123">
         <name>.debug_info</name>
         <load_address>0x412e</load_address>
         <run_address>0x412e</run_address>
         <size>0xd4</size>
         <input_file_ref idref="fl-4b"/>
      </object_component>
      <object_component id="oc-129">
         <name>.debug_info</name>
         <load_address>0x4202</load_address>
         <run_address>0x4202</run_address>
         <size>0xe0</size>
         <input_file_ref idref="fl-49"/>
      </object_component>
      <object_component id="oc-12e">
         <name>.debug_info</name>
         <load_address>0x42e2</load_address>
         <run_address>0x42e2</run_address>
         <size>0xe2</size>
         <input_file_ref idref="fl-4d"/>
      </object_component>
      <object_component id="oc-134">
         <name>.debug_info</name>
         <load_address>0x43c4</load_address>
         <run_address>0x43c4</run_address>
         <size>0x1e8</size>
         <input_file_ref idref="fl-4"/>
      </object_component>
      <object_component id="oc-13a">
         <name>.debug_info</name>
         <load_address>0x45ac</load_address>
         <run_address>0x45ac</run_address>
         <size>0xd3</size>
         <input_file_ref idref="fl-4e"/>
      </object_component>
      <object_component id="oc-13f">
         <name>.debug_info</name>
         <load_address>0x467f</load_address>
         <run_address>0x467f</run_address>
         <size>0x1bd</size>
         <input_file_ref idref="fl-4"/>
      </object_component>
      <object_component id="oc-14b">
         <name>.debug_info</name>
         <load_address>0x483c</load_address>
         <run_address>0x483c</run_address>
         <size>0x251</size>
         <input_file_ref idref="fl-4"/>
      </object_component>
      <object_component id="oc-14e">
         <name>.debug_info</name>
         <load_address>0x4a8d</load_address>
         <run_address>0x4a8d</run_address>
         <size>0x247</size>
         <input_file_ref idref="fl-4"/>
      </object_component>
      <object_component id="oc-162">
         <name>.debug_info</name>
         <load_address>0x4cd4</load_address>
         <run_address>0x4cd4</run_address>
         <size>0xdd</size>
         <input_file_ref idref="fl-4a"/>
      </object_component>
      <object_component id="oc-167">
         <name>.debug_info</name>
         <load_address>0x4db1</load_address>
         <run_address>0x4db1</run_address>
         <size>0x234</size>
         <input_file_ref idref="fl-41"/>
      </object_component>
      <object_component id="oc-176">
         <name>.debug_info</name>
         <load_address>0x4fe5</load_address>
         <run_address>0x4fe5</run_address>
         <size>0x1e2</size>
         <input_file_ref idref="fl-35"/>
      </object_component>
      <object_component id="oc-17c">
         <name>.debug_info</name>
         <load_address>0x51c7</load_address>
         <run_address>0x51c7</run_address>
         <size>0x148</size>
         <input_file_ref idref="fl-5b"/>
      </object_component>
      <object_component id="oc-183">
         <name>.debug_info</name>
         <load_address>0x530f</load_address>
         <run_address>0x530f</run_address>
         <size>0xd3</size>
         <input_file_ref idref="fl-34"/>
      </object_component>
      <object_component id="oc-188">
         <name>.debug_info</name>
         <load_address>0x53e2</load_address>
         <run_address>0x53e2</run_address>
         <size>0xd9</size>
         <input_file_ref idref="fl-60"/>
      </object_component>
      <object_component id="oc-18d">
         <name>.debug_info</name>
         <load_address>0x54bb</load_address>
         <run_address>0x54bb</run_address>
         <size>0x1a8</size>
         <input_file_ref idref="fl-3c"/>
      </object_component>
      <object_component id="oc-18e">
         <name>.debug_info</name>
         <load_address>0x5663</load_address>
         <run_address>0x5663</run_address>
         <size>0xdb</size>
         <input_file_ref idref="fl-3b"/>
      </object_component>
      <object_component id="oc-194">
         <name>.debug_info</name>
         <load_address>0x573e</load_address>
         <run_address>0x573e</run_address>
         <size>0x381</size>
         <input_file_ref idref="fl-62"/>
      </object_component>
      <object_component id="oc-19a">
         <name>.debug_info</name>
         <load_address>0x5abf</load_address>
         <run_address>0x5abf</run_address>
         <size>0x1c2</size>
         <input_file_ref idref="fl-54"/>
      </object_component>
      <object_component id="oc-19b">
         <name>.debug_info</name>
         <load_address>0x5c81</load_address>
         <run_address>0x5c81</run_address>
         <size>0x94</size>
         <input_file_ref idref="fl-33"/>
      </object_component>
      <object_component id="oc-1a3">
         <name>.debug_info</name>
         <load_address>0x5d15</load_address>
         <run_address>0x5d15</run_address>
         <size>0x2d3</size>
         <input_file_ref idref="fl-46"/>
      </object_component>
      <object_component id="oc-1a7">
         <name>.debug_info</name>
         <load_address>0x5fe8</load_address>
         <run_address>0x5fe8</run_address>
         <size>0x1c7</size>
         <input_file_ref idref="fl-33"/>
      </object_component>
      <object_component id="oc-1a9">
         <name>.debug_info</name>
         <load_address>0x61af</load_address>
         <run_address>0x61af</run_address>
         <size>0xd9</size>
         <input_file_ref idref="fl-4f"/>
      </object_component>
      <object_component id="oc-1ae">
         <name>.debug_info</name>
         <load_address>0x6288</load_address>
         <run_address>0x6288</run_address>
         <size>0xd3</size>
         <input_file_ref idref="fl-50"/>
      </object_component>
      <object_component id="oc-1b3">
         <name>.debug_info</name>
         <load_address>0x635b</load_address>
         <run_address>0x635b</run_address>
         <size>0x185</size>
         <input_file_ref idref="fl-3b"/>
      </object_component>
      <object_component id="oc-1bc">
         <name>.debug_info</name>
         <load_address>0x64e0</load_address>
         <run_address>0x64e0</run_address>
         <size>0x13c</size>
         <input_file_ref idref="fl-3"/>
      </object_component>
      <object_component id="oc-1c2">
         <name>.debug_info</name>
         <load_address>0x661c</load_address>
         <run_address>0x661c</run_address>
         <size>0x118</size>
         <input_file_ref idref="fl-3"/>
      </object_component>
      <object_component id="oc-1c8">
         <name>.debug_info</name>
         <load_address>0x6734</load_address>
         <run_address>0x6734</run_address>
         <size>0x10a</size>
         <input_file_ref idref="fl-3"/>
      </object_component>
      <object_component id="oc-1ce">
         <name>.debug_info</name>
         <load_address>0x683e</load_address>
         <run_address>0x683e</run_address>
         <size>0x153</size>
         <input_file_ref idref="fl-3"/>
      </object_component>
      <object_component id="oc-1d4">
         <name>.debug_info</name>
         <load_address>0x6991</load_address>
         <run_address>0x6991</run_address>
         <size>0x107</size>
         <input_file_ref idref="fl-3"/>
      </object_component>
      <object_component id="oc-1e1">
         <name>.debug_info</name>
         <load_address>0x6a98</load_address>
         <run_address>0x6a98</run_address>
         <size>0x59e</size>
         <input_file_ref idref="fl-47"/>
      </object_component>
      <object_component id="oc-1e7">
         <name>.debug_info</name>
         <load_address>0x7036</load_address>
         <run_address>0x7036</run_address>
         <size>0x1c2</size>
         <input_file_ref idref="fl-41"/>
      </object_component>
      <object_component id="oc-1e9">
         <name>.debug_info</name>
         <load_address>0x71f8</load_address>
         <run_address>0x71f8</run_address>
         <size>0x102</size>
         <input_file_ref idref="fl-57"/>
      </object_component>
      <object_component id="oc-1ef">
         <name>.debug_info</name>
         <load_address>0x72fa</load_address>
         <run_address>0x72fa</run_address>
         <size>0x193</size>
         <input_file_ref idref="fl-37"/>
      </object_component>
      <object_component id="oc-1f6">
         <name>.debug_info</name>
         <load_address>0x748d</load_address>
         <run_address>0x748d</run_address>
         <size>0x404</size>
         <input_file_ref idref="fl-5c"/>
      </object_component>
      <object_component id="oc-1fb">
         <name>.debug_info</name>
         <load_address>0x7891</load_address>
         <run_address>0x7891</run_address>
         <size>0x19f</size>
         <input_file_ref idref="fl-35"/>
      </object_component>
      <object_component id="oc-1fd">
         <name>.debug_info</name>
         <load_address>0x7a30</load_address>
         <run_address>0x7a30</run_address>
         <size>0x184</size>
         <input_file_ref idref="fl-5b"/>
      </object_component>
      <object_component id="oc-203">
         <name>.debug_info</name>
         <load_address>0x7bb4</load_address>
         <run_address>0x7bb4</run_address>
         <size>0xd9</size>
         <input_file_ref idref="fl-51"/>
      </object_component>
      <object_component id="oc-209">
         <name>.debug_info</name>
         <load_address>0x7c8d</load_address>
         <run_address>0x7c8d</run_address>
         <size>0xd4</size>
         <input_file_ref idref="fl-56"/>
      </object_component>
      <object_component id="oc-20d">
         <name>.debug_info</name>
         <load_address>0x7d61</load_address>
         <run_address>0x7d61</run_address>
         <size>0x1a9</size>
         <input_file_ref idref="fl-62"/>
      </object_component>
      <object_component id="oc-211">
         <name>.debug_info</name>
         <load_address>0x7f0a</load_address>
         <run_address>0x7f0a</run_address>
         <size>0xd3</size>
         <input_file_ref idref="fl-4f"/>
      </object_component>
      <object_component id="oc-216">
         <name>.debug_info</name>
         <load_address>0x7fdd</load_address>
         <run_address>0x7fdd</run_address>
         <size>0xd3</size>
         <input_file_ref idref="fl-51"/>
      </object_component>
      <object_component id="oc-21b">
         <name>.debug_info</name>
         <load_address>0x80b0</load_address>
         <run_address>0x80b0</run_address>
         <size>0xd3</size>
         <input_file_ref idref="fl-60"/>
      </object_component>
      <object_component id="oc-220">
         <name>.debug_info</name>
         <load_address>0x8183</load_address>
         <run_address>0x8183</run_address>
         <size>0x1a3</size>
         <input_file_ref idref="fl-59"/>
      </object_component>
      <object_component id="oc-226">
         <name>.debug_info</name>
         <load_address>0x8326</load_address>
         <run_address>0x8326</run_address>
         <size>0x1bb</size>
         <input_file_ref idref="fl-46"/>
      </object_component>
      <object_component id="oc-22e">
         <name>.debug_info</name>
         <load_address>0x84e1</load_address>
         <run_address>0x84e1</run_address>
         <size>0x169</size>
         <input_file_ref idref="fl-3"/>
      </object_component>
      <object_component id="oc-231">
         <name>.debug_info</name>
         <load_address>0x864a</load_address>
         <run_address>0x864a</run_address>
         <size>0x39b</size>
         <input_file_ref idref="fl-3"/>
      </object_component>
      <object_component id="oc-240">
         <name>.debug_info</name>
         <load_address>0x89e5</load_address>
         <run_address>0x89e5</run_address>
         <size>0xd4</size>
         <input_file_ref idref="fl-55"/>
      </object_component>
      <object_component id="oc-244">
         <name>.debug_info</name>
         <load_address>0x8ab9</load_address>
         <run_address>0x8ab9</run_address>
         <size>0x18d</size>
         <input_file_ref idref="fl-47"/>
      </object_component>
      <object_component id="oc-249">
         <name>.debug_info</name>
         <load_address>0x8c46</load_address>
         <run_address>0x8c46</run_address>
         <size>0x184</size>
         <input_file_ref idref="fl-37"/>
      </object_component>
      <object_component id="oc-24b">
         <name>.debug_info</name>
         <load_address>0x8dca</load_address>
         <run_address>0x8dca</run_address>
         <size>0x189</size>
         <input_file_ref idref="fl-5d"/>
      </object_component>
      <object_component id="oc-24e">
         <name>.debug_info</name>
         <load_address>0x8f53</load_address>
         <run_address>0x8f53</run_address>
         <size>0xa0</size>
         <input_file_ref idref="fl-5c"/>
      </object_component>
      <object_component id="oc-251">
         <name>.debug_info</name>
         <load_address>0x8ff3</load_address>
         <run_address>0x8ff3</run_address>
         <size>0xa0</size>
         <input_file_ref idref="fl-5c"/>
      </object_component>
      <object_component id="oc-254">
         <name>.debug_info</name>
         <load_address>0x9093</load_address>
         <run_address>0x9093</run_address>
         <size>0xa0</size>
         <input_file_ref idref="fl-5c"/>
      </object_component>
      <object_component id="oc-263">
         <name>.debug_info</name>
         <load_address>0x9133</load_address>
         <run_address>0x9133</run_address>
         <size>0x18d</size>
         <input_file_ref idref="fl-59"/>
      </object_component>
      <object_component id="oc-271">
         <name>.debug_info</name>
         <load_address>0x92c0</load_address>
         <run_address>0x92c0</run_address>
         <size>0x86</size>
         <input_file_ref idref="fl-5c"/>
      </object_component>
      <object_component id="oc-278">
         <name>.debug_info</name>
         <load_address>0x9346</load_address>
         <run_address>0x9346</run_address>
         <size>0x1d5</size>
         <input_file_ref idref="fl-5c"/>
      </object_component>
      <object_component id="oc-2ac">
         <name>.debug_info</name>
         <load_address>0x951b</load_address>
         <run_address>0x951b</run_address>
         <size>0x90</size>
      </object_component>
      <object_component id="oc-4">
         <name>.debug_aranges</name>
         <load_address>0x0</load_address>
         <run_address>0x0</run_address>
         <size>0x20</size>
         <input_file_ref idref="fl-36"/>
      </object_component>
      <object_component id="oc-d">
         <name>.debug_aranges</name>
         <load_address>0x20</load_address>
         <run_address>0x20</run_address>
         <size>0x20</size>
         <input_file_ref idref="fl-38"/>
      </object_component>
      <object_component id="oc-10">
         <name>.debug_aranges</name>
         <load_address>0x40</load_address>
         <run_address>0x40</run_address>
         <size>0x20</size>
         <input_file_ref idref="fl-3a"/>
      </object_component>
      <object_component id="oc-16">
         <name>.debug_aranges</name>
         <load_address>0x60</load_address>
         <run_address>0x60</run_address>
         <size>0x20</size>
         <input_file_ref idref="fl-39"/>
      </object_component>
      <object_component id="oc-21">
         <name>.debug_aranges</name>
         <load_address>0x80</load_address>
         <run_address>0x80</run_address>
         <size>0x20</size>
         <input_file_ref idref="fl-58"/>
      </object_component>
      <object_component id="oc-26">
         <name>.debug_aranges</name>
         <load_address>0xa0</load_address>
         <run_address>0xa0</run_address>
         <size>0x20</size>
         <input_file_ref idref="fl-61"/>
      </object_component>
      <object_component id="oc-2c">
         <name>.debug_aranges</name>
         <load_address>0xc0</load_address>
         <run_address>0xc0</run_address>
         <size>0x20</size>
         <input_file_ref idref="fl-7"/>
      </object_component>
      <object_component id="oc-33">
         <name>.debug_aranges</name>
         <load_address>0xe0</load_address>
         <run_address>0xe0</run_address>
         <size>0x20</size>
         <input_file_ref idref="fl-43"/>
      </object_component>
      <object_component id="oc-39">
         <name>.debug_aranges</name>
         <load_address>0x100</load_address>
         <run_address>0x100</run_address>
         <size>0x20</size>
         <input_file_ref idref="fl-52"/>
      </object_component>
      <object_component id="oc-4d">
         <name>.debug_aranges</name>
         <load_address>0x120</load_address>
         <run_address>0x120</run_address>
         <size>0x20</size>
         <input_file_ref idref="fl-39"/>
      </object_component>
      <object_component id="oc-61">
         <name>.debug_aranges</name>
         <load_address>0x140</load_address>
         <run_address>0x140</run_address>
         <size>0x20</size>
         <input_file_ref idref="fl-42"/>
      </object_component>
      <object_component id="oc-69">
         <name>.debug_aranges</name>
         <load_address>0x160</load_address>
         <run_address>0x160</run_address>
         <size>0x20</size>
         <input_file_ref idref="fl-4"/>
      </object_component>
      <object_component id="oc-6f">
         <name>.debug_aranges</name>
         <load_address>0x180</load_address>
         <run_address>0x180</run_address>
         <size>0x20</size>
         <input_file_ref idref="fl-4"/>
      </object_component>
      <object_component id="oc-75">
         <name>.debug_aranges</name>
         <load_address>0x1a0</load_address>
         <run_address>0x1a0</run_address>
         <size>0x20</size>
         <input_file_ref idref="fl-7"/>
      </object_component>
      <object_component id="oc-98">
         <name>.debug_aranges</name>
         <load_address>0x1c0</load_address>
         <run_address>0x1c0</run_address>
         <size>0x20</size>
         <input_file_ref idref="fl-4"/>
      </object_component>
      <object_component id="oc-9e">
         <name>.debug_aranges</name>
         <load_address>0x1e0</load_address>
         <run_address>0x1e0</run_address>
         <size>0x20</size>
         <input_file_ref idref="fl-4"/>
      </object_component>
      <object_component id="oc-a4">
         <name>.debug_aranges</name>
         <load_address>0x200</load_address>
         <run_address>0x200</run_address>
         <size>0x20</size>
         <input_file_ref idref="fl-4"/>
      </object_component>
      <object_component id="oc-aa">
         <name>.debug_aranges</name>
         <load_address>0x220</load_address>
         <run_address>0x220</run_address>
         <size>0x20</size>
         <input_file_ref idref="fl-4"/>
      </object_component>
      <object_component id="oc-b2">
         <name>.debug_aranges</name>
         <load_address>0x240</load_address>
         <run_address>0x240</run_address>
         <size>0x20</size>
         <input_file_ref idref="fl-5"/>
      </object_component>
      <object_component id="oc-b8">
         <name>.debug_aranges</name>
         <load_address>0x260</load_address>
         <run_address>0x260</run_address>
         <size>0x20</size>
         <input_file_ref idref="fl-7"/>
      </object_component>
      <object_component id="oc-be">
         <name>.debug_aranges</name>
         <load_address>0x280</load_address>
         <run_address>0x280</run_address>
         <size>0x20</size>
         <input_file_ref idref="fl-7"/>
      </object_component>
      <object_component id="oc-c7">
         <name>.debug_aranges</name>
         <load_address>0x2a0</load_address>
         <run_address>0x2a0</run_address>
         <size>0x20</size>
         <input_file_ref idref="fl-4"/>
      </object_component>
      <object_component id="oc-d5">
         <name>.debug_aranges</name>
         <load_address>0x2c0</load_address>
         <run_address>0x2c0</run_address>
         <size>0x20</size>
         <input_file_ref idref="fl-4"/>
      </object_component>
      <object_component id="oc-e4">
         <name>.debug_aranges</name>
         <load_address>0x2e0</load_address>
         <run_address>0x2e0</run_address>
         <size>0x20</size>
         <input_file_ref idref="fl-4"/>
      </object_component>
      <object_component id="oc-ea">
         <name>.debug_aranges</name>
         <load_address>0x300</load_address>
         <run_address>0x300</run_address>
         <size>0x20</size>
         <input_file_ref idref="fl-5"/>
      </object_component>
      <object_component id="oc-f2">
         <name>.debug_aranges</name>
         <load_address>0x320</load_address>
         <run_address>0x320</run_address>
         <size>0x20</size>
         <input_file_ref idref="fl-5"/>
      </object_component>
      <object_component id="oc-fb">
         <name>.debug_aranges</name>
         <load_address>0x340</load_address>
         <run_address>0x340</run_address>
         <size>0x20</size>
         <input_file_ref idref="fl-3c"/>
      </object_component>
      <object_component id="oc-102">
         <name>.debug_aranges</name>
         <load_address>0x360</load_address>
         <run_address>0x360</run_address>
         <size>0x28</size>
         <input_file_ref idref="fl-54"/>
      </object_component>
      <object_component id="oc-109">
         <name>.debug_aranges</name>
         <load_address>0x388</load_address>
         <run_address>0x388</run_address>
         <size>0x20</size>
         <input_file_ref idref="fl-33"/>
      </object_component>
      <object_component id="oc-110">
         <name>.debug_aranges</name>
         <load_address>0x3a8</load_address>
         <run_address>0x3a8</run_address>
         <size>0x20</size>
         <input_file_ref idref="fl-3b"/>
      </object_component>
      <object_component id="oc-11a">
         <name>.debug_aranges</name>
         <load_address>0x3c8</load_address>
         <run_address>0x3c8</run_address>
         <size>0x20</size>
         <input_file_ref idref="fl-48"/>
      </object_component>
      <object_component id="oc-11f">
         <name>.debug_aranges</name>
         <load_address>0x3e8</load_address>
         <run_address>0x3e8</run_address>
         <size>0x20</size>
         <input_file_ref idref="fl-4c"/>
      </object_component>
      <object_component id="oc-124">
         <name>.debug_aranges</name>
         <load_address>0x408</load_address>
         <run_address>0x408</run_address>
         <size>0x20</size>
         <input_file_ref idref="fl-4b"/>
      </object_component>
      <object_component id="oc-12b">
         <name>.debug_aranges</name>
         <load_address>0x428</load_address>
         <run_address>0x428</run_address>
         <size>0x20</size>
         <input_file_ref idref="fl-49"/>
      </object_component>
      <object_component id="oc-12f">
         <name>.debug_aranges</name>
         <load_address>0x448</load_address>
         <run_address>0x448</run_address>
         <size>0x20</size>
         <input_file_ref idref="fl-4d"/>
      </object_component>
      <object_component id="oc-135">
         <name>.debug_aranges</name>
         <load_address>0x468</load_address>
         <run_address>0x468</run_address>
         <size>0x20</size>
         <input_file_ref idref="fl-4"/>
      </object_component>
      <object_component id="oc-13b">
         <name>.debug_aranges</name>
         <load_address>0x488</load_address>
         <run_address>0x488</run_address>
         <size>0x20</size>
         <input_file_ref idref="fl-4e"/>
      </object_component>
      <object_component id="oc-140">
         <name>.debug_aranges</name>
         <load_address>0x4a8</load_address>
         <run_address>0x4a8</run_address>
         <size>0x20</size>
         <input_file_ref idref="fl-4"/>
      </object_component>
      <object_component id="oc-14f">
         <name>.debug_aranges</name>
         <load_address>0x4c8</load_address>
         <run_address>0x4c8</run_address>
         <size>0x20</size>
         <input_file_ref idref="fl-4"/>
      </object_component>
      <object_component id="oc-163">
         <name>.debug_aranges</name>
         <load_address>0x4e8</load_address>
         <run_address>0x4e8</run_address>
         <size>0x20</size>
         <input_file_ref idref="fl-4a"/>
      </object_component>
      <object_component id="oc-168">
         <name>.debug_aranges</name>
         <load_address>0x508</load_address>
         <run_address>0x508</run_address>
         <size>0x20</size>
         <input_file_ref idref="fl-41"/>
      </object_component>
      <object_component id="oc-177">
         <name>.debug_aranges</name>
         <load_address>0x528</load_address>
         <run_address>0x528</run_address>
         <size>0x28</size>
         <input_file_ref idref="fl-35"/>
      </object_component>
      <object_component id="oc-17d">
         <name>.debug_aranges</name>
         <load_address>0x550</load_address>
         <run_address>0x550</run_address>
         <size>0x20</size>
         <input_file_ref idref="fl-5b"/>
      </object_component>
      <object_component id="oc-184">
         <name>.debug_aranges</name>
         <load_address>0x570</load_address>
         <run_address>0x570</run_address>
         <size>0x20</size>
         <input_file_ref idref="fl-34"/>
      </object_component>
      <object_component id="oc-189">
         <name>.debug_aranges</name>
         <load_address>0x590</load_address>
         <run_address>0x590</run_address>
         <size>0x20</size>
         <input_file_ref idref="fl-60"/>
      </object_component>
      <object_component id="oc-195">
         <name>.debug_aranges</name>
         <load_address>0x5b0</load_address>
         <run_address>0x5b0</run_address>
         <size>0x30</size>
         <input_file_ref idref="fl-62"/>
      </object_component>
      <object_component id="oc-1a4">
         <name>.debug_aranges</name>
         <load_address>0x5e0</load_address>
         <run_address>0x5e0</run_address>
         <size>0x20</size>
         <input_file_ref idref="fl-46"/>
      </object_component>
      <object_component id="oc-1aa">
         <name>.debug_aranges</name>
         <load_address>0x600</load_address>
         <run_address>0x600</run_address>
         <size>0x20</size>
         <input_file_ref idref="fl-4f"/>
      </object_component>
      <object_component id="oc-1af">
         <name>.debug_aranges</name>
         <load_address>0x620</load_address>
         <run_address>0x620</run_address>
         <size>0x20</size>
         <input_file_ref idref="fl-50"/>
      </object_component>
      <object_component id="oc-1bd">
         <name>.debug_aranges</name>
         <load_address>0x640</load_address>
         <run_address>0x640</run_address>
         <size>0x20</size>
         <input_file_ref idref="fl-3"/>
      </object_component>
      <object_component id="oc-1c3">
         <name>.debug_aranges</name>
         <load_address>0x660</load_address>
         <run_address>0x660</run_address>
         <size>0x20</size>
         <input_file_ref idref="fl-3"/>
      </object_component>
      <object_component id="oc-1c9">
         <name>.debug_aranges</name>
         <load_address>0x680</load_address>
         <run_address>0x680</run_address>
         <size>0x20</size>
         <input_file_ref idref="fl-3"/>
      </object_component>
      <object_component id="oc-1cf">
         <name>.debug_aranges</name>
         <load_address>0x6a0</load_address>
         <run_address>0x6a0</run_address>
         <size>0x20</size>
         <input_file_ref idref="fl-3"/>
      </object_component>
      <object_component id="oc-1d5">
         <name>.debug_aranges</name>
         <load_address>0x6c0</load_address>
         <run_address>0x6c0</run_address>
         <size>0x20</size>
         <input_file_ref idref="fl-3"/>
      </object_component>
      <object_component id="oc-1e3">
         <name>.debug_aranges</name>
         <load_address>0x6e0</load_address>
         <run_address>0x6e0</run_address>
         <size>0x28</size>
         <input_file_ref idref="fl-47"/>
      </object_component>
      <object_component id="oc-1ea">
         <name>.debug_aranges</name>
         <load_address>0x708</load_address>
         <run_address>0x708</run_address>
         <size>0x20</size>
         <input_file_ref idref="fl-57"/>
      </object_component>
      <object_component id="oc-1f0">
         <name>.debug_aranges</name>
         <load_address>0x728</load_address>
         <run_address>0x728</run_address>
         <size>0x20</size>
         <input_file_ref idref="fl-37"/>
      </object_component>
      <object_component id="oc-1f7">
         <name>.debug_aranges</name>
         <load_address>0x748</load_address>
         <run_address>0x748</run_address>
         <size>0x58</size>
         <input_file_ref idref="fl-5c"/>
      </object_component>
      <object_component id="oc-204">
         <name>.debug_aranges</name>
         <load_address>0x7a0</load_address>
         <run_address>0x7a0</run_address>
         <size>0x20</size>
         <input_file_ref idref="fl-51"/>
      </object_component>
      <object_component id="oc-20b">
         <name>.debug_aranges</name>
         <load_address>0x7c0</load_address>
         <run_address>0x7c0</run_address>
         <size>0x20</size>
         <input_file_ref idref="fl-56"/>
      </object_component>
      <object_component id="oc-212">
         <name>.debug_aranges</name>
         <load_address>0x7e0</load_address>
         <run_address>0x7e0</run_address>
         <size>0x20</size>
         <input_file_ref idref="fl-4f"/>
      </object_component>
      <object_component id="oc-217">
         <name>.debug_aranges</name>
         <load_address>0x800</load_address>
         <run_address>0x800</run_address>
         <size>0x20</size>
         <input_file_ref idref="fl-51"/>
      </object_component>
      <object_component id="oc-21c">
         <name>.debug_aranges</name>
         <load_address>0x820</load_address>
         <run_address>0x820</run_address>
         <size>0x20</size>
         <input_file_ref idref="fl-60"/>
      </object_component>
      <object_component id="oc-221">
         <name>.debug_aranges</name>
         <load_address>0x840</load_address>
         <run_address>0x840</run_address>
         <size>0x20</size>
         <input_file_ref idref="fl-59"/>
      </object_component>
      <object_component id="oc-241">
         <name>.debug_aranges</name>
         <load_address>0x860</load_address>
         <run_address>0x860</run_address>
         <size>0x20</size>
         <input_file_ref idref="fl-55"/>
      </object_component>
      <object_component id="oc-5">
         <name>.debug_pubnames</name>
         <load_address>0x0</load_address>
         <run_address>0x0</run_address>
         <size>0x26</size>
         <input_file_ref idref="fl-36"/>
      </object_component>
      <object_component id="oc-c">
         <name>.debug_pubnames</name>
         <load_address>0x26</load_address>
         <run_address>0x26</run_address>
         <size>0x2b</size>
         <input_file_ref idref="fl-38"/>
      </object_component>
      <object_component id="oc-11">
         <name>.debug_pubnames</name>
         <load_address>0x51</load_address>
         <run_address>0x51</run_address>
         <size>0x25</size>
         <input_file_ref idref="fl-3a"/>
      </object_component>
      <object_component id="oc-17">
         <name>.debug_pubnames</name>
         <load_address>0x76</load_address>
         <run_address>0x76</run_address>
         <size>0x2c</size>
         <input_file_ref idref="fl-39"/>
      </object_component>
      <object_component id="oc-1c">
         <name>.debug_pubnames</name>
         <load_address>0xa2</load_address>
         <run_address>0xa2</run_address>
         <size>0x1d</size>
         <input_file_ref idref="fl-36"/>
      </object_component>
      <object_component id="oc-20">
         <name>.debug_pubnames</name>
         <load_address>0xbf</load_address>
         <run_address>0xbf</run_address>
         <size>0x27</size>
         <input_file_ref idref="fl-58"/>
      </object_component>
      <object_component id="oc-27">
         <name>.debug_pubnames</name>
         <load_address>0xe6</load_address>
         <run_address>0xe6</run_address>
         <size>0x21</size>
         <input_file_ref idref="fl-61"/>
      </object_component>
      <object_component id="oc-2d">
         <name>.debug_pubnames</name>
         <load_address>0x107</load_address>
         <run_address>0x107</run_address>
         <size>0x1b</size>
         <input_file_ref idref="fl-7"/>
      </object_component>
      <object_component id="oc-34">
         <name>.debug_pubnames</name>
         <load_address>0x122</load_address>
         <run_address>0x122</run_address>
         <size>0x1c</size>
         <input_file_ref idref="fl-43"/>
      </object_component>
      <object_component id="oc-3a">
         <name>.debug_pubnames</name>
         <load_address>0x13e</load_address>
         <run_address>0x13e</run_address>
         <size>0x1d</size>
[...]
      </symbol>
      <symbol id="sm-287">
         <name>C$$EXIT</name>
         <value>0x27a4</value>
         <object_component_ref idref="oc-30"/>
      </symbol>
      <symbol id="sm-288">
         <name>abort</name>
         <value>0x27a4</value>
         <object_component_ref idref="oc-30"/>
      </symbol>
      <symbol id="sm-2ab">
         <name>__TI_frcaddd</name>
         <value>0x118a</value>
         <object_component_ref idref="oc-1a0"/>
      </symbol>
      <symbol id="sm-2c6">
         <name>__TI_frcdivd</name>
         <value>0x200</value>
         <object_component_ref idref="oc-1e0"/>
      </symbol>
      <symbol id="sm-2e1">
         <name>__mspabi_subf</name>
         <value>0x1836</value>
         <object_component_ref idref="oc-118"/>
      </symbol>
      <symbol id="sm-2e2">
         <name>__mspabi_addf</name>
         <value>0x183c</value>
         <object_component_ref idref="oc-118"/>
      </symbol>
      <symbol id="sm-2f2">
         <name>__mspabi_cmpf</name>
         <value>0x22a6</value>
         <object_component_ref idref="oc-128"/>
      </symbol>
      <symbol id="sm-2ff">
         <name>__mspabi_fltif</name>
         <value>0x24b8</value>
         <object_component_ref idref="oc-161"/>
      </symbol>
      <symbol id="sm-316">
         <name>__mspabi_mpyf</name>
         <value>0x1b40</value>
         <object_component_ref idref="oc-122"/>
      </symbol>
      <symbol id="sm-31f">
         <name>__mspabi_negf</name>
         <value>0x2790</value>
         <object_component_ref idref="oc-11d"/>
      </symbol>
      <symbol id="sm-32e">
         <name>__mspabi_fixfu</name>
         <value>0x2338</value>
         <object_component_ref idref="oc-12d"/>
      </symbol>
      <symbol id="sm-336">
         <name>__mspabi_slli</name>
         <value>0x25a8</value>
         <object_component_ref idref="oc-139"/>
      </symbol>
      <symbol id="sm-337">
         <name>__mspabi_slli_9</name>
         <value>0x25c0</value>
         <object_component_ref idref="oc-139"/>
      </symbol>
      <symbol id="sm-338">
         <name>__mspabi_slli_8</name>
         <value>0x25c2</value>
         <object_component_ref idref="oc-139"/>
      </symbol>
      <symbol id="sm-339">
         <name>__mspabi_slli_7</name>
         <value>0x25c4</value>
         <object_component_ref idref="oc-139"/>
      </symbol>
      <symbol id="sm-33a">
         <name>__mspabi_slli_6</name>
         <value>0x25c6</value>
         <object_component_ref idref="oc-139"/>
      </symbol>
      <symbol id="sm-33b">
         <name>__mspabi_slli_5</name>
         <value>0x25c8</value>
         <object_component_ref idref="oc-139"/>
      </symbol>
      <symbol id="sm-33c">
         <name>__mspabi_slli_4</name>
         <value>0x25ca</value>
         <object_component_ref idref="oc-139"/>
      </symbol>
      <symbol id="sm-33d">
         <name>__mspabi_slli_3</name>
         <value>0x25cc</value>
         <object_component_ref idref="oc-139"/>
      </symbol>
      <symbol id="sm-33e">
         <name>__mspabi_slli_2</name>
         <value>0x25ce</value>
         <object_component_ref idref="oc-139"/>
      </symbol>
      <symbol id="sm-33f">
         <name>__mspabi_slli_1</name>
         <value>0x25d0</value>
         <object_component_ref idref="oc-139"/>
      </symbol>
      <symbol id="sm-340">
         <name>__mspabi_slli_15</name>
         <value>0x25b4</value>
         <object_component_ref idref="oc-139"/>
      </symbol>
      <symbol id="sm-341">
         <name>__mspabi_slli_14</name>
         <value>0x25b6</value>
         <object_component_ref idref="oc-139"/>
      </symbol>
      <symbol id="sm-342">
         <name>__mspabi_slli_13</name>
         <value>0x25b8</value>
         <object_component_ref idref="oc-139"/>
      </symbol>
      <symbol id="sm-343">
         <name>__mspabi_slli_12</name>
         <value>0x25ba</value>
         <object_component_ref idref="oc-139"/>
      </symbol>
      <symbol id="sm-344">
         <name>__mspabi_slli_11</name>
         <value>0x25bc</value>
         <object_component_ref idref="oc-139"/>
      </symbol>
      <symbol id="sm-345">
         <name>__mspabi_slli_10</name>
         <value>0x25be</value>
         <object_component_ref idref="oc-139"/>
      </symbol>
      <symbol id="sm-355">
         <name>__mspabi_slll_9</name>
         <value>0x2456</value>
         <object_component_ref idref="oc-1a8"/>
      </symbol>
      <symbol id="sm-356">
         <name>__mspabi_slll_8</name>
         <value>0x245a</value>
         <object_component_ref idref="oc-1a8"/>
      </symbol>
      <symbol id="sm-357">
         <name>__mspabi_slll_7</name>
         <value>0x245e</value>
         <object_component_ref idref="oc-1a8"/>
      </symbol>
      <symbol id="sm-358">
         <name>__mspabi_slll_6</name>
         <value>0x2462</value>
         <object_component_ref idref="oc-1a8"/>
      </symbol>
      <symbol id="sm-359">
         <name>__mspabi_slll_5</name>
         <value>0x2466</value>
         <object_component_ref idref="oc-1a8"/>
      </symbol>
      <symbol id="sm-35a">
         <name>__mspabi_slll_4</name>
         <value>0x246a</value>
         <object_component_ref idref="oc-1a8"/>
      </symbol>
      <symbol id="sm-35b">
         <name>__mspabi_slll_3</name>
         <value>0x246e</value>
         <object_component_ref idref="oc-1a8"/>
      </symbol>
      <symbol id="sm-35c">
         <name>__mspabi_slll_2</name>
         <value>0x2472</value>
         <object_component_ref idref="oc-1a8"/>
      </symbol>
      <symbol id="sm-35d">
         <name>__mspabi_slll_1</name>
         <value>0x2476</value>
         <object_component_ref idref="oc-1a8"/>
      </symbol>
      <symbol id="sm-35e">
         <name>__mspabi_slll</name>
         <value>0x2746</value>
         <object_component_ref idref="oc-210"/>
      </symbol>
      <symbol id="sm-35f">
         <name>__mspabi_slll_15</name>
         <value>0x243e</value>
         <object_component_ref idref="oc-1a8"/>
      </symbol>
      <symbol id="sm-360">
         <name>__mspabi_slll_14</name>
         <value>0x2442</value>
         <object_component_ref idref="oc-1a8"/>
      </symbol>
      <symbol id="sm-361">
         <name>__mspabi_slll_13</name>
         <value>0x2446</value>
         <object_component_ref idref="oc-1a8"/>
      </symbol>
      <symbol id="sm-362">
         <name>__mspabi_slll_12</name>
         <value>0x244a</value>
         <object_component_ref idref="oc-1a8"/>
      </symbol>
      <symbol id="sm-363">
         <name>__mspabi_slll_11</name>
         <value>0x244e</value>
         <object_component_ref idref="oc-1a8"/>
      </symbol>
      <symbol id="sm-364">
         <name>__mspabi_slll_10</name>
         <value>0x2452</value>
         <object_component_ref idref="oc-1a8"/>
      </symbol>
      <symbol id="sm-36c">
         <name>__mspabi_srli_8</name>
         <value>0x2284</value>
         <object_component_ref idref="oc-1ad"/>
      </symbol>
      <symbol id="sm-36d">
         <name>__mspabi_srli_9</name>
         <value>0x2280</value>
         <object_component_ref idref="oc-1ad"/>
      </symbol>
      <symbol id="sm-36e">
         <name>__mspabi_srli_6</name>
         <value>0x228c</value>
         <object_component_ref idref="oc-1ad"/>
      </symbol>
      <symbol id="sm-36f">
         <name>__mspabi_srli_7</name>
         <value>0x2288</value>
         <object_component_ref idref="oc-1ad"/>
      </symbol>
      <symbol id="sm-370">
         <name>__mspabi_srli_4</name>
         <value>0x2294</value>
         <object_component_ref idref="oc-1ad"/>
      </symbol>
      <symbol id="sm-371">
         <name>__mspabi_srli_5</name>
         <value>0x2290</value>
         <object_component_ref idref="oc-1ad"/>
      </symbol>
      <symbol id="sm-372">
         <name>__mspabi_srli_2</name>
         <value>0x229c</value>
         <object_component_ref idref="oc-1ad"/>
      </symbol>
      <symbol id="sm-373">
         <name>__mspabi_srli_3</name>
         <value>0x2298</value>
         <object_component_ref idref="oc-1ad"/>
      </symbol>
      <symbol id="sm-374">
         <name>__mspabi_srli_1</name>
         <value>0x22a0</value>
         <object_component_ref idref="oc-1ad"/>
      </symbol>
      <symbol id="sm-375">
         <name>__mspabi_srli</name>
         <value>0x225a</value>
         <object_component_ref idref="oc-1ad"/>
      </symbol>
      <symbol id="sm-376">
         <name>__mspabi_srli_15</name>
         <value>0x2268</value>
         <object_component_ref idref="oc-1ad"/>
      </symbol>
      <symbol id="sm-377">
         <name>__mspabi_srli_14</name>
         <value>0x226c</value>
         <object_component_ref idref="oc-1ad"/>
      </symbol>
      <symbol id="sm-378">
         <name>__mspabi_srli_13</name>
         <value>0x2270</value>
         <object_component_ref idref="oc-1ad"/>
      </symbol>
      <symbol id="sm-379">
         <name>__mspabi_srli_12</name>
         <value>0x2274</value>
         <object_component_ref idref="oc-1ad"/>
      </symbol>
      <symbol id="sm-37a">
         <name>__mspabi_srli_11</name>
         <value>0x2278</value>
         <object_component_ref idref="oc-1ad"/>
      </symbol>
      <symbol id="sm-37b">
         <name>__mspabi_srli_10</name>
         <value>0x227c</value>
         <object_component_ref idref="oc-1ad"/>
      </symbol>
      <symbol id="sm-38b">
         <name>__mspabi_srll_8</name>
         <value>0x20d6</value>
         <object_component_ref idref="oc-202"/>
      </symbol>
      <symbol id="sm-38c">
         <name>__mspabi_srll_9</name>
         <value>0x20d0</value>
         <object_component_ref idref="oc-202"/>
      </symbol>
      <symbol id="sm-38d">
         <name>__mspabi_srll_6</name>
         <value>0x20e2</value>
         <object_component_ref idref="oc-202"/>
      </symbol>
      <symbol id="sm-38e">
         <name>__mspabi_srll_7</name>
         <value>0x20dc</value>
         <object_component_ref idref="oc-202"/>
      </symbol>
      <symbol id="sm-38f">
         <name>__mspabi_srll_4</name>
         <value>0x20ee</value>
         <object_component_ref idref="oc-202"/>
      </symbol>
      <symbol id="sm-390">
         <name>__mspabi_srll_5</name>
         <value>0x20e8</value>
         <object_component_ref idref="oc-202"/>
      </symbol>
      <symbol id="sm-391">
         <name>__mspabi_srll_2</name>
         <value>0x20fa</value>
         <object_component_ref idref="oc-202"/>
      </symbol>
      <symbol id="sm-392">
         <name>__mspabi_srll_3</name>
         <value>0x20f4</value>
         <object_component_ref idref="oc-202"/>
      </symbol>
      <symbol id="sm-393">
         <name>__mspabi_srll_1</name>
         <value>0x2100</value>
         <object_component_ref idref="oc-202"/>
      </symbol>
      <symbol id="sm-394">
         <name>__mspabi_srll_15</name>
         <value>0x20ac</value>
         <object_component_ref idref="oc-202"/>
      </symbol>
      <symbol id="sm-395">
         <name>__mspabi_srll_14</name>
         <value>0x20b2</value>
         <object_component_ref idref="oc-202"/>
      </symbol>
      <symbol id="sm-396">
         <name>__mspabi_srll_13</name>
         <value>0x20b8</value>
         <object_component_ref idref="oc-202"/>
      </symbol>
      <symbol id="sm-397">
         <name>__mspabi_srll_12</name>
         <value>0x20be</value>
         <object_component_ref idref="oc-202"/>
      </symbol>
      <symbol id="sm-398">
         <name>__mspabi_srll_11</name>
         <value>0x20c4</value>
         <object_component_ref idref="oc-202"/>
      </symbol>
      <symbol id="sm-399">
         <name>__mspabi_srll_10</name>
         <value>0x20ca</value>
         <object_component_ref idref="oc-202"/>
      </symbol>
      <symbol id="sm-39a">
         <name>__mspabi_srll</name>
         <value>0x2712</value>
         <object_component_ref idref="oc-215"/>
      </symbol>
      <symbol id="sm-3a8">
         <name>memcpy</name>
         <value>0x2724</value>
         <object_component_ref idref="oc-37"/>
      </symbol>
      <symbol id="sm-3cb">
         <name>__mspabi_mpyd</name>
         <value>0xf1c</value>
         <object_component_ref idref="oc-100"/>
      </symbol>
      <symbol id="sm-3d5">
         <name>__mspabi_mpyi</name>
         <value>0x26d8</value>
         <object_component_ref idref="oc-23e"/>
      </symbol>
      <symbol id="sm-3df">
         <name>__mspabi_mpyl</name>
         <value>0x25fe</value>
         <object_component_ref idref="oc-207"/>
      </symbol>
      <symbol id="sm-3e8">
         <name>__mspabi_negd</name>
         <value>0x25d4</value>
         <object_component_ref idref="oc-1e8"/>
      </symbol>
      <symbol id="sm-3f1">
         <name>_system_pre_init</name>
         <value>0x27a0</value>
         <object_component_ref idref="oc-1e"/>
      </symbol>
      <symbol id="sm-404">
         <name>__TI_renormd</name>
         <value>0x1c02</value>
         <object_component_ref idref="oc-21f"/>
      </symbol>
      <symbol id="sm-411">
         <name>__mspabi_subd</name>
         <value>0x2522</value>
         <object_component_ref idref="oc-17b"/>
      </symbol>
      <symbol id="sm-440">
         <name>_Atan</name>
         <value>0xc3e</value>
         <object_component_ref idref="oc-1f4"/>
      </symbol>
      <symbol id="sm-447">
         <name>_Rteps</name>
         <value>0x2808</value>
         <object_component_ref idref="oc-24a"/>
      </symbol>
      <symbol id="sm-448">
         <name>_Zero</name>
         <value>0x2820</value>
         <object_component_ref idref="oc-24a"/>
      </symbol>
      <symbol id="sm-449">
         <name>_Hugeval</name>
         <value>0x27c8</value>
         <object_component_ref idref="oc-24a"/>
      </symbol>
      <symbol id="sm-44a">
         <name>_Snan</name>
         <value>0x27f8</value>
         <object_component_ref idref="oc-24a"/>
      </symbol>
      <symbol id="sm-44b">
         <name>_Nan</name>
         <value>0x27e8</value>
         <object_component_ref idref="oc-24a"/>
      </symbol>
      <symbol id="sm-44c">
         <name>_Inf</name>
         <value>0x27d8</value>
         <object_component_ref idref="oc-24a"/>
      </symbol>
      <symbol id="sm-44d">
         <name>_Xbig</name>
         <value>0x2818</value>
         <object_component_ref idref="oc-24a"/>
      </symbol>
      <symbol id="sm-44e">
         <name>_Eps</name>
         <value>0x27b8</value>
         <object_component_ref idref="oc-24a"/>
      </symbol>
      <symbol id="sm-44f">
         <name>_Denorm</name>
         <value>0x27a8</value>
         <object_component_ref idref="oc-24a"/>
      </symbol>
      <symbol id="sm-461">
         <name>__mspabi_sral</name>
         <value>0x2736</value>
         <object_component_ref idref="oc-21a"/>
      </symbol>
      <symbol id="sm-462">
         <name>__mspabi_sral_15</name>
         <value>0x2400</value>
         <object_component_ref idref="oc-187"/>
      </symbol>
      <symbol id="sm-463">
         <name>__mspabi_sral_14</name>
         <value>0x2404</value>
         <object_component_ref idref="oc-187"/>
      </symbol>
      <symbol id="sm-464">
         <name>__mspabi_sral_13</name>
         <value>0x2408</value>
         <object_component_ref idref="oc-187"/>
      </symbol>
      <symbol id="sm-465">
         <name>__mspabi_sral_12</name>
         <value>0x240c</value>
         <object_component_ref idref="oc-187"/>
      </symbol>
      <symbol id="sm-466">
         <name>__mspabi_sral_11</name>
         <value>0x2410</value>
         <object_component_ref idref="oc-187"/>
      </symbol>
      <symbol id="sm-467">
         <name>__mspabi_sral_10</name>
         <value>0x2414</value>
         <object_component_ref idref="oc-187"/>
      </symbol>
      <symbol id="sm-468">
         <name>__mspabi_sral_8</name>
         <value>0x241c</value>
         <object_component_ref idref="oc-187"/>
      </symbol>
      <symbol id="sm-469">
         <name>__mspabi_sral_9</name>
         <value>0x2418</value>
         <object_component_ref idref="oc-187"/>
      </symbol>
      <symbol id="sm-46a">
         <name>__mspabi_sral_6</name>
         <value>0x2424</value>
         <object_component_ref idref="oc-187"/>
      </symbol>
      <symbol id="sm-46b">
         <name>__mspabi_sral_7</name>
         <value>0x2420</value>
         <object_component_ref idref="oc-187"/>
      </symbol>
      <symbol id="sm-46c">
         <name>__mspabi_sral_4</name>
         <value>0x242c</value>
         <object_component_ref idref="oc-187"/>
      </symbol>
      <symbol id="sm-46d">
         <name>__mspabi_sral_5</name>
         <value>0x2428</value>
         <object_component_ref idref="oc-187"/>
      </symbol>
      <symbol id="sm-46e">
         <name>__mspabi_sral_2</name>
         <value>0x2434</value>
         <object_component_ref idref="oc-187"/>
      </symbol>
      <symbol id="sm-46f">
         <name>__mspabi_sral_3</name>
         <value>0x2430</value>
         <object_component_ref idref="oc-187"/>
      </symbol>
      <symbol id="sm-470">
         <name>__mspabi_sral_1</name>
         <value>0x2438</value>
         <object_component_ref idref="oc-187"/>
      </symbol>
      <symbol id="sm-486">
         <name>_auto_init</name>
         <value>0x204e</value>
         <object_component_ref idref="oc-24"/>
      </symbol>
      <symbol id="sm-497">
         <name>__TI_frcmpyd</name>
         <value>0x662</value>
         <object_component_ref idref="oc-193"/>
      </symbol>
      <symbol id="sm-498">
         <name>P1SEL</name>
         <value>0x0</value>
      </symbol>
      <symbol id="sm-499">
         <name>P1SEL2</name>
         <value>0x0</value>
      </symbol>
      <symbol id="sm-49a">
         <name>UCB0BR1</name>
         <value>0x0</value>
      </symbol>
      <symbol id="sm-49b">
         <name>UCB0BR0</name>
         <value>0x0</value>
      </symbol>
      <symbol id="sm-49c">
         <name>UCB0I2CSA</name>
         <value>0x0</value>
      </symbol>
      <symbol id="sm-49d">
         <name>IE2</name>
         <value>0x0</value>
      </symbol>
      <symbol id="sm-49e">
         <name>UCB0CTL0</name>
         <value>0x0</value>
      </symbol>
      <symbol id="sm-49f">
         <name>UCB0CTL1</name>
         <value>0x0</value>
      </symbol>
      <symbol id="sm-4a0">
         <name>P1DIR</name>
         <value>0x0</value>
      </symbol>
      <symbol id="sm-4a1">
         <name>P1OUT</name>
         <value>0x0</value>
      </symbol>
      <symbol id="sm-4a2">
         <name>DCOCTL</name>
         <value>0x0</value>
      </symbol>
      <symbol id="sm-4a3">
         <name>TA0CCR1</name>
         <value>0x0</value>
      </symbol>
      <symbol id="sm-4a4">
         <name>WDTCTL</name>
         <value>0x0</value>
      </symbol>
      <symbol id="sm-4a5">
         <name>CALBC1_12MHZ</name>
         <value>0x0</value>
      </symbol>
      <symbol id="sm-4a6">
         <name>BCSCTL1</name>
         <value>0x0</value>
      </symbol>
      <symbol id="sm-4a7">
         <name>P2OUT</name>
         <value>0x0</value>
      </symbol>
      <symbol id="sm-4a8">
         <name>P2DIR</name>
         <value>0x0</value>
      </symbol>
      <symbol id="sm-4a9">
         <name>CALDCO_12MHZ</name>
         <value>0x0</value>
      </symbol>
      <symbol id="sm-4aa">
         <name>__TI_exit</name>
         <value>0x1</value>
      </symbol>
      <symbol id="sm-4ab">
         <name>__TI_args_main</name>
         <value>0x1</value>
      </symbol>
      <symbol id="sm-4ac">
         <name>__TI_INITARRAY_Base</name>
         <value>0x0</value>
      </symbol>
      <symbol id="sm-4ad">
         <name>__TI_INITARRAY_Limit</name>
         <value>0x0</value>
      </symbol>
   </symbol_table>
   <title>Link errors: red sections failed placement</title>
</link_info>
