******************************************************************************
                  MSP430 Linker PC v4.3.3                      
******************************************************************************
>> Linked Fri May 08 16:01:37 2015

OUTPUT FILE NAME:   <robot.out>
ENTRY POINT SYMBOL: "_c_int00"  address: 00002660


MEMORY CONFIGURATION

         name            origin    length      used     unused   attr    fill
----------------------  --------  ---------  --------  --------  ----  --------
  MEM                   00000200   0000fdfd  000027b6  0000d647  RWIX
  RESET                 0000fffe   0000ffff  00000002  0000fffd  RWIX


SECTION ALLOCATION MAP

 output                                  attributes/
section   page    origin      length       input sections
--------  ----  ----------  ----------   ----------------
.init_array 
*          0    00000200    00000000     UNINITIALIZED

.text      0    00000200    000025a8     
                  00000200    00000462     rts430_eabi.lib : frcdivd.obj (.text:__TI_frcdivd)
                  00000662    000002f4                     : frcmpyd.obj (.text:__TI_frcmpyd)
                  00000956    000002e8                     : addd.obj (.text:__mspabi_addd)
                  00000c3e    000002de                     : xatan.obj (.text:_Atan)
                  00000f1c    0000026e                     : mpyd.obj (.text:__mspabi_mpyd)
                  0000118a    00000260                     : frcaddd.obj (.text:__TI_frcaddd)
                  000013ea    00000238                     : divd.obj (.text:__mspabi_divd)
                  00001622    00000214                     : atan2.obj (.text:atan2)
                  00001836    00000130                     : fs_add.obj (.text)
                  00001966    000000fe     StateEstimate.obj (.text:getAngleEstimate)
                  00001a64    000000dc     rts430_eabi.lib : cmpd.obj (.text:__mspabi_cmpd)
                  00001b40    000000c2                     : fs_mpy.obj (.text)
                  00001c02    000000be                     : renormd.obj (.text:__TI_renormd)
                  00001cc0    000000a2     StateEstimate.obj (.text:getAngularAcceleration)
                  00001d62    0000009a     main.obj (.text:getPIDOutput)
                  00001dfc    00000094     MSP430_MPU6050.obj (.text:getMotion6)
                  00001e90    0000008c     rts430_eabi.lib : cvtdf.obj (.text:__mspabi_cvtdf)
                  00001f1c    0000006c     MSP430_MPU6050.obj (.text:initMPU)
                  00001f88    00000068     rts430_eabi.lib : cvtfd.obj (.text:__mspabi_cvtfd)
                  00001ff0    0000005e                     : copy_decompress_rle.obj (.text:__TI_decompress_rle_core)
                  0000204e    0000005e                     : autoinit.obj (.text:_auto_init)
                  000020ac    0000005c                     : lsr32.obj (.text:l_lsr_const)
                  00002108    0000005c     MSP430_MPU6050.obj (.text:readBytes)
                  00002164    00000054     I2C_MSP430.obj (.text:I2CendTransmission)
                  000021b8    00000052     I2C_MSP430.obj (.text:I2CrequestFrom)
                  0000220a    00000050     MSP430_MPU6050.obj (.text:writeBit)
                  0000225a    0000004c     rts430_eabi.lib : lsr16.obj (.text)
                  000022a6    0000004a                     : fs_cmp.obj (.text)
                  000022f0    00000048     main.obj (.text:setMotorSpeedAndDirection)
                  00002338    00000046     rts430_eabi.lib : fs_tou.obj (.text)
                  0000237e    00000044     main.obj (.text:main)
                  000023c2    0000003e     StateEstimate.obj (.text:getAngularVelocity)
                  00002400    0000003e     rts430_eabi.lib : asr32.obj (.text:l_asr_const)
                  0000243e    0000003e                     : lsl32.obj (.text:l_lsl_const)
                  0000247c    0000003c     MSP430_MPU6050.obj (.text:initializeIMU)
                  000024b8    00000036     rts430_eabi.lib : fs_itof.obj (.text)
                  000024ee    00000034     MSP430_MPU6050.obj (.text:readByte)
                  00002522    0000002e     rts430_eabi.lib : subd.obj (.text:__mspabi_subd)
                  00002550    0000002c     MSP430_MPU6050.obj (.text:msDelay)
                  0000257c    0000002c     rts430_eabi.lib : asr16.obj (.text)
                  000025a8    0000002c                     : lsl16.obj (.text)
                  000025d4    0000002a                     : negd.obj (.text:__mspabi_negd)
                  000025fe    00000026                     : mult32.obj (.text)
                  00002624    00000020     MSP430_MPU6050.obj (.text:writeByte)
                  00002644    0000001c     MSP430_MPU6050.obj (.text:setClockSource)
                  00002660    0000001a     rts430_eabi.lib : boot.obj (.text:_c_int00_noexit)
                  0000267a    0000001a     MSP430_MPU6050.obj (.text:setFullScaleAccelRange)
                  00002694    0000001a     MSP430_MPU6050.obj (.text:setFullScaleGyroRange)
                  000026ae    00000016     I2C_MSP430.obj (.text:I2Cread)
                  000026c4    00000014     rts430_eabi.lib : copy_zero_init.obj (.text:decompress:ZI:__TI_zero_init)
                  000026d8    00000014                     : mult16.obj (.text)
                  000026ec    00000014     MSP430_MPU6050.obj (.text:setSleepEnabled)
                  00002700    00000012     rts430_eabi.lib : copy_decompress_none.obj (.text:decompress:none:__TI_decompress_none)
                  00002712    00000012                     : lsr32.obj (.text:l_lsr)
                  00002724    00000012                     : memcpy.obj (.text:memcpy)
                  00002736    00000010                     : asr32.obj (.text:l_asr)
                  00002746    00000010                     : lsl32.obj (.text:l_lsl)
                  00002756    00000010                     : epilog.obj (.text)
                  00002766    0000000e     I2C_MSP430.obj (.text:I2CbeginTransmission)
                  00002774    0000000e     I2C_MSP430.obj (.text:I2Cwrite)
                  00002782    0000000e     main.obj (.text:loop)
                  00002790    0000000a     rts430_eabi.lib : fs_neg.obj (.text)
                  0000279a    00000006                     : copy_decompress_rle.obj (.text:decompress:rle24:__TI_decompress_rle24)
                  000027a0    00000004                     : pre_init.obj (.text:_system_pre_init)
                  000027a4    00000004                     : exit.obj (.text:abort)

.data      0    000027a8    000000c2     UNINITIALIZED
                  000027a8    00000080     rts430_eabi.lib : xvalues.obj (.data)
                  00002828    0000001e     main.obj (.data)
                  00002846    0000001a     StateEstimate.obj (.data)
                  00002860    0000000a     I2C_MSP430.obj (.data)

.TI.persistent 
*          0    000027a8    00000000     UNINITIALIZED

.const     0    0000286a    00000078     
                  0000286a    00000040     rts430_eabi.lib : xatan.obj (.const:a)
                  000028aa    00000020                     : xatan.obj (.const:c)
                  000028ca    00000018                     : xatan.obj (.const:s)

.bss       0    000028e2    0000003c     UNINITIALIZED
                  000028e2    0000000e     (.common:buffer)
                  000028f0    0000000e     (.common:bufferedDataRX)
                  000028fe    00000006     (.common:bufferedDataOutput)
                  00002904    00000004     (.common:accel_x)
                  00002908    00000004     (.common:accel_z)
                  0000290c    00000004     (.common:angleA)
                  00002910    00000004     (.common:angleG)
                  00002914    00000002     (.common:Bytecount)
                  00002916    00000002     (.common:gx)
                  00002918    00000002     (.common:gy)
                  0000291a    00000002     (.common:gz)
                  0000291c    00000001     (.common:RXByteCtr)
                  0000291d    00000001     (.common:TXByteCtr)

.TI.noinit 
*          0    000028e2    00000000     UNINITIALIZED

.stack     0    00002920    00000050     UNINITIALIZED
                  00002920    00000002     rts430_eabi.lib : boot.obj (.stack)
                  00002922    0000004e     --HOLE--

.cinit     0    00002970    00000048     
                  00002970    00000035     (.cinit..data.load) [load image, compression = rle]
                  000029a5    00000001     --HOLE-- [fill = 0]
                  000029a6    00000006     (__TI_handler_table)
                  000029ac    00000004     (.cinit..bss.load) [load image, compression = zero_init]
                  000029b0    00000008     (__TI_cinit_table)

.reset     0    0000fffe    00000002     
                  0000fffe    00000002     rts430_eabi.lib : boot.obj (.reset)


LINKER GENERATED COPY TABLES

__TI_cinit_table @ 000029b0 records: 2, size/record: 4, table size: 8
	.data: load addr=00002970, load size=00000035 bytes, run addr=000027a8, run size=000000c2 bytes, compression=rle
	.bss: load addr=000029ac, load size=00000004 bytes, run addr=000028e2, run size=0000003c bytes, compression=zero_init


LINKER GENERATED HANDLER TABLE

__TI_handler_table @ 000029a6 records: 3, size/record: 2, table size: 6
	index: 0, handler: __TI_decompress_rle24
	index: 1, handler: __TI_decompress_none
	index: 2, handler: __TI_zero_init


GLOBAL SYMBOLS: SORTED ALPHABETICALLY BY Name 

address    name
--------   ----
UNDEFED    BCSCTL1
000027a4   C$$EXIT
UNDEFED    CALBC1_12MHZ
UNDEFED    CALDCO_12MHZ
UNDEFED    DCOCTL
00002766   I2CbeginTransmission
00002164   I2CendTransmission
000026ae   I2Cread
000021b8   I2CrequestFrom
00002774   I2Cwrite
UNDEFED    IE2
UNDEFED    P1DIR
UNDEFED    P1OUT
UNDEFED    P1SEL
UNDEFED    P1SEL2
UNDEFED    P2DIR
UNDEFED    P2OUT
UNDEFED    TA0CCR1
UNDEFED    UCB0BR0
UNDEFED    UCB0BR1
UNDEFED    UCB0CTL0
UNDEFED    UCB0CTL1
UNDEFED    UCB0I2CSA
UNDEFED    WDTCTL
00000c3e   _Atan
000027a8   _Denorm
000027b8   _Eps
000027c8   _Hugeval
000027d8   _Inf
000027e8   _Nan
00002808   _Rteps
000027f8   _Snan
00002818   _Xbig
00002820   _Zero
00002970   __STACK_END
00000050   __STACK_SIZE
000029b0   __TI_CINIT_Base
000029b8   __TI_CINIT_Limit
000029a6   __TI_Handler_Table_Base
000029ac   __TI_Handler_Table_Limit
UNDEFED    __TI_INITARRAY_Base
UNDEFED    __TI_INITARRAY_Limit
00000001   __TI_args_main
00002700   __TI_decompress_none
0000279a   __TI_decompress_rle24
00000001   __TI_exit
0000118a   __TI_frcaddd
00000200   __TI_frcdivd
00000662   __TI_frcmpyd
00001c02   __TI_renormd
000026c4   __TI_zero_init
ffffffff   __binit__
ffffffff   __c_args__
00000956   __mspabi_addd
0000183c   __mspabi_addf
00001a64   __mspabi_cmpd
000022a6   __mspabi_cmpf
00001e90   __mspabi_cvtdf
00001f88   __mspabi_cvtfd
000013ea   __mspabi_divd
00002338   __mspabi_fixfu
000024b8   __mspabi_fltif
00002762   __mspabi_func_epilog_1
00002760   __mspabi_func_epilog_2
0000275e   __mspabi_func_epilog_3
0000275c   __mspabi_func_epilog_4
0000275a   __mspabi_func_epilog_5
00002758   __mspabi_func_epilog_6
00002756   __mspabi_func_epilog_7
00000f1c   __mspabi_mpyd
00001b40   __mspabi_mpyf
000026d8   __mspabi_mpyi
000025fe   __mspabi_mpyl
000025d4   __mspabi_negd
00002790   __mspabi_negf
000025a8   __mspabi_slli
000025d0   __mspabi_slli_1
000025be   __mspabi_slli_10
000025bc   __mspabi_slli_11
000025ba   __mspabi_slli_12
000025b8   __mspabi_slli_13
000025b6   __mspabi_slli_14
000025b4   __mspabi_slli_15
000025ce   __mspabi_slli_2
000025cc   __mspabi_slli_3
000025ca   __mspabi_slli_4
000025c8   __mspabi_slli_5
000025c6   __mspabi_slli_6
000025c4   __mspabi_slli_7
000025c2   __mspabi_slli_8
000025c0   __mspabi_slli_9
00002746   __mspabi_slll
00002476   __mspabi_slll_1
00002452   __mspabi_slll_10
0000244e   __mspabi_slll_11
0000244a   __mspabi_slll_12
00002446   __mspabi_slll_13
00002442   __mspabi_slll_14
0000243e   __mspabi_slll_15
00002472   __mspabi_slll_2
0000246e   __mspabi_slll_3
0000246a   __mspabi_slll_4
00002466   __mspabi_slll_5
00002462   __mspabi_slll_6
0000245e   __mspabi_slll_7
0000245a   __mspabi_slll_8
00002456   __mspabi_slll_9
0000257c   __mspabi_srai
000025a4   __mspabi_srai_1
00002592   __mspabi_srai_10
00002590   __mspabi_srai_11
0000258e   __mspabi_srai_12
0000258c   __mspabi_srai_13
0000258a   __mspabi_srai_14
00002588   __mspabi_srai_15
000025a2   __mspabi_srai_2
000025a0   __mspabi_srai_3
0000259e   __mspabi_srai_4
0000259c   __mspabi_srai_5
0000259a   __mspabi_srai_6
00002598   __mspabi_srai_7
00002596   __mspabi_srai_8
00002594   __mspabi_srai_9
00002736   __mspabi_sral
00002438   __mspabi_sral_1
00002414   __mspabi_sral_10
00002410   __mspabi_sral_11
0000240c   __mspabi_sral_12
00002408   __mspabi_sral_13
00002404   __mspabi_sral_14
00002400   __mspabi_sral_15
00002434   __mspabi_sral_2
00002430   __mspabi_sral_3
0000242c   __mspabi_sral_4
00002428   __mspabi_sral_5
00002424   __mspabi_sral_6
00002420   __mspabi_sral_7
0000241c   __mspabi_sral_8
00002418   __mspabi_sral_9
0000225a   __mspabi_srli
000022a0   __mspabi_srli_1
0000227c   __mspabi_srli_10
00002278   __mspabi_srli_11
00002274   __mspabi_srli_12
00002270   __mspabi_srli_13
0000226c   __mspabi_srli_14
00002268   __mspabi_srli_15
0000229c   __mspabi_srli_2
00002298   __mspabi_srli_3
00002294   __mspabi_srli_4
00002290   __mspabi_srli_5
0000228c   __mspabi_srli_6
00002288   __mspabi_srli_7
00002284   __mspabi_srli_8
00002280   __mspabi_srli_9
00002712   __mspabi_srll
00002100   __mspabi_srll_1
000020ca   __mspabi_srll_10
000020c4   __mspabi_srll_11
000020be   __mspabi_srll_12
000020b8   __mspabi_srll_13
000020b2   __mspabi_srll_14
000020ac   __mspabi_srll_15
000020fa   __mspabi_srll_2
000020f4   __mspabi_srll_3
000020ee   __mspabi_srll_4
000020e8   __mspabi_srll_5
000020e2   __mspabi_srll_6
000020dc   __mspabi_srll_7
000020d6   __mspabi_srll_8
000020d0   __mspabi_srll_9
00002522   __mspabi_subd
00001836   __mspabi_subf
0000204e   _auto_init
00002660   _c_int00
00002660   _c_int00_noexit
0000fffe   _reset_vector
00002920   _stack
000027a0   _system_pre_init
000027a4   abort
00002904   accel_x
00002908   accel_z
00002832   angle
0000290c   angleA
0000285c   angleEstimate
00002910   angleG
00001622   atan2
00002858   atan2_bias
00002846   ax
0000284c   ax_bias
00002848   ay
0000284a   az
00002850   az_bias
ffffffff   binit
00002842   derivative
00002828   duty
00002836   error
00001966   getAngleEstimate
00001cc0   getAngularAcceleration
000023c2   getAngularVelocity
00001dfc   getMotion6
00001d62   getPIDOutput
00002916   gx
00002918   gy
00002854   gy_bias
0000291a   gz
00001f1c   initMPU
0000247c   initializeIMU
0000283e   integral
0000282a   isForward
00002782   loop
0000237e   main
00002724   memcpy
00002550   msDelay
0000282e   output
0000283a   preverror
000024ee   readByte
00002108   readBytes
00002644   setClockSource
0000267a   setFullScaleAccelRange
00002694   setFullScaleGyroRange
000022f0   setMotorSpeedAndDirection
000026ec   setSleepEnabled
0000282c   timer_counter
0000220a   writeBit
00002624   writeByte


GLOBAL SYMBOLS: SORTED BY Symbol Address 

address    name
--------   ----
00000001   __TI_args_main
00000001   __TI_exit
00000050   __STACK_SIZE
00000200   __TI_frcdivd
00000662   __TI_frcmpyd
00000956   __mspabi_addd
00000c3e   _Atan
00000f1c   __mspabi_mpyd
0000118a   __TI_frcaddd
000013ea   __mspabi_divd
00001622   atan2
00001836   __mspabi_subf
0000183c   __mspabi_addf
00001966   getAngleEstimate
00001a64   __mspabi_cmpd
00001b40   __mspabi_mpyf
00001c02   __TI_renormd
00001cc0   getAngularAcceleration
00001d62   getPIDOutput
00001dfc   getMotion6
00001e90   __mspabi_cvtdf
00001f1c   initMPU
00001f88   __mspabi_cvtfd
0000204e   _auto_init
000020ac   __mspabi_srll_15
000020b2   __mspabi_srll_14
000020b8   __mspabi_srll_13
000020be   __mspabi_srll_12
000020c4   __mspabi_srll_11
000020ca   __mspabi_srll_10
000020d0   __mspabi_srll_9
000020d6   __mspabi_srll_8
000020dc   __mspabi_srll_7
000020e2   __mspabi_srll_6
000020e8   __mspabi_srll_5
000020ee   __mspabi_srll_4
000020f4   __mspabi_srll_3
000020fa   __mspabi_srll_2
00002100   __mspabi_srll_1
00002108   readBytes
00002164   I2CendTransmission
000021b8   I2CrequestFrom
0000220a   writeBit
0000225a   __mspabi_srli
00002268   __mspabi_srli_15
0000226c   __mspabi_srli_14
00002270   __mspabi_srli_13
00002274   __mspabi_srli_12
00002278   __mspabi_srli_11
0000227c   __mspabi_srli_10
00002280   __mspabi_srli_9
00002284   __mspabi_srli_8
00002288   __mspabi_srli_7
0000228c   __mspabi_srli_6
00002290   __mspabi_srli_5
00002294   __mspabi_srli_4
00002298   __mspabi_srli_3
0000229c   __mspabi_srli_2
000022a0   __mspabi_srli_1
000022a6   __mspabi_cmpf
000022f0   setMotorSpeedAndDirection
00002338   __mspabi_fixfu
0000237e   main
000023c2   getAngularVelocity
00002400   __mspabi_sral_15
00002404   __mspabi_sral_14
00002408   __mspabi_sral_13
0000240c   __mspabi_sral_12
00002410   __mspabi_sral_11
00002414   __mspabi_sral_10
00002418   __mspabi_sral_9
0000241c   __mspabi_sral_8
00002420   __mspabi_sral_7
00002424   __mspabi_sral_6
00002428   __mspabi_sral_5
0000242c   __mspabi_sral_4
00002430   __mspabi_sral_3
00002434   __mspabi_sral_2
00002438   __mspabi_sral_1
0000243e   __mspabi_slll_15
00002442   __mspabi_slll_14
00002446   __mspabi_slll_13
0000244a   __mspabi_slll_12
0000244e   __mspabi_slll_11
00002452   __mspabi_slll_10
00002456   __mspabi_slll_9
0000245a   __mspabi_slll_8
0000245e   __mspabi_slll_7
00002462   __mspabi_slll_6
00002466   __mspabi_slll_5
0000246a   __mspabi_slll_4
0000246e   __mspabi_slll_3
00002472   __mspabi_slll_2
00002476   __mspabi_slll_1
0000247c   initializeIMU
000024b8   __mspabi_fltif
000024ee   readByte
00002522   __mspabi_subd
00002550   msDelay
0000257c   __mspabi_srai
00002588   __mspabi_srai_15
0000258a   __mspabi_srai_14
0000258c   __mspabi_srai_13
0000258e   __mspabi_srai_12
00002590   __mspabi_srai_11
00002592   __mspabi_srai_10
00002594   __mspabi_srai_9
00002596   __mspabi_srai_8
00002598   __mspabi_srai_7
0000259a   __mspabi_srai_6
0000259c   __mspabi_srai_5
0000259e   __mspabi_srai_4
000025a0   __mspabi_srai_3
000025a2   __mspabi_srai_2
000025a4   __mspabi_srai_1
000025a8   __mspabi_slli
000025b4   __mspabi_slli_15
000025b6   __mspabi_slli_14
000025b8   __mspabi_slli_13
000025ba   __mspabi_slli_12
000025bc   __mspabi_slli_11
000025be   __mspabi_slli_10
000025c0   __mspabi_slli_9
000025c2   __mspabi_slli_8
000025c4   __mspabi_slli_7
000025c6   __mspabi_slli_6
000025c8   __mspabi_slli_5
000025ca   __mspabi_slli_4
000025cc   __mspabi_slli_3
000025ce   __mspabi_slli_2
000025d0   __mspabi_slli_1
000025d4   __mspabi_negd
000025fe   __mspabi_mpyl
00002624   writeByte
00002644   setClockSource
00002660   _c_int00
00002660   _c_int00_noexit
0000267a   setFullScaleAccelRange
00002694   setFullScaleGyroRange
000026ae   I2Cread
000026c4   __TI_zero_init
000026d8   __mspabi_mpyi
000026ec   setSleepEnabled
00002700   __TI_decompress_none
00002712   __mspabi_srll
00002724   memcpy
00002736   __mspabi_sral
00002746   __mspabi_slll
00002756   __mspabi_func_epilog_7
00002758   __mspabi_func_epilog_6
0000275a   __mspabi_func_epilog_5
0000275c   __mspabi_func_epilog_4
0000275e   __mspabi_func_epilog_3
00002760   __mspabi_func_epilog_2
00002762   __mspabi_func_epilog_1
00002766   I2CbeginTransmission
00002774   I2Cwrite
00002782   loop
00002790   __mspabi_negf
0000279a   __TI_decompress_rle24
000027a0   _system_pre_init
000027a4   C$$EXIT
000027a4   abort
000027a8   _Denorm
000027b8   _Eps
000027c8   _Hugeval
000027d8   _Inf
000027e8   _Nan
000027f8   _Snan
00002808   _Rteps
00002818   _Xbig
00002820   _Zero
00002828   duty
0000282a   isForward
0000282c   timer_counter
0000282e   output
00002832   angle
00002836   error
0000283a   preverror
0000283e   integral
00002842   derivative
00002846   ax
00002848   ay
0000284a   az
0000284c   ax_bias
00002850   az_bias
00002854   gy_bias
00002858   atan2_bias
0000285c   angleEstimate
00002904   accel_x
00002908   accel_z
0000290c   angleA
00002910   angleG
00002916   gx
00002918   gy
0000291a   gz
00002920   _stack
00002970   __STACK_END
000029a6   __TI_Handler_Table_Base
000029ac   __TI_Handler_Table_Limit
000029b0   __TI_CINIT_Base
000029b8   __TI_CINIT_Limit
0000fffe   _reset_vector
ffffffff   __binit__
ffffffff   __c_args__
ffffffff   binit
UNDEFED    BCSCTL1
UNDEFED    CALBC1_12MHZ
UNDEFED    CALDCO_12MHZ
UNDEFED    DCOCTL
UNDEFED    IE2
UNDEFED    P1DIR
UNDEFED    P1OUT
UNDEFED    P1SEL
UNDEFED    P1SEL2
UNDEFED    P2DIR
UNDEFED    P2OUT
UNDEFED    TA0CCR1
UNDEFED    UCB0BR0
UNDEFED    UCB0BR1
UNDEFED    UCB0CTL0
UNDEFED    UCB0CTL1
UNDEFED    UCB0I2CSA
UNDEFED    WDTCTL
UNDEFED    __TI_INITARRAY_Base
UNDEFED    __TI_INITARRAY_Limit

[226 symbols]
