******************************************************************************
                  MSP430 Linker PC v4.4.4                      
******************************************************************************
>> Linked Wed Apr 29 12:14:23 2015

OUTPUT FILE NAME:   <MSP430_MPU6050.out>
ENTRY POINT SYMBOL: "_c_int00_noargs_noexit"  address: 0000c8e4


MEMORY CONFIGURATION

         name            origin    length      used     unused   attr    fill
----------------------  --------  ---------  --------  --------  ----  --------
  SFR                   00000000   00000010  00000000  00000010  RWIX
  PERIPHERALS_8BIT      00000010   000000f0  00000000  000000f0  RWIX
  PERIPHERALS_16BIT     00000100   00000100  00000000  00000100  RWIX
  RAM                   00000200   00000200  0000008c  00000174  RWIX
  INFOD                 00001000   00000040  00000000  00000040  RWIX
  INFOC                 00001040   00000040  00000000  00000040  RWIX
  INFOB                 00001080   00000040  00000000  00000040  RWIX
  INFOA                 000010c0   00000040  00000000  00000040  RWIX
  FLASH                 0000c000   00003fe0  00000ade  00003502  RWIX
  INT00                 0000ffe0   00000002  00000000  00000002  RWIX
  INT01                 0000ffe2   00000002  00000000  00000002  RWIX
  INT02                 0000ffe4   00000002  00000002  00000000  RWIX
  INT03                 0000ffe6   00000002  00000002  00000000  RWIX
  INT04                 0000ffe8   00000002  00000000  00000002  RWIX
  INT05                 0000ffea   00000002  00000002  00000000  RWIX
  INT06                 0000ffec   00000002  00000002  00000000  RWIX
  INT07                 0000ffee   00000002  00000002  00000000  RWIX
  INT08                 0000fff0   00000002  00000002  00000000  RWIX
  INT09                 0000fff2   00000002  00000002  00000000  RWIX
  INT10                 0000fff4   00000002  00000002  00000000  RWIX
  INT11                 0000fff6   00000002  00000002  00000000  RWIX
  INT12                 0000fff8   00000002  00000002  00000000  RWIX
  INT13                 0000fffa   00000002  00000002  00000000  RWIX
  INT14                 0000fffc   00000002  00000002  00000000  RWIX
  RESET                 0000fffe   00000002  00000002  00000000  RWIX


SECTION ALLOCATION MAP

 output                                  attributes/
section   page    origin      length       input sections
--------  ----  ----------  ----------   ----------------
.bss       0    00000200    00000032     UNINITIALIZED
                  00000200    0000000e     (.common:buffer)
                  0000020e    0000000e     (.common:bufferedDataRX)
                  0000021c    00000006     (.common:bufferedDataOutput)
                  00000222    00000002     (.common:Bytecount)
                  00000224    00000002     (.common:ax$1)
                  00000226    00000002     (.common:ay$2)
                  00000228    00000002     (.common:az$3)
                  0000022a    00000002     (.common:gx$4)
                  0000022c    00000002     (.common:gy$5)
                  0000022e    00000002     (.common:gz$6)
                  00000230    00000001     (.common:RXByteCtr)
                  00000231    00000001     (.common:TXByteCtr)

.data      0    00000232    0000000a     UNINITIALIZED
                  00000232    0000000a     I2C_MSP430.obj (.data)

.stack     0    000003b0    00000050     UNINITIALIZED
                  000003b0    00000002     rts430_eabi.lib : boot.obj (.stack)
                  000003b2    0000004e     --HOLE--

.text      0    0000c000    00000a9a     
                  0000c000    00000116     rts430_eabi.lib : _printfi_min.obj (.text:_setfield)
                  0000c116    000000ca                     : _printfi_min.obj (.text:__TI_printfi_minimal)
                  0000c1e0    000000a2     main.obj (.text:main)
                  0000c282    00000094     MSP430_MPU6050.obj (.text:getMotion6)
                  0000c316    00000092     I2C_MSP430.obj (.text:USCIAB0TX_ISR)
                  0000c3a8    0000006c     MSP430_MPU6050.obj (.text:initMPU)
                  0000c414    00000064     rts430_eabi.lib : copy_decompress_rle.obj (.text:__TI_decompress_rle_core)
                  0000c478    0000005c     MSP430_MPU6050.obj (.text:readBytes)
                  0000c4d4    00000058     rts430_eabi.lib : autoinit.obj (.text:_auto_init)
                  0000c52c    00000056                     : _printfi_min.obj (.text:_ltostr)
                  0000c582    00000054     I2C_MSP430.obj (.text:I2CendTransmission)
                  0000c5d6    00000052     I2C_MSP430.obj (.text:I2CrequestFrom)
                  0000c628    00000052     MSP430_MPU6050.obj (.text:writeBit)
                  0000c67a    0000004e     rts430_eabi.lib : _printfi_min.obj (.text:_pproc_diouxp)
                  0000c6c8    0000004c                     : lsr16.obj (.text)
                  0000c714    00000048                     : _printfi_min.obj (.text:_pproc_str)
                  0000c75c    0000003c     MSP430_MPU6050.obj (.text:initializeIMU)
                  0000c798    00000038     rts430_eabi.lib : sprintf.obj (.text:sprintf)
                  0000c7d0    00000034     MSP430_MPU6050.obj (.text:readByte)
                  0000c804    0000002e     rts430_eabi.lib : _printfi_min.obj (.text:_getarg_diouxp)
                  0000c832    0000002c     MSP430_MPU6050.obj (.text:msDelay)
                  0000c85e    0000002c     rts430_eabi.lib : lsl16.obj (.text)
                  0000c88a    00000020     MSP430_MPU6050.obj (.text:writeByte)
                  0000c8aa    0000001e     hwuart.obj (.text:initializeUART)
                  0000c8c8    0000001c     MSP430_MPU6050.obj (.text:setClockSource)
                  0000c8e4    0000001a     rts430_eabi.lib : boot_special.obj (.text:_c_int00_noargs_noexit)
                  0000c8fe    0000001a                     : sprintf.obj (.text:_outs)
                  0000c918    0000001a                     : memccpy.obj (.text:memccpy)
                  0000c932    0000001a     MSP430_MPU6050.obj (.text:setFullScaleAccelRange)
                  0000c94c    0000001a     MSP430_MPU6050.obj (.text:setFullScaleGyroRange)
                  0000c966    00000018     rts430_eabi.lib : _printfi_min.obj (.text:_div)
                  0000c97e    00000016     I2C_MSP430.obj (.text:I2Cread)
                  0000c994    00000016     rts430_eabi.lib : div16u.obj (.text)
                  0000c9aa    00000014                     : copy_zero_init.obj (.text:decompress:ZI:__TI_zero_init)
                  0000c9be    00000014                     : memset.obj (.text:memset)
                  0000c9d2    00000014                     : mult16.obj (.text)
                  0000c9e6    00000014     MSP430_MPU6050.obj (.text:setSleepEnabled)
                  0000c9fa    00000012     rts430_eabi.lib : sprintf.obj (.text:_outc)
                  0000ca0c    00000012                     : copy_decompress_none.obj (.text:decompress:none:__TI_decompress_none)
                  0000ca1e    00000012                     : memcpy.obj (.text:memcpy)
                  0000ca30    00000010                     : epilog.obj (.text)
                  0000ca40    00000010     hwuart.obj (.text:uartSendString)
                  0000ca50    0000000e     I2C_MSP430.obj (.text:I2CbeginTransmission)
                  0000ca5e    0000000e     I2C_MSP430.obj (.text:I2Cwrite)
                  0000ca6c    0000000e     rts430_eabi.lib : strlen.obj (.text:strlen)
                  0000ca7a    0000000c     hwuart.obj (.text:uartSendByte)
                  0000ca86    00000006     rts430_eabi.lib : isr_trap.obj (.text:_isr:__TI_ISR_TRAP)
                  0000ca8c    00000006                     : copy_decompress_rle.obj (.text:decompress:rle24:__TI_decompress_rle24)
                  0000ca92    00000004                     : pre_init.obj (.text:_system_pre_init)
                  0000ca96    00000004                     : exit.obj (.text:abort)

.const     0    0000ca9a    00000028     
                  0000ca9a    00000014     main.obj (.const:.string)
                  0000caae    00000014     rts430_eabi.lib : _printfi_min.obj (.const:.string)

.cinit     0    0000cac2    0000001c     
                  0000cac2    00000009     (.cinit..data.load) [load image, compression = rle]
                  0000cacb    00000001     --HOLE-- [fill = 0]
                  0000cacc    00000006     (__TI_handler_table)
                  0000cad2    00000004     (.cinit..bss.load) [load image, compression = zero_init]
                  0000cad6    00000008     (__TI_cinit_table)

.init_array 
*          0    0000c000    00000000     UNINITIALIZED

.TI.noinit 
*          0    00000200    00000000     UNINITIALIZED

.TI.persistent 
*          0    00000232    00000000     UNINITIALIZED

PORT1      0    0000ffe4    00000002     
                  0000ffe4    00000002     rts430_eabi.lib : int02.obj (.int02)

PORT2      0    0000ffe6    00000002     
                  0000ffe6    00000002     rts430_eabi.lib : int03.obj (.int03)

ADC10      0    0000ffea    00000002     
                  0000ffea    00000002     rts430_eabi.lib : int05.obj (.int05)

USCIAB0TX 
*          0    0000ffec    00000002     
                  0000ffec    00000002     I2C_MSP430.obj (.int06)

USCIAB0RX 
*          0    0000ffee    00000002     
                  0000ffee    00000002     rts430_eabi.lib : int07.obj (.int07)

TIMER0_A1 
*          0    0000fff0    00000002     
                  0000fff0    00000002     rts430_eabi.lib : int08.obj (.int08)

TIMER0_A0 
*          0    0000fff2    00000002     
                  0000fff2    00000002     rts430_eabi.lib : int09.obj (.int09)

WDT        0    0000fff4    00000002     
                  0000fff4    00000002     rts430_eabi.lib : int10.obj (.int10)

COMPARATORA 
*          0    0000fff6    00000002     
                  0000fff6    00000002     rts430_eabi.lib : int11.obj (.int11)

TIMER1_A1 
*          0    0000fff8    00000002     
                  0000fff8    00000002     rts430_eabi.lib : int12.obj (.int12)

TIMER1_A0 
*          0    0000fffa    00000002     
                  0000fffa    00000002     rts430_eabi.lib : int13.obj (.int13)

NMI        0    0000fffc    00000002     
                  0000fffc    00000002     rts430_eabi.lib : int14.obj (.int14)

.reset     0    0000fffe    00000002     
                  0000fffe    00000002     rts430_eabi.lib : boot.obj (.reset)


LINKER GENERATED COPY TABLES

__TI_cinit_table @ 0000cad6 records: 2, size/record: 4, table size: 8
	.data: load addr=0000cac2, load size=00000009 bytes, run addr=00000232, run size=0000000a bytes, compression=rle
	.bss: load addr=0000cad2, load size=00000004 bytes, run addr=00000200, run size=00000032 bytes, compression=zero_init


LINKER GENERATED HANDLER TABLE

__TI_handler_table @ 0000cacc records: 3, size/record: 2, table size: 6
	index: 0, handler: __TI_zero_init
	index: 1, handler: __TI_decompress_rle24
	index: 2, handler: __TI_decompress_none


GLOBAL SYMBOLS: SORTED ALPHABETICALLY BY Name 

address   name                    
-------   ----                    
0000004a  ADC10AE0                
000001b0  ADC10CTL0               
000001b2  ADC10CTL1               
00000048  ADC10DTC0               
00000049  ADC10DTC1               
000001b4  ADC10MEM                
000001bc  ADC10SA                 
00000057  BCSCTL1                 
00000058  BCSCTL2                 
00000053  BCSCTL3                 
0000ca96  C$$EXIT                 
00000059  CACTL1                  
0000005a  CACTL2                  
000010fb  CALBC1_12MHZ            
000010f9  CALBC1_16MHZ            
000010ff  CALBC1_1MHZ             
000010fd  CALBC1_8MHZ             
000010fa  CALDCO_12MHZ            
000010f8  CALDCO_16MHZ            
000010fe  CALDCO_1MHZ             
000010fc  CALDCO_8MHZ             
0000005b  CAPD                    
00000056  DCOCTL                  
00000128  FCTL1                   
0000012a  FCTL2                   
0000012c  FCTL3                   
0000ca50  I2CbeginTransmission    
0000c582  I2CendTransmission      
0000c97e  I2Cread                 
0000c5d6  I2CrequestFrom          
0000ca5e  I2Cwrite                
00000000  IE1                     
00000001  IE2                     
00000002  IFG1                    
00000003  IFG2                    
00000022  P1DIR                   
00000025  P1IE                    
00000024  P1IES                   
00000023  P1IFG                   
00000020  P1IN                    
00000021  P1OUT                   
00000027  P1REN                   
00000026  P1SEL                   
00000041  P1SEL2                  
0000002a  P2DIR                   
0000002d  P2IE                    
0000002c  P2IES                   
0000002b  P2IFG                   
00000028  P2IN                    
00000029  P2OUT                   
0000002f  P2REN                   
0000002e  P2SEL                   
00000042  P2SEL2                  
0000001a  P3DIR                   
00000018  P3IN                    
00000019  P3OUT                   
00000010  P3REN                   
0000001b  P3SEL                   
00000043  P3SEL2                  
00000172  TA0CCR0                 
00000174  TA0CCR1                 
00000176  TA0CCR2                 
00000162  TA0CCTL0                
00000164  TA0CCTL1                
00000166  TA0CCTL2                
00000160  TA0CTL                  
0000012e  TA0IV                   
00000170  TA0R                    
00000192  TA1CCR0                 
00000194  TA1CCR1                 
00000196  TA1CCR2                 
00000182  TA1CCTL0                
00000184  TA1CCTL1                
00000186  TA1CCTL2                
00000180  TA1CTL                  
0000011e  TA1IV                   
00000190  TA1R                    
000010db  TLV_ADC10_1_LEN         
000010da  TLV_ADC10_1_TAG         
000010c0  TLV_CHECKSUM            
000010f7  TLV_DCO_30_LEN          
000010f6  TLV_DCO_30_TAG          
0000005d  UCA0ABCTL               
00000062  UCA0BR0                 
00000063  UCA0BR1                 
00000060  UCA0CTL0                
00000061  UCA0CTL1                
0000005f  UCA0IRRCTL              
0000005e  UCA0IRTCTL              
00000064  UCA0MCTL                
00000066  UCA0RXBUF               
00000065  UCA0STAT                
00000067  UCA0TXBUF               
0000006a  UCB0BR0                 
0000006b  UCB0BR1                 
00000068  UCB0CTL0                
00000069  UCB0CTL1                
0000006c  UCB0I2CIE               
00000118  UCB0I2COA               
0000011a  UCB0I2CSA               
0000006e  UCB0RXBUF               
0000006d  UCB0STAT                
0000006f  UCB0TXBUF               
0000c316  USCIAB0TX_ISR           
00000120  WDTCTL                  
00000400  __STACK_END             
00000050  __STACK_SIZE            
0000cad6  __TI_CINIT_Base         
0000cade  __TI_CINIT_Limit        
0000cacc  __TI_Handler_Table_Base 
0000cad2  __TI_Handler_Table_Limit
UNDEFED   __TI_INITARRAY_Base     
UNDEFED   __TI_INITARRAY_Limit    
0000ca86  __TI_ISR_TRAP           
0000ca0c  __TI_decompress_none    
0000ca8c  __TI_decompress_rle24   
0000ffe4  __TI_int02              
0000ffe6  __TI_int03              
0000ffea  __TI_int05              
0000ffec  __TI_int06              
0000ffee  __TI_int07              
0000fff0  __TI_int08              
0000fff2  __TI_int09              
0000fff4  __TI_int10              
0000fff6  __TI_int11              
0000fff8  __TI_int12              
0000fffa  __TI_int13              
0000fffc  __TI_int14              
0000c116  __TI_printfi_minimal    
0000c9aa  __TI_zero_init          
ffffffff  __binit__               
ffffffff  __c_args__              
0000c994  __mspabi_divu           
0000ca3c  __mspabi_func_epilog_1  
0000ca3a  __mspabi_func_epilog_2  
0000ca38  __mspabi_func_epilog_3  
0000ca36  __mspabi_func_epilog_4  
0000ca34  __mspabi_func_epilog_5  
0000ca32  __mspabi_func_epilog_6  
0000ca30  __mspabi_func_epilog_7  
0000c9d2  __mspabi_mpyi           
0000c9d2  __mspabi_mpyi_sw        
0000c994  __mspabi_remu           
0000c85e  __mspabi_slli           
0000c886  __mspabi_slli_1         
0000c874  __mspabi_slli_10        
0000c872  __mspabi_slli_11        
0000c870  __mspabi_slli_12        
0000c86e  __mspabi_slli_13        
0000c86c  __mspabi_slli_14        
0000c86a  __mspabi_slli_15        
0000c884  __mspabi_slli_2         
0000c882  __mspabi_slli_3         
0000c880  __mspabi_slli_4         
0000c87e  __mspabi_slli_5         
0000c87c  __mspabi_slli_6         
0000c87a  __mspabi_slli_7         
0000c878  __mspabi_slli_8         
0000c876  __mspabi_slli_9         
0000c6c8  __mspabi_srli           
0000c70e  __mspabi_srli_1         
0000c6ea  __mspabi_srli_10        
0000c6e6  __mspabi_srli_11        
0000c6e2  __mspabi_srli_12        
0000c6de  __mspabi_srli_13        
0000c6da  __mspabi_srli_14        
0000c6d6  __mspabi_srli_15        
0000c70a  __mspabi_srli_2         
0000c706  __mspabi_srli_3         
0000c702  __mspabi_srli_4         
0000c6fe  __mspabi_srli_5         
0000c6fa  __mspabi_srli_6         
0000c6f6  __mspabi_srli_7         
0000c6f2  __mspabi_srli_8         
0000c6ee  __mspabi_srli_9         
0000c4d4  _auto_init              
0000c8e4  _c_int00_noargs_noexit  
0000fffe  _reset_vector           
000003b0  _stack                  
0000ca92  _system_pre_init        
0000ca96  abort                   
ffffffff  binit                   
0000c282  getMotion6              
0000c3a8  initMPU                 
0000c75c  initializeIMU           
0000c8aa  initializeUART          
0000c1e0  main                    
0000c918  memccpy                 
0000ca1e  memcpy                  
0000c9be  memset                  
0000c832  msDelay                 
0000c7d0  readByte                
0000c478  readBytes               
0000c8c8  setClockSource          
0000c932  setFullScaleAccelRange  
0000c94c  setFullScaleGyroRange   
0000c9e6  setSleepEnabled         
0000c798  sprintf                 
0000ca6c  strlen                  
0000ca7a  uartSendByte            
0000ca40  uartSendString          
0000c628  writeBit                
0000c88a  writeByte               


GLOBAL SYMBOLS: SORTED BY Symbol Address 

address   name                    
-------   ----                    
00000000  IE1                     
00000001  IE2                     
00000002  IFG1                    
00000003  IFG2                    
00000010  P3REN                   
00000018  P3IN                    
00000019  P3OUT                   
0000001a  P3DIR                   
0000001b  P3SEL                   
00000020  P1IN                    
00000021  P1OUT                   
00000022  P1DIR                   
00000023  P1IFG                   
00000024  P1IES                   
00000025  P1IE                    
00000026  P1SEL                   
00000027  P1REN                   
00000028  P2IN                    
00000029  P2OUT                   
0000002a  P2DIR                   
0000002b  P2IFG                   
0000002c  P2IES                   
0000002d  P2IE                    
0000002e  P2SEL                   
0000002f  P2REN                   
00000041  P1SEL2                  
00000042  P2SEL2                  
00000043  P3SEL2                  
00000048  ADC10DTC0               
00000049  ADC10DTC1               
0000004a  ADC10AE0                
00000050  __STACK_SIZE            
00000053  BCSCTL3                 
00000056  DCOCTL                  
00000057  BCSCTL1                 
00000058  BCSCTL2                 
00000059  CACTL1                  
0000005a  CACTL2                  
0000005b  CAPD                    
0000005d  UCA0ABCTL               
0000005e  UCA0IRTCTL              
0000005f  UCA0IRRCTL              
00000060  UCA0CTL0                
00000061  UCA0CTL1                
00000062  UCA0BR0                 
00000063  UCA0BR1                 
00000064  UCA0MCTL                
00000065  UCA0STAT                
00000066  UCA0RXBUF               
00000067  UCA0TXBUF               
00000068  UCB0CTL0                
00000069  UCB0CTL1                
0000006a  UCB0BR0                 
0000006b  UCB0BR1                 
0000006c  UCB0I2CIE               
0000006d  UCB0STAT                
0000006e  UCB0RXBUF               
0000006f  UCB0TXBUF               
00000118  UCB0I2COA               
0000011a  UCB0I2CSA               
0000011e  TA1IV                   
00000120  WDTCTL                  
00000128  FCTL1                   
0000012a  FCTL2                   
0000012c  FCTL3                   
0000012e  TA0IV                   
00000160  TA0CTL                  
00000162  TA0CCTL0                
00000164  TA0CCTL1                
00000166  TA0CCTL2                
00000170  TA0R                    
00000172  TA0CCR0                 
00000174  TA0CCR1                 
00000176  TA0CCR2                 
00000180  TA1CTL                  
00000182  TA1CCTL0                
00000184  TA1CCTL1                
00000186  TA1CCTL2                
00000190  TA1R                    
00000192  TA1CCR0                 
00000194  TA1CCR1                 
00000196  TA1CCR2                 
000001b0  ADC10CTL0               
000001b2  ADC10CTL1               
000001b4  ADC10MEM                
000001bc  ADC10SA                 
000003b0  _stack                  
00000400  __STACK_END             
000010c0  TLV_CHECKSUM            
000010da  TLV_ADC10_1_TAG         
000010db  TLV_ADC10_1_LEN         
000010f6  TLV_DCO_30_TAG          
000010f7  TLV_DCO_30_LEN          
000010f8  CALDCO_16MHZ            
000010f9  CALBC1_16MHZ            
000010fa  CALDCO_12MHZ            
000010fb  CALBC1_12MHZ            
000010fc  CALDCO_8MHZ             
000010fd  CALBC1_8MHZ             
000010fe  CALDCO_1MHZ             
000010ff  CALBC1_1MHZ             
0000c116  __TI_printfi_minimal    
0000c1e0  main                    
0000c282  getMotion6              
0000c316  USCIAB0TX_ISR           
0000c3a8  initMPU                 
0000c478  readBytes               
0000c4d4  _auto_init              
0000c582  I2CendTransmission      
0000c5d6  I2CrequestFrom          
0000c628  writeBit                
0000c6c8  __mspabi_srli           
0000c6d6  __mspabi_srli_15        
0000c6da  __mspabi_srli_14        
0000c6de  __mspabi_srli_13        
0000c6e2  __mspabi_srli_12        
0000c6e6  __mspabi_srli_11        
0000c6ea  __mspabi_srli_10        
0000c6ee  __mspabi_srli_9         
0000c6f2  __mspabi_srli_8         
0000c6f6  __mspabi_srli_7         
0000c6fa  __mspabi_srli_6         
0000c6fe  __mspabi_srli_5         
0000c702  __mspabi_srli_4         
0000c706  __mspabi_srli_3         
0000c70a  __mspabi_srli_2         
0000c70e  __mspabi_srli_1         
0000c75c  initializeIMU           
0000c798  sprintf                 
0000c7d0  readByte                
0000c832  msDelay                 
0000c85e  __mspabi_slli           
0000c86a  __mspabi_slli_15        
0000c86c  __mspabi_slli_14        
0000c86e  __mspabi_slli_13        
0000c870  __mspabi_slli_12        
0000c872  __mspabi_slli_11        
0000c874  __mspabi_slli_10        
0000c876  __mspabi_slli_9         
0000c878  __mspabi_slli_8         
0000c87a  __mspabi_slli_7         
0000c87c  __mspabi_slli_6         
0000c87e  __mspabi_slli_5         
0000c880  __mspabi_slli_4         
0000c882  __mspabi_slli_3         
0000c884  __mspabi_slli_2         
0000c886  __mspabi_slli_1         
0000c88a  writeByte               
0000c8aa  initializeUART          
0000c8c8  setClockSource          
0000c8e4  _c_int00_noargs_noexit  
0000c918  memccpy                 
0000c932  setFullScaleAccelRange  
0000c94c  setFullScaleGyroRange   
0000c97e  I2Cread                 
0000c994  __mspabi_divu           
0000c994  __mspabi_remu           
0000c9aa  __TI_zero_init          
0000c9be  memset                  
0000c9d2  __mspabi_mpyi           
0000c9d2  __mspabi_mpyi_sw        
0000c9e6  setSleepEnabled         
0000ca0c  __TI_decompress_none    
0000ca1e  memcpy                  
0000ca30  __mspabi_func_epilog_7  
0000ca32  __mspabi_func_epilog_6  
0000ca34  __mspabi_func_epilog_5  
0000ca36  __mspabi_func_epilog_4  
0000ca38  __mspabi_func_epilog_3  
0000ca3a  __mspabi_func_epilog_2  
0000ca3c  __mspabi_func_epilog_1  
0000ca40  uartSendString          
0000ca50  I2CbeginTransmission    
0000ca5e  I2Cwrite                
0000ca6c  strlen                  
0000ca7a  uartSendByte            
0000ca86  __TI_ISR_TRAP           
0000ca8c  __TI_decompress_rle24   
0000ca92  _system_pre_init        
0000ca96  C$$EXIT                 
0000ca96  abort                   
0000cacc  __TI_Handler_Table_Base 
0000cad2  __TI_Handler_Table_Limit
0000cad6  __TI_CINIT_Base         
0000cade  __TI_CINIT_Limit        
0000ffe4  __TI_int02              
0000ffe6  __TI_int03              
0000ffea  __TI_int05              
0000ffec  __TI_int06              
0000ffee  __TI_int07              
0000fff0  __TI_int08              
0000fff2  __TI_int09              
0000fff4  __TI_int10              
0000fff6  __TI_int11              
0000fff8  __TI_int12              
0000fffa  __TI_int13              
0000fffc  __TI_int14              
0000fffe  _reset_vector           
ffffffff  __binit__               
ffffffff  __c_args__              
ffffffff  binit                   
UNDEFED   __TI_INITARRAY_Base     
UNDEFED   __TI_INITARRAY_Limit    

[203 symbols]
