<?xml version="1.0"?>
<link_info>
   <banner>MSP430 Linker PC v4.4.4</banner>
   <copyright>Copyright (c) 2003-2015 Texas Instruments Incorporated</copyright>
   <link_time>0x5549731f</link_time>
   <link_errors>0x0</link_errors>
   <output_file>MSP430_MPU6050.out</output_file>
   <entry_point>
      <name>_c_int00_noargs_noexit</name>
      <address>0xd8e2</address>
   </entry_point>
   <input_file_list>
      <input_file id="fl-2">
         <path>.\</path>
         <kind>object</kind>
         <file>I2C_MSP430.obj</file>
         <name>I2C_MSP430.obj</name>
      </input_file>
      <input_file id="fl-3">
         <path>.\</path>
         <kind>object</kind>
         <file>MSP430_MPU6050.obj</file>
         <name>MSP430_MPU6050.obj</name>
      </input_file>
      <input_file id="fl-4">
         <path>.\</path>
         <kind>object</kind>
         <file>hwuart.obj</file>
         <name>hwuart.obj</name>
      </input_file>
      <input_file id="fl-5">
         <path>.\</path>
         <kind>object</kind>
         <file>main.obj</file>
         <name>main.obj</name>
      </input_file>
      <input_file id="fl-34">
         <path>C:\ti\ccsv6\tools\compiler\ti-cgt-msp430_4.4.4\lib\</path>
         <kind>archive</kind>
         <file>rts430_eabi.lib</file>
         <name>addd.obj</name>
      </input_file>
      <input_file id="fl-35">
         <path>C:\ti\ccsv6\tools\compiler\ti-cgt-msp430_4.4.4\lib\</path>
         <kind>archive</kind>
         <file>rts430_eabi.lib</file>
         <name>asr16.obj</name>
      </input_file>
      <input_file id="fl-36">
         <path>C:\ti\ccsv6\tools\compiler\ti-cgt-msp430_4.4.4\lib\</path>
         <kind>archive</kind>
         <file>rts430_eabi.lib</file>
         <name>boot.obj</name>
      </input_file>
      <input_file id="fl-37">
         <path>C:\ti\ccsv6\tools\compiler\ti-cgt-msp430_4.4.4\lib\</path>
         <kind>archive</kind>
         <file>rts430_eabi.lib</file>
         <name>boot_special.obj</name>
      </input_file>
      <input_file id="fl-38">
         <path>C:\ti\ccsv6\tools\compiler\ti-cgt-msp430_4.4.4\lib\</path>
         <kind>archive</kind>
         <file>rts430_eabi.lib</file>
         <name>cmpd.obj</name>
      </input_file>
      <input_file id="fl-39">
         <path>C:\ti\ccsv6\tools\compiler\ti-cgt-msp430_4.4.4\lib\</path>
         <kind>archive</kind>
         <file>rts430_eabi.lib</file>
         <name>copy_decompress_none.obj</name>
      </input_file>
      <input_file id="fl-3a">
         <path>C:\ti\ccsv6\tools\compiler\ti-cgt-msp430_4.4.4\lib\</path>
         <kind>archive</kind>
         <file>rts430_eabi.lib</file>
         <name>copy_decompress_rle.obj</name>
      </input_file>
      <input_file id="fl-3b">
         <path>C:\ti\ccsv6\tools\compiler\ti-cgt-msp430_4.4.4\lib\</path>
         <kind>archive</kind>
         <file>rts430_eabi.lib</file>
         <name>copy_zero_init.obj</name>
      </input_file>
      <input_file id="fl-3c">
         <path>C:\ti\ccsv6\tools\compiler\ti-cgt-msp430_4.4.4\lib\</path>
         <kind>archive</kind>
         <file>rts430_eabi.lib</file>
         <name>div16s.obj</name>
      </input_file>
      <input_file id="fl-3d">
         <path>C:\ti\ccsv6\tools\compiler\ti-cgt-msp430_4.4.4\lib\</path>
         <kind>archive</kind>
         <file>rts430_eabi.lib</file>
         <name>div16u.obj</name>
      </input_file>
      <input_file id="fl-3e">
         <path>C:\ti\ccsv6\tools\compiler\ti-cgt-msp430_4.4.4\lib\</path>
         <kind>archive</kind>
         <file>rts430_eabi.lib</file>
         <name>epilog.obj</name>
      </input_file>
      <input_file id="fl-3f">
         <path>C:\ti\ccsv6\tools\compiler\ti-cgt-msp430_4.4.4\lib\</path>
         <kind>archive</kind>
         <file>rts430_eabi.lib</file>
         <name>exit.obj</name>
      </input_file>
      <input_file id="fl-40">
         <path>C:\ti\ccsv6\tools\compiler\ti-cgt-msp430_4.4.4\lib\</path>
         <kind>archive</kind>
         <file>rts430_eabi.lib</file>
         <name>exit_gvars.obj</name>
      </input_file>
      <input_file id="fl-41">
         <path>C:\ti\ccsv6\tools\compiler\ti-cgt-msp430_4.4.4\lib\</path>
         <kind>archive</kind>
         <file>rts430_eabi.lib</file>
         <name>fixdi.obj</name>
      </input_file>
      <input_file id="fl-42">
         <path>C:\ti\ccsv6\tools\compiler\ti-cgt-msp430_4.4.4\lib\</path>
         <kind>archive</kind>
         <file>rts430_eabi.lib</file>
         <name>fixdli.obj</name>
      </input_file>
      <input_file id="fl-43">
         <path>C:\ti\ccsv6\tools\compiler\ti-cgt-msp430_4.4.4\lib\</path>
         <kind>archive</kind>
         <file>rts430_eabi.lib</file>
         <name>fixdu.obj</name>
      </input_file>
      <input_file id="fl-44">
         <path>C:\ti\ccsv6\tools\compiler\ti-cgt-msp430_4.4.4\lib\</path>
         <kind>archive</kind>
         <file>rts430_eabi.lib</file>
         <name>fixdul.obj</name>
      </input_file>
      <input_file id="fl-45">
         <path>C:\ti\ccsv6\tools\compiler\ti-cgt-msp430_4.4.4\lib\</path>
         <kind>archive</kind>
         <file>rts430_eabi.lib</file>
         <name>fltid.obj</name>
      </input_file>
      <input_file id="fl-46">
         <path>C:\ti\ccsv6\tools\compiler\ti-cgt-msp430_4.4.4\lib\</path>
         <kind>archive</kind>
         <file>rts430_eabi.lib</file>
         <name>fltlid.obj</name>
      </input_file>
      <input_file id="fl-47">
         <path>C:\ti\ccsv6\tools\compiler\ti-cgt-msp430_4.4.4\lib\</path>
         <kind>archive</kind>
         <file>rts430_eabi.lib</file>
         <name>fltud.obj</name>
      </input_file>
      <input_file id="fl-48">
         <path>C:\ti\ccsv6\tools\compiler\ti-cgt-msp430_4.4.4\lib\</path>
         <kind>archive</kind>
         <file>rts430_eabi.lib</file>
         <name>fltuld.obj</name>
      </input_file>
      <input_file id="fl-49">
         <path>C:\ti\ccsv6\tools\compiler\ti-cgt-msp430_4.4.4\lib\</path>
         <kind>archive</kind>
         <file>rts430_eabi.lib</file>
         <name>frcaddd.obj</name>
      </input_file>
      <input_file id="fl-4a">
         <path>C:\ti\ccsv6\tools\compiler\ti-cgt-msp430_4.4.4\lib\</path>
         <kind>archive</kind>
         <file>rts430_eabi.lib</file>
         <name>int02.obj</name>
      </input_file>
      <input_file id="fl-4b">
         <path>C:\ti\ccsv6\tools\compiler\ti-cgt-msp430_4.4.4\lib\</path>
         <kind>archive</kind>
         <file>rts430_eabi.lib</file>
         <name>int03.obj</name>
      </input_file>
      <input_file id="fl-4c">
         <path>C:\ti\ccsv6\tools\compiler\ti-cgt-msp430_4.4.4\lib\</path>
         <kind>archive</kind>
         <file>rts430_eabi.lib</file>
         <name>int05.obj</name>
      </input_file>
      <input_file id="fl-4d">
         <path>C:\ti\ccsv6\tools\compiler\ti-cgt-msp430_4.4.4\lib\</path>
         <kind>archive</kind>
         <file>rts430_eabi.lib</file>
         <name>int07.obj</name>
      </input_file>
      <input_file id="fl-4e">
         <path>C:\ti\ccsv6\tools\compiler\ti-cgt-msp430_4.4.4\lib\</path>
         <kind>archive</kind>
         <file>rts430_eabi.lib</file>
         <name>int08.obj</name>
      </input_file>
      <input_file id="fl-4f">
         <path>C:\ti\ccsv6\tools\compiler\ti-cgt-msp430_4.4.4\lib\</path>
         <kind>archive</kind>
         <file>rts430_eabi.lib</file>
         <name>int10.obj</name>
      </input_file>
      <input_file id="fl-50">
         <path>C:\ti\ccsv6\tools\compiler\ti-cgt-msp430_4.4.4\lib\</path>
         <kind>archive</kind>
         <file>rts430_eabi.lib</file>
         <name>int11.obj</name>
      </input_file>
      <input_file id="fl-51">
         <path>C:\ti\ccsv6\tools\compiler\ti-cgt-msp430_4.4.4\lib\</path>
         <kind>archive</kind>
         <file>rts430_eabi.lib</file>
         <name>int12.obj</name>
      </input_file>
      <input_file id="fl-52">
         <path>C:\ti\ccsv6\tools\compiler\ti-cgt-msp430_4.4.4\lib\</path>
         <kind>archive</kind>
         <file>rts430_eabi.lib</file>
         <name>int13.obj</name>
      </input_file>
      <input_file id="fl-53">
         <path>C:\ti\ccsv6\tools\compiler\ti-cgt-msp430_4.4.4\lib\</path>
         <kind>archive</kind>
         <file>rts430_eabi.lib</file>
         <name>int14.obj</name>
      </input_file>
      <input_file id="fl-54">
         <path>C:\ti\ccsv6\tools\compiler\ti-cgt-msp430_4.4.4\lib\</path>
         <kind>archive</kind>
         <file>rts430_eabi.lib</file>
         <name>isr_trap.obj</name>
      </input_file>
      <input_file id="fl-55">
         <path>C:\ti\ccsv6\tools\compiler\ti-cgt-msp430_4.4.4\lib\</path>
         <kind>archive</kind>
         <file>rts430_eabi.lib</file>
         <name>lsl16.obj</name>
      </input_file>
      <input_file id="fl-56">
         <path>C:\ti\ccsv6\tools\compiler\ti-cgt-msp430_4.4.4\lib\</path>
         <kind>archive</kind>
         <file>rts430_eabi.lib</file>
         <name>lsl32.obj</name>
      </input_file>
      <input_file id="fl-57">
         <path>C:\ti\ccsv6\tools\compiler\ti-cgt-msp430_4.4.4\lib\</path>
         <kind>archive</kind>
         <file>rts430_eabi.lib</file>
         <name>lsr16.obj</name>
      </input_file>
      <input_file id="fl-58">
         <path>C:\ti\ccsv6\tools\compiler\ti-cgt-msp430_4.4.4\lib\</path>
         <kind>archive</kind>
         <file>rts430_eabi.lib</file>
         <name>lsr32.obj</name>
      </input_file>
      <input_file id="fl-59">
         <path>C:\ti\ccsv6\tools\compiler\ti-cgt-msp430_4.4.4\lib\</path>
         <kind>archive</kind>
         <file>rts430_eabi.lib</file>
         <name>memcpy.obj</name>
      </input_file>
      <input_file id="fl-5a">
         <path>C:\ti\ccsv6\tools\compiler\ti-cgt-msp430_4.4.4\lib\</path>
         <kind>archive</kind>
         <file>rts430_eabi.lib</file>
         <name>mpu_init.obj</name>
      </input_file>
      <input_file id="fl-5b">
         <path>C:\ti\ccsv6\tools\compiler\ti-cgt-msp430_4.4.4\lib\</path>
         <kind>archive</kind>
         <file>rts430_eabi.lib</file>
         <name>mpyd.obj</name>
      </input_file>
      <input_file id="fl-5c">
         <path>C:\ti\ccsv6\tools\compiler\ti-cgt-msp430_4.4.4\lib\</path>
         <kind>archive</kind>
         <file>rts430_eabi.lib</file>
         <name>negd.obj</name>
      </input_file>
      <input_file id="fl-5d">
         <path>C:\ti\ccsv6\tools\compiler\ti-cgt-msp430_4.4.4\lib\</path>
         <kind>archive</kind>
         <file>rts430_eabi.lib</file>
         <name>pre_init.obj</name>
      </input_file>
      <input_file id="fl-5e">
         <path>C:\ti\ccsv6\tools\compiler\ti-cgt-msp430_4.4.4\lib\</path>
         <kind>archive</kind>
         <file>rts430_eabi.lib</file>
         <name>renormd.obj</name>
      </input_file>
      <input_file id="fl-5f">
         <path>C:\ti\ccsv6\tools\compiler\ti-cgt-msp430_4.4.4\lib\</path>
         <kind>archive</kind>
         <file>rts430_eabi.lib</file>
         <name>subd.obj</name>
      </input_file>
      <input_file id="fl-60">
         <path>C:\ti\ccsv6\tools\compiler\ti-cgt-msp430_4.4.4\lib\</path>
         <kind>archive</kind>
         <file>rts430_eabi.lib</file>
         <name>_lock.obj</name>
      </input_file>
      <input_file id="fl-61">
         <path>C:\ti\ccsv6\tools\compiler\ti-cgt-msp430_4.4.4\lib\</path>
         <kind>archive</kind>
         <file>rts430_eabi.lib</file>
         <name>args_main.obj</name>
      </input_file>
      <input_file id="fl-62">
         <path>C:\ti\ccsv6\tools\compiler\ti-cgt-msp430_4.4.4\lib\</path>
         <kind>archive</kind>
         <file>rts430_eabi.lib</file>
         <name>asr32.obj</name>
      </input_file>
      <input_file id="fl-63">
         <path>C:\ti\ccsv6\tools\compiler\ti-cgt-msp430_4.4.4\lib\</path>
         <kind>archive</kind>
         <file>rts430_eabi.lib</file>
         <name>autoinit.obj</name>
      </input_file>
      <input_file id="fl-64">
         <path>C:\ti\ccsv6\tools\compiler\ti-cgt-msp430_4.4.4\lib\</path>
         <kind>archive</kind>
         <file>rts430_eabi.lib</file>
         <name>frcmpyd.obj</name>
      </input_file>
      <input_file id="fl-65">
         <path>C:\ti\ccsv6\tools\compiler\ti-cgt-msp430_4.4.4\lib\</path>
         <kind>archive</kind>
         <file>rts430_eabi.lib</file>
         <name>mult32.obj</name>
      </input_file>
   </input_file_list>
   <object_component_list>
      <object_component id="oc-89">
         <name>.stack</name>
         <uninitialized>true</uninitialized>
         <run_address>0x3b0</run_address>
         <size>0x2</size>
         <input_file_ref idref="fl-36"/>
      </object_component>
      <object_component id="oc-313">
         <name>.stack</name>
         <uninitialized>true</uninitialized>
         <run_address>0x3b0</run_address>
         <size>0x0</size>
      </object_component>
      <object_component id="oc-df">
         <name>.text:main</name>
         <load_address>0xc000</load_address>
         <run_address>0xc000</run_address>
         <size>0x36a</size>
         <input_file_ref idref="fl-5"/>
      </object_component>
      <object_component id="oc-1f7">
         <name>.text:__TI_frcmpyd</name>
         <load_address>0xc36a</load_address>
         <run_address>0xc36a</run_address>
         <size>0x2f4</size>
         <input_file_ref idref="fl-64"/>
      </object_component>
      <object_component id="oc-178">
         <name>.text:__mspabi_addd</name>
         <load_address>0xc65e</load_address>
         <run_address>0xc65e</run_address>
         <size>0x2e8</size>
         <input_file_ref idref="fl-34"/>
      </object_component>
      <object_component id="oc-157">
         <name>.text:__mspabi_mpyd</name>
         <load_address>0xc946</load_address>
         <run_address>0xc946</run_address>
         <size>0x26e</size>
         <input_file_ref idref="fl-5b"/>
      </object_component>
      <object_component id="oc-222">
         <name>.text:__TI_frcaddd</name>
         <load_address>0xcbb4</load_address>
         <run_address>0xcbb4</run_address>
         <size>0x260</size>
         <input_file_ref idref="fl-49"/>
      </object_component>
      <object_component id="oc-191">
         <name>.text:__mspabi_cmpd</name>
         <load_address>0xce14</load_address>
         <run_address>0xce14</run_address>
         <size>0xdc</size>
         <input_file_ref idref="fl-38"/>
      </object_component>
      <object_component id="oc-2a4">
         <name>.text:__TI_renormd</name>
         <load_address>0xcef0</load_address>
         <run_address>0xcef0</run_address>
         <size>0xbe</size>
         <input_file_ref idref="fl-5e"/>
      </object_component>
      <object_component id="oc-219">
         <name>.text:__mspabi_fltlid</name>
         <load_address>0xcfae</load_address>
         <run_address>0xcfae</run_address>
         <size>0xa2</size>
         <input_file_ref idref="fl-46"/>
      </object_component>
      <object_component id="oc-163">
         <name>.text:getMotion6</name>
         <load_address>0xd050</load_address>
         <run_address>0xd050</run_address>
         <size>0x94</size>
         <input_file_ref idref="fl-3"/>
      </object_component>
      <object_component id="oc-ac">
         <name>.text:USCIAB0TX_ISR</name>
         <load_address>0xd0e4</load_address>
         <run_address>0xd0e4</run_address>
         <size>0x92</size>
         <input_file_ref idref="fl-2"/>
      </object_component>
      <object_component id="oc-1eb">
         <name>.text:__mspabi_fltuld</name>
         <load_address>0xd176</load_address>
         <run_address>0xd176</run_address>
         <size>0x80</size>
         <input_file_ref idref="fl-48"/>
      </object_component>
      <object_component id="oc-234">
         <name>.text:__mspabi_fixdul</name>
         <load_address>0xd1f6</load_address>
         <run_address>0xd1f6</run_address>
         <size>0x74</size>
         <input_file_ref idref="fl-44"/>
      </object_component>
      <object_component id="oc-22a">
         <name>.text:__mspabi_fixdli</name>
         <load_address>0xd26a</load_address>
         <run_address>0xd26a</run_address>
         <size>0x72</size>
         <input_file_ref idref="fl-42"/>
      </object_component>
      <object_component id="oc-240">
         <name>.text:initMPU</name>
         <load_address>0xd2dc</load_address>
         <run_address>0xd2dc</run_address>
         <size>0x6c</size>
         <input_file_ref idref="fl-3"/>
      </object_component>
      <object_component id="oc-9a">
         <name>.text:__TI_decompress_rle_core</name>
         <load_address>0xd348</load_address>
         <run_address>0xd348</run_address>
         <size>0x64</size>
         <input_file_ref idref="fl-3a"/>
      </object_component>
      <object_component id="oc-255">
         <name>.text:l_lsr_const</name>
         <load_address>0xd3ac</load_address>
         <run_address>0xd3ac</run_address>
         <size>0x5c</size>
         <input_file_ref idref="fl-58"/>
      </object_component>
      <object_component id="oc-20c">
         <name>.text:readBytes</name>
         <load_address>0xd408</load_address>
         <run_address>0xd408</run_address>
         <size>0x5c</size>
         <input_file_ref idref="fl-3"/>
      </object_component>
      <object_component id="oc-c5">
         <name>.text:_auto_init</name>
         <load_address>0xd464</load_address>
         <run_address>0xd464</run_address>
         <size>0x58</size>
         <input_file_ref idref="fl-63"/>
      </object_component>
      <object_component id="oc-27a">
         <name>.text:I2CendTransmission</name>
         <load_address>0xd4bc</load_address>
         <run_address>0xd4bc</run_address>
         <size>0x54</size>
         <input_file_ref idref="fl-2"/>
      </object_component>
      <object_component id="oc-280">
         <name>.text:I2CrequestFrom</name>
         <load_address>0xd510</load_address>
         <run_address>0xd510</run_address>
         <size>0x52</size>
         <input_file_ref idref="fl-2"/>
      </object_component>
      <object_component id="oc-249">
         <name>.text:writeBit</name>
         <load_address>0xd562</load_address>
         <run_address>0xd562</run_address>
         <size>0x52</size>
         <input_file_ref idref="fl-3"/>
      </object_component>
      <object_component id="oc-290">
         <name>.text</name>
         <load_address>0xd5b4</load_address>
         <run_address>0xd5b4</run_address>
         <size>0x4c</size>
         <input_file_ref idref="fl-57"/>
      </object_component>
      <object_component id="oc-b2">
         <name>.text:Timer0_A0</name>
         <load_address>0xd600</load_address>
         <run_address>0xd600</run_address>
         <size>0x46</size>
         <input_file_ref idref="fl-5"/>
      </object_component>
      <object_component id="oc-262">
         <name>.text:l_asr_const</name>
         <load_address>0xd646</load_address>
         <run_address>0xd646</run_address>
         <size>0x3e</size>
         <input_file_ref idref="fl-62"/>
      </object_component>
      <object_component id="oc-250">
         <name>.text:l_lsl_const</name>
         <load_address>0xd684</load_address>
         <run_address>0xd684</run_address>
         <size>0x3e</size>
         <input_file_ref idref="fl-56"/>
      </object_component>
      <object_component id="oc-136">
         <name>.text:initializeIMU</name>
         <load_address>0xd6c2</load_address>
         <run_address>0xd6c2</run_address>
         <size>0x3c</size>
         <input_file_ref idref="fl-3"/>
      </object_component>
      <object_component id="oc-2b0">
         <name>.text:readByte</name>
         <load_address>0xd6fe</load_address>
         <run_address>0xd6fe</run_address>
         <size>0x34</size>
         <input_file_ref idref="fl-3"/>
      </object_component>
      <object_component id="oc-18a">
         <name>.text:__mspabi_subd</name>
         <load_address>0xd732</load_address>
         <run_address>0xd732</run_address>
         <size>0x2e</size>
         <input_file_ref idref="fl-5f"/>
      </object_component>
      <object_component id="oc-14b">
         <name>.text:msDelay</name>
         <load_address>0xd760</load_address>
         <run_address>0xd760</run_address>
         <size>0x2c</size>
         <input_file_ref idref="fl-3"/>
      </object_component>
      <object_component id="oc-1f2">
         <name>.text</name>
         <load_address>0xd78c</load_address>
         <run_address>0xd78c</run_address>
         <size>0x2c</size>
         <input_file_ref idref="fl-35"/>
      </object_component>
      <object_component id="oc-169">
         <name>.text</name>
         <load_address>0xd7b8</load_address>
         <run_address>0xd7b8</run_address>
         <size>0x2c</size>
         <input_file_ref idref="fl-3c"/>
      </object_component>
      <object_component id="oc-1fd">
         <name>.text</name>
         <load_address>0xd7e4</load_address>
         <run_address>0xd7e4</run_address>
         <size>0x2c</size>
         <input_file_ref idref="fl-55"/>
      </object_component>
      <object_component id="oc-184">
         <name>.text:__mspabi_negd</name>
         <load_address>0xd810</load_address>
         <run_address>0xd810</run_address>
         <size>0x2a</size>
         <input_file_ref idref="fl-5c"/>
      </object_component>
      <object_component id="oc-17e">
         <name>.text:__mspabi_fixdi</name>
         <load_address>0xd83a</load_address>
         <run_address>0xd83a</run_address>
         <size>0x28</size>
         <input_file_ref idref="fl-41"/>
      </object_component>
      <object_component id="oc-25d">
         <name>.text</name>
         <load_address>0xd862</load_address>
         <run_address>0xd862</run_address>
         <size>0x26</size>
         <input_file_ref idref="fl-65"/>
      </object_component>
      <object_component id="oc-2b6">
         <name>.text:writeByte</name>
         <load_address>0xd888</load_address>
         <run_address>0xd888</run_address>
         <size>0x20</size>
         <input_file_ref idref="fl-3"/>
      </object_component>
      <object_component id="oc-13f">
         <name>.text:initializeUART</name>
         <load_address>0xd8a8</load_address>
         <run_address>0xd8a8</run_address>
         <size>0x1e</size>
         <input_file_ref idref="fl-4"/>
      </object_component>
      <object_component id="oc-1cd">
         <name>.text:setClockSource</name>
         <load_address>0xd8c6</load_address>
         <run_address>0xd8c6</run_address>
         <size>0x1c</size>
         <input_file_ref idref="fl-3"/>
      </object_component>
      <object_component id="oc-65">
         <name>.text:_c_int00_noargs_noexit</name>
         <load_address>0xd8e2</load_address>
         <run_address>0xd8e2</run_address>
         <size>0x1a</size>
         <input_file_ref idref="fl-37"/>
      </object_component>
      <object_component id="oc-1d9">
         <name>.text:setFullScaleAccelRange</name>
         <load_address>0xd8fc</load_address>
         <run_address>0xd8fc</run_address>
         <size>0x1a</size>
         <input_file_ref idref="fl-3"/>
      </object_component>
      <object_component id="oc-1d3">
         <name>.text:setFullScaleGyroRange</name>
         <load_address>0xd916</load_address>
         <run_address>0xd916</run_address>
         <size>0x1a</size>
         <input_file_ref idref="fl-3"/>
      </object_component>
      <object_component id="oc-145">
         <name>.text:initializeTimer</name>
         <load_address>0xd930</load_address>
         <run_address>0xd930</run_address>
         <size>0x18</size>
         <input_file_ref idref="fl-5"/>
      </object_component>
      <object_component id="oc-286">
         <name>.text:I2Cread</name>
         <load_address>0xd948</load_address>
         <run_address>0xd948</run_address>
         <size>0x16</size>
         <input_file_ref idref="fl-2"/>
      </object_component>
      <object_component id="oc-213">
         <name>.text</name>
         <load_address>0xd95e</load_address>
         <run_address>0xd95e</run_address>
         <size>0x16</size>
         <input_file_ref idref="fl-3d"/>
      </object_component>
      <object_component id="oc-47">
         <name>.text:decompress:ZI:__TI_zero_init</name>
         <load_address>0xd974</load_address>
         <run_address>0xd974</run_address>
         <size>0x14</size>
         <input_file_ref idref="fl-3b"/>
      </object_component>
      <object_component id="oc-1df">
         <name>.text:setSleepEnabled</name>
         <load_address>0xd988</load_address>
         <run_address>0xd988</run_address>
         <size>0x14</size>
         <input_file_ref idref="fl-3"/>
      </object_component>
      <object_component id="oc-197">
         <name>.text:__mspabi_fixdu</name>
         <load_address>0xd99c</load_address>
         <run_address>0xd99c</run_address>
         <size>0x12</size>
         <input_file_ref idref="fl-43"/>
      </object_component>
      <object_component id="oc-2f">
         <name>.text:decompress:none:__TI_decompress_none</name>
         <load_address>0xd9ae</load_address>
         <run_address>0xd9ae</run_address>
         <size>0x12</size>
         <input_file_ref idref="fl-39"/>
      </object_component>
      <object_component id="oc-29a">
         <name>.text:l_lsr</name>
         <load_address>0xd9c0</load_address>
         <run_address>0xd9c0</run_address>
         <size>0x12</size>
         <input_file_ref idref="fl-58"/>
      </object_component>
      <object_component id="oc-8d">
         <name>.text:memcpy</name>
         <load_address>0xd9d2</load_address>
         <run_address>0xd9d2</run_address>
         <size>0x12</size>
         <input_file_ref idref="fl-59"/>
      </object_component>
      <object_component id="oc-29f">
         <name>.text:l_asr</name>
         <load_address>0xd9e4</load_address>
         <run_address>0xd9e4</run_address>
         <size>0x10</size>
         <input_file_ref idref="fl-62"/>
      </object_component>
      <object_component id="oc-295">
         <name>.text:l_lsl</name>
         <load_address>0xd9f4</load_address>
         <run_address>0xd9f4</run_address>
         <size>0x10</size>
         <input_file_ref idref="fl-56"/>
      </object_component>
      <object_component id="oc-108">
         <name>.text</name>
         <load_address>0xda04</load_address>
         <run_address>0xda04</run_address>
         <size>0x10</size>
         <input_file_ref idref="fl-3e"/>
      </object_component>
      <object_component id="oc-26e">
         <name>.text:I2CbeginTransmission</name>
         <load_address>0xda14</load_address>
         <run_address>0xda14</run_address>
         <size>0xe</size>
         <input_file_ref idref="fl-2"/>
      </object_component>
      <object_component id="oc-274">
         <name>.text:I2Cwrite</name>
         <load_address>0xda22</load_address>
         <run_address>0xda22</run_address>
         <size>0xe</size>
         <input_file_ref idref="fl-2"/>
      </object_component>
      <object_component id="oc-16e">
         <name>.text:__mspabi_fltid</name>
         <load_address>0xda30</load_address>
         <run_address>0xda30</run_address>
         <size>0xc</size>
         <input_file_ref idref="fl-45"/>
      </object_component>
      <object_component id="oc-151">
         <name>.text:__mspabi_fltud</name>
         <load_address>0xda3c</load_address>
         <run_address>0xda3c</run_address>
         <size>0x6</size>
         <input_file_ref idref="fl-47"/>
      </object_component>
      <object_component id="oc-a7">
         <name>.text:_isr:__TI_ISR_TRAP</name>
         <load_address>0xda42</load_address>
         <run_address>0xda42</run_address>
         <size>0x6</size>
         <input_file_ref idref="fl-54"/>
      </object_component>
      <object_component id="oc-35">
         <name>.text:decompress:rle24:__TI_decompress_rle24</name>
         <load_address>0xda48</load_address>
         <run_address>0xda48</run_address>
         <size>0x6</size>
         <input_file_ref idref="fl-3a"/>
      </object_component>
      <object_component id="oc-bf">
         <name>.text:_system_pre_init</name>
         <load_address>0xda4e</load_address>
         <run_address>0xda4e</run_address>
         <size>0x4</size>
         <input_file_ref idref="fl-5d"/>
      </object_component>
      <object_component id="oc-e7">
         <name>.text:abort</name>
         <load_address>0xda52</load_address>
         <run_address>0xda52</run_address>
         <size>0x4</size>
         <input_file_ref idref="fl-3f"/>
      </object_component>
      <object_component id="oc-312">
         <name>.cinit..data.load</name>
         <load_address>0xda58</load_address>
         <run_address>0xda58</run_address>
         <size>0x3f</size>
      </object_component>
      <object_component id="oc-30f">
         <name>__TI_handler_table</name>
         <load_address>0xda98</load_address>
         <run_address>0xda98</run_address>
         <size>0x6</size>
      </object_component>
      <object_component id="oc-311">
         <name>.cinit..bss.load</name>
         <load_address>0xda9e</load_address>
         <run_address>0xda9e</run_address>
         <size>0x4</size>
      </object_component>
      <object_component id="oc-310">
         <name>__TI_cinit_table</name>
         <load_address>0xdaa2</load_address>
         <run_address>0xdaa2</run_address>
         <size>0x8</size>
      </object_component>
      <object_component id="oc-13c">
         <name>.const</name>
         <load_address>0xda56</load_address>
         <run_address>0xda56</run_address>
         <size>0x1</size>
         <input_file_ref idref="fl-5"/>
      </object_component>
      <object_component id="oc-3b">
         <name>.int02</name>
         <load_address>0xffe4</load_address>
         <run_address>0xffe4</run_address>
         <size>0x2</size>
         <input_file_ref idref="fl-4a"/>
      </object_component>
      <object_component id="oc-3c">
         <name>.int03</name>
         <load_address>0xffe6</load_address>
         <run_address>0xffe6</run_address>
         <size>0x2</size>
         <input_file_ref idref="fl-4b"/>
      </object_component>
      <object_component id="oc-3d">
         <name>.int05</name>
         <load_address>0xffea</load_address>
         <run_address>0xffea</run_address>
         <size>0x2</size>
         <input_file_ref idref="fl-4c"/>
      </object_component>
      <object_component id="oc-3e">
         <name>.int06</name>
         <load_address>0xffec</load_address>
         <run_address>0xffec</run_address>
         <size>0x2</size>
         <input_file_ref idref="fl-2"/>
      </object_component>
      <object_component id="oc-3f">
         <name>.int07</name>
         <load_address>0xffee</load_address>
         <run_address>0xffee</run_address>
         <size>0x2</size>
         <input_file_ref idref="fl-4d"/>
      </object_component>
      <object_component id="oc-40">
         <name>.int08</name>
         <load_address>0xfff0</load_address>
         <run_address>0xfff0</run_address>
         <size>0x2</size>
         <input_file_ref idref="fl-4e"/>
      </object_component>
      <object_component id="oc-41">
         <name>.int09</name>
         <load_address>0xfff2</load_address>
         <run_address>0xfff2</run_address>
         <size>0x2</size>
         <input_file_ref idref="fl-5"/>
      </object_component>
      <object_component id="oc-42">
         <name>.int10</name>
         <load_address>0xfff4</load_address>
         <run_address>0xfff4</run_address>
         <size>0x2</size>
         <input_file_ref idref="fl-4f"/>
      </object_component>
      <object_component id="oc-43">
         <name>.int11</name>
         <load_address>0xfff6</load_address>
         <run_address>0xfff6</run_address>
         <size>0x2</size>
         <input_file_ref idref="fl-50"/>
      </object_component>
      <object_component id="oc-44">
         <name>.int12</name>
         <load_address>0xfff8</load_address>
         <run_address>0xfff8</run_address>
         <size>0x2</size>
         <input_file_ref idref="fl-51"/>
      </object_component>
      <object_component id="oc-45">
         <name>.int13</name>
         <load_address>0xfffa</load_address>
         <run_address>0xfffa</run_address>
         <size>0x2</size>
         <input_file_ref idref="fl-52"/>
      </object_component>
      <object_component id="oc-46">
         <name>.int14</name>
         <load_address>0xfffc</load_address>
         <run_address>0xfffc</run_address>
         <size>0x2</size>
         <input_file_ref idref="fl-53"/>
      </object_component>
      <object_component id="oc-8c">
         <name>.reset</name>
         <load_address>0xfffe</load_address>
         <run_address>0xfffe</run_address>
         <size>0x2</size>
         <input_file_ref idref="fl-36"/>
      </object_component>
      <object_component id="oc-118">
         <name>.common:bufferedDataOutput</name>
         <uninitialized>true</uninitialized>
         <run_address>0x28a</run_address>
         <size>0x6</size>
      </object_component>
      <object_component id="oc-11a">
         <name>.common:bufferedDataRX</name>
         <uninitialized>true</uninitialized>
         <run_address>0x264</run_address>
         <size>0xe</size>
      </object_component>
      <object_component id="oc-117">
         <name>.common:Bytecount</name>
         <uninitialized>true</uninitialized>
         <run_address>0x290</run_address>
         <size>0x2</size>
      </object_component>
      <object_component id="oc-114">
         <name>.common:TXByteCtr</name>
         <uninitialized>true</uninitialized>
         <run_address>0x29f</run_address>
         <size>0x1</size>
      </object_component>
      <object_component id="oc-119">
         <name>.common:RXByteCtr</name>
         <uninitialized>true</uninitialized>
         <run_address>0x29e</run_address>
         <size>0x1</size>
      </object_component>
      <object_component id="oc-209">
         <name>.common:buffer</name>
         <uninitialized>true</uninitialized>
         <run_address>0x256</run_address>
         <size>0xe</size>
      </object_component>
      <object_component id="oc-15f">
         <name>.common:ax$1</name>
         <uninitialized>true</uninitialized>
         <run_address>0x292</run_address>
         <size>0x2</size>
      </object_component>
      <object_component id="oc-160">
         <name>.common:ay$2</name>
         <uninitialized>true</uninitialized>
         <run_address>0x294</run_address>
         <size>0x2</size>
      </object_component>
      <object_component id="oc-161">
         <name>.common:az$3</name>
         <uninitialized>true</uninitialized>
         <run_address>0x296</run_address>
         <size>0x2</size>
      </object_component>
      <object_component id="oc-162">
         <name>.common:gx$4</name>
         <uninitialized>true</uninitialized>
         <run_address>0x298</run_address>
         <size>0x2</size>
      </object_component>
      <object_component id="oc-15d">
         <name>.common:gy$5</name>
         <uninitialized>true</uninitialized>
         <run_address>0x29a</run_address>
         <size>0x2</size>
      </object_component>
      <object_component id="oc-15e">
         <name>.common:gz$6</name>
         <uninitialized>true</uninitialized>
         <run_address>0x29c</run_address>
         <size>0x2</size>
      </object_component>
      <object_component id="oc-174">
         <name>.common:gyro</name>
         <uninitialized>true</uninitialized>
         <run_address>0x27a</run_address>
         <size>0x8</size>
      </object_component>
      <object_component id="oc-177">
         <name>.common:accel</name>
         <uninitialized>true</uninitialized>
         <run_address>0x272</run_address>
         <size>0x8</size>
      </object_component>
      <object_component id="oc-190">
         <name>.common:output</name>
         <uninitialized>true</uninitialized>
         <run_address>0x282</run_address>
         <size>0x8</size>
      </object_component>
      <object_component id="oc-111">
         <name>.data</name>
         <load_address>0x24c</load_address>
         <run_address>0x24c</run_address>
         <size>0xa</size>
         <input_file_ref idref="fl-2"/>
      </object_component>
      <object_component id="oc-11c">
         <name>.data</name>
         <load_address>0x200</load_address>
         <run_address>0x200</run_address>
         <size>0x4c</size>
         <input_file_ref idref="fl-5"/>
      </object_component>
      <object_component id="oc-115">
         <name>.debug_info</name>
         <load_address>0x0</load_address>
         <run_address>0x0</run_address>
         <size>0x3cf</size>
         <input_file_ref idref="fl-2"/>
      </object_component>
      <object_component id="oc-112">
         <name>.debug_info</name>
         <load_address>0x3cf</load_address>
         <run_address>0x3cf</run_address>
         <size>0x194</size>
         <input_file_ref idref="fl-2"/>
      </object_component>
      <object_component id="oc-ad">
         <name>.debug_info</name>
         <load_address>0x563</load_address>
         <run_address>0x563</run_address>
         <size>0x12c</size>
         <input_file_ref idref="fl-2"/>
      </object_component>
      <object_component id="oc-26f">
         <name>.debug_info</name>
         <load_address>0x68f</load_address>
         <run_address>0x68f</run_address>
         <size>0x167</size>
         <input_file_ref idref="fl-2"/>
      </object_component>
      <object_component id="oc-275">
         <name>.debug_info</name>
         <load_address>0x7f6</load_address>
         <run_address>0x7f6</run_address>
         <size>0x143</size>
         <input_file_ref idref="fl-2"/>
      </object_component>
      <object_component id="oc-27b">
         <name>.debug_info</name>
         <load_address>0x939</load_address>
         <run_address>0x939</run_address>
         <size>0x135</size>
         <input_file_ref idref="fl-2"/>
      </object_component>
      <object_component id="oc-281">
         <name>.debug_info</name>
         <load_address>0xa6e</load_address>
         <run_address>0xa6e</run_address>
         <size>0x17e</size>
         <input_file_ref idref="fl-2"/>
      </object_component>
      <object_component id="oc-287">
         <name>.debug_info</name>
         <load_address>0xbec</load_address>
         <run_address>0xbec</run_address>
         <size>0x132</size>
         <input_file_ref idref="fl-2"/>
      </object_component>
      <object_component id="oc-f5">
         <name>.debug_info</name>
         <load_address>0xd1e</load_address>
         <run_address>0xd1e</run_address>
         <size>0x84</size>
         <input_file_ref idref="fl-2"/>
      </object_component>
      <object_component id="oc-19e">
         <name>.debug_info</name>
         <load_address>0xda2</load_address>
         <run_address>0xda2</run_address>
         <size>0x18b</size>
         <input_file_ref idref="fl-2"/>
      </object_component>
      <object_component id="oc-20a">
         <name>.debug_info</name>
         <load_address>0xf2d</load_address>
         <run_address>0xf2d</run_address>
         <size>0x27f</size>
         <input_file_ref idref="fl-3"/>
      </object_component>
      <object_component id="oc-137">
         <name>.debug_info</name>
         <load_address>0x11ac</load_address>
         <run_address>0x11ac</run_address>
         <size>0x1d3</size>
         <input_file_ref idref="fl-3"/>
      </object_component>
      <object_component id="oc-2b1">
         <name>.debug_info</name>
         <load_address>0x137f</load_address>
         <run_address>0x137f</run_address>
         <size>0x213</size>
         <input_file_ref idref="fl-3"/>
      </object_component>
      <object_component id="oc-20d">
         <name>.debug_info</name>
         <load_address>0x1592</load_address>
         <run_address>0x1592</run_address>
         <size>0x272</size>
         <input_file_ref idref="fl-3"/>
      </object_component>
      <object_component id="oc-2b7">
         <name>.debug_info</name>
         <load_address>0x1804</load_address>
         <run_address>0x1804</run_address>
         <size>0x1e8</size>
         <input_file_ref idref="fl-3"/>
      </object_component>
      <object_component id="oc-24a">
         <name>.debug_info</name>
         <load_address>0x19ec</load_address>
         <run_address>0x19ec</run_address>
         <size>0x236</size>
         <input_file_ref idref="fl-3"/>
      </object_component>
      <object_component id="oc-1da">
         <name>.debug_info</name>
         <load_address>0x1c22</load_address>
         <run_address>0x1c22</run_address>
         <size>0x181</size>
         <input_file_ref idref="fl-3"/>
      </object_component>
      <object_component id="oc-1d4">
         <name>.debug_info</name>
         <load_address>0x1da3</load_address>
         <run_address>0x1da3</run_address>
         <size>0x17b</size>
         <input_file_ref idref="fl-3"/>
      </object_component>
      <object_component id="oc-1ce">
         <name>.debug_info</name>
         <load_address>0x1f1e</load_address>
         <run_address>0x1f1e</run_address>
         <size>0x171</size>
         <input_file_ref idref="fl-3"/>
      </object_component>
      <object_component id="oc-1e0">
         <name>.debug_info</name>
         <load_address>0x208f</load_address>
         <run_address>0x208f</run_address>
         <size>0x178</size>
         <input_file_ref idref="fl-3"/>
      </object_component>
      <object_component id="oc-241">
         <name>.debug_info</name>
         <load_address>0x2207</load_address>
         <run_address>0x2207</run_address>
         <size>0x298</size>
         <input_file_ref idref="fl-3"/>
      </object_component>
      <object_component id="oc-164">
         <name>.debug_info</name>
         <load_address>0x249f</load_address>
         <run_address>0x249f</run_address>
         <size>0x1df</size>
         <input_file_ref idref="fl-3"/>
      </object_component>
      <object_component id="oc-14c">
         <name>.debug_info</name>
         <load_address>0x267e</load_address>
         <run_address>0x267e</run_address>
         <size>0x157</size>
         <input_file_ref idref="fl-3"/>
      </object_component>
      <object_component id="oc-140">
         <name>.debug_info</name>
         <load_address>0x27d5</load_address>
         <run_address>0x27d5</run_address>
         <size>0x121</size>
         <input_file_ref idref="fl-4"/>
      </object_component>
      <object_component id="oc-175">
         <name>.debug_info</name>
         <load_address>0x28f6</load_address>
         <run_address>0x28f6</run_address>
         <size>0x38f</size>
         <input_file_ref idref="fl-5"/>
      </object_component>
      <object_component id="oc-13d">
         <name>.debug_info</name>
         <load_address>0x2c85</load_address>
         <run_address>0x2c85</run_address>
         <size>0xe2</size>
         <input_file_ref idref="fl-5"/>
      </object_component>
      <object_component id="oc-11d">
         <name>.debug_info</name>
         <load_address>0x2d67</load_address>
         <run_address>0x2d67</run_address>
         <size>0x260</size>
         <input_file_ref idref="fl-5"/>
      </object_component>
      <object_component id="oc-e0">
         <name>.debug_info</name>
         <load_address>0x2fc7</load_address>
         <run_address>0x2fc7</run_address>
         <size>0x44b</size>
         <input_file_ref idref="fl-5"/>
      </object_component>
      <object_component id="oc-146">
         <name>.debug_info</name>
         <load_address>0x3412</load_address>
         <run_address>0x3412</run_address>
         <size>0x11d</size>
         <input_file_ref idref="fl-5"/>
      </object_component>
      <object_component id="oc-b3">
         <name>.debug_info</name>
         <load_address>0x352f</load_address>
         <run_address>0x352f</run_address>
         <size>0x112</size>
         <input_file_ref idref="fl-5"/>
      </object_component>
      <object_component id="oc-229">
         <name>.debug_info</name>
         <load_address>0x3641</load_address>
         <run_address>0x3641</run_address>
         <size>0x1fa</size>
         <input_file_ref idref="fl-34"/>
      </object_component>
      <object_component id="oc-17a">
         <name>.debug_info</name>
         <load_address>0x383b</load_address>
         <run_address>0x383b</run_address>
         <size>0x236</size>
         <input_file_ref idref="fl-34"/>
      </object_component>
      <object_component id="oc-204">
         <name>.debug_info</name>
         <load_address>0x3a71</load_address>
         <run_address>0x3a71</run_address>
         <size>0x94</size>
         <input_file_ref idref="fl-34"/>
      </object_component>
      <object_component id="oc-1f3">
         <name>.debug_info</name>
         <load_address>0x3b05</load_address>
         <run_address>0x3b05</run_address>
         <size>0xff</size>
         <input_file_ref idref="fl-35"/>
      </object_component>
      <object_component id="oc-8a">
         <name>.debug_info</name>
         <load_address>0x3c04</load_address>
         <run_address>0x3c04</run_address>
         <size>0xd8</size>
         <input_file_ref idref="fl-36"/>
      </object_component>
      <object_component id="oc-66">
         <name>.debug_info</name>
         <load_address>0x3cdc</load_address>
         <run_address>0x3cdc</run_address>
         <size>0x179</size>
         <input_file_ref idref="fl-37"/>
      </object_component>
      <object_component id="oc-192">
         <name>.debug_info</name>
         <load_address>0x3e55</load_address>
         <run_address>0x3e55</run_address>
         <size>0x187</size>
         <input_file_ref idref="fl-38"/>
      </object_component>
      <object_component id="oc-99">
         <name>.debug_info</name>
         <load_address>0x3fdc</load_address>
         <run_address>0x3fdc</run_address>
         <size>0x195</size>
         <input_file_ref idref="fl-39"/>
      </object_component>
      <object_component id="oc-32">
         <name>.debug_info</name>
         <load_address>0x4171</load_address>
         <run_address>0x4171</run_address>
         <size>0x1c2</size>
         <input_file_ref idref="fl-39"/>
      </object_component>
      <object_component id="oc-94">
         <name>.debug_info</name>
         <load_address>0x4333</load_address>
         <run_address>0x4333</run_address>
         <size>0x46</size>
         <input_file_ref idref="fl-39"/>
      </object_component>
      <object_component id="oc-101">
         <name>.debug_info</name>
         <load_address>0x4379</load_address>
         <run_address>0x4379</run_address>
         <size>0x2c</size>
         <input_file_ref idref="fl-39"/>
      </object_component>
      <object_component id="oc-a1">
         <name>.debug_info</name>
         <load_address>0x43a5</load_address>
         <run_address>0x43a5</run_address>
         <size>0x157</size>
         <input_file_ref idref="fl-3a"/>
      </object_component>
      <object_component id="oc-9b">
         <name>.debug_info</name>
         <load_address>0x44fc</load_address>
         <run_address>0x44fc</run_address>
         <size>0x21d</size>
         <input_file_ref idref="fl-3a"/>
      </object_component>
      <object_component id="oc-36">
         <name>.debug_info</name>
         <load_address>0x4719</load_address>
         <run_address>0x4719</run_address>
         <size>0x194</size>
         <input_file_ref idref="fl-3a"/>
      </object_component>
      <object_component id="oc-a2">
         <name>.debug_info</name>
         <load_address>0x48ad</load_address>
         <run_address>0x48ad</run_address>
         <size>0x39</size>
         <input_file_ref idref="fl-3a"/>
      </object_component>
      <object_component id="oc-be">
         <name>.debug_info</name>
         <load_address>0x48e6</load_address>
         <run_address>0x48e6</run_address>
         <size>0x14d</size>
         <input_file_ref idref="fl-3b"/>
      </object_component>
      <object_component id="oc-48">
         <name>.debug_info</name>
         <load_address>0x4a33</load_address>
         <run_address>0x4a33</run_address>
         <size>0x198</size>
         <input_file_ref idref="fl-3b"/>
      </object_component>
      <object_component id="oc-b9">
         <name>.debug_info</name>
         <load_address>0x4bcb</load_address>
         <run_address>0x4bcb</run_address>
         <size>0x46</size>
         <input_file_ref idref="fl-3b"/>
      </object_component>
      <object_component id="oc-fc">
         <name>.debug_info</name>
         <load_address>0x4c11</load_address>
         <run_address>0x4c11</run_address>
         <size>0x2c</size>
         <input_file_ref idref="fl-3b"/>
      </object_component>
      <object_component id="oc-16b">
         <name>.debug_info</name>
         <load_address>0x4c3d</load_address>
         <run_address>0x4c3d</run_address>
         <size>0x114</size>
         <input_file_ref idref="fl-3c"/>
      </object_component>
      <object_component id="oc-214">
         <name>.debug_info</name>
         <load_address>0x4d51</load_address>
         <run_address>0x4d51</run_address>
         <size>0x100</size>
         <input_file_ref idref="fl-3d"/>
      </object_component>
      <object_component id="oc-109">
         <name>.debug_info</name>
         <load_address>0x4e51</load_address>
         <run_address>0x4e51</run_address>
         <size>0x10d</size>
         <input_file_ref idref="fl-3e"/>
      </object_component>
      <object_component id="oc-e8">
         <name>.debug_info</name>
         <load_address>0x4f5e</load_address>
         <run_address>0x4f5e</run_address>
         <size>0xfa</size>
         <input_file_ref idref="fl-3f"/>
      </object_component>
      <object_component id="oc-17f">
         <name>.debug_info</name>
         <load_address>0x5058</load_address>
         <run_address>0x5058</run_address>
         <size>0x149</size>
         <input_file_ref idref="fl-41"/>
      </object_component>
      <object_component id="oc-22c">
         <name>.debug_info</name>
         <load_address>0x51a1</load_address>
         <run_address>0x51a1</run_address>
         <size>0x198</size>
         <input_file_ref idref="fl-42"/>
      </object_component>
      <object_component id="oc-198">
         <name>.debug_info</name>
         <load_address>0x5339</load_address>
         <run_address>0x5339</run_address>
         <size>0x143</size>
         <input_file_ref idref="fl-43"/>
      </object_component>
      <object_component id="oc-235">
         <name>.debug_info</name>
         <load_address>0x547c</load_address>
         <run_address>0x547c</run_address>
         <size>0x198</size>
         <input_file_ref idref="fl-44"/>
      </object_component>
      <object_component id="oc-16f">
         <name>.debug_info</name>
         <load_address>0x5614</load_address>
         <run_address>0x5614</run_address>
         <size>0x13e</size>
         <input_file_ref idref="fl-45"/>
      </object_component>
      <object_component id="oc-28f">
         <name>.debug_info</name>
         <load_address>0x5752</load_address>
         <run_address>0x5752</run_address>
         <size>0x1be</size>
         <input_file_ref idref="fl-46"/>
      </object_component>
      <object_component id="oc-21b">
         <name>.debug_info</name>
         <load_address>0x5910</load_address>
         <run_address>0x5910</run_address>
         <size>0x1f3</size>
         <input_file_ref idref="fl-46"/>
      </object_component>
      <object_component id="oc-152">
         <name>.debug_info</name>
         <load_address>0x5b03</load_address>
         <run_address>0x5b03</run_address>
         <size>0x13e</size>
         <input_file_ref idref="fl-47"/>
      </object_component>
      <object_component id="oc-25b">
         <name>.debug_info</name>
         <load_address>0x5c41</load_address>
         <run_address>0x5c41</run_address>
         <size>0x1be</size>
         <input_file_ref idref="fl-48"/>
      </object_component>
      <object_component id="oc-1ee">
         <name>.debug_info</name>
         <load_address>0x5dff</load_address>
         <run_address>0x5dff</run_address>
         <size>0x1bb</size>
         <input_file_ref idref="fl-48"/>
      </object_component>
      <object_component id="oc-2ab">
         <name>.debug_info</name>
         <load_address>0x5fba</load_address>
         <run_address>0x5fba</run_address>
         <size>0x1f3</size>
         <input_file_ref idref="fl-49"/>
      </object_component>
      <object_component id="oc-223">
         <name>.debug_info</name>
         <load_address>0x61ad</load_address>
         <run_address>0x61ad</run_address>
         <size>0x301</size>
         <input_file_ref idref="fl-49"/>
      </object_component>
      <object_component id="oc-a9">
         <name>.debug_info</name>
         <load_address>0x64ae</load_address>
         <run_address>0x64ae</run_address>
         <size>0xee</size>
         <input_file_ref idref="fl-54"/>
      </object_component>
      <object_component id="oc-1fe">
         <name>.debug_info</name>
         <load_address>0x659c</load_address>
         <run_address>0x659c</run_address>
         <size>0xff</size>
         <input_file_ref idref="fl-55"/>
      </object_component>
      <object_component id="oc-296">
         <name>.debug_info</name>
         <load_address>0x669b</load_address>
         <run_address>0x669b</run_address>
         <size>0xff</size>
         <input_file_ref idref="fl-56"/>
      </object_component>
      <object_component id="oc-251">
         <name>.debug_info</name>
         <load_address>0x679a</load_address>
         <run_address>0x679a</run_address>
         <size>0x105</size>
         <input_file_ref idref="fl-56"/>
      </object_component>
      <object_component id="oc-291">
         <name>.debug_info</name>
         <load_address>0x689f</load_address>
         <run_address>0x689f</run_address>
         <size>0xff</size>
         <input_file_ref idref="fl-57"/>
      </object_component>
      <object_component id="oc-29b">
         <name>.debug_info</name>
         <load_address>0x699e</load_address>
         <run_address>0x699e</run_address>
         <size>0xff</size>
         <input_file_ref idref="fl-58"/>
      </object_component>
      <object_component id="oc-256">
         <name>.debug_info</name>
         <load_address>0x6a9d</load_address>
         <run_address>0x6a9d</run_address>
         <size>0x105</size>
         <input_file_ref idref="fl-58"/>
      </object_component>
      <object_component id="oc-fb">
         <name>.debug_info</name>
         <load_address>0x6ba2</load_address>
         <run_address>0x6ba2</run_address>
         <size>0x150</size>
         <input_file_ref idref="fl-59"/>
      </object_component>
      <object_component id="oc-8e">
         <name>.debug_info</name>
         <load_address>0x6cf2</load_address>
         <run_address>0x6cf2</run_address>
         <size>0x174</size>
         <input_file_ref idref="fl-59"/>
      </object_component>
      <object_component id="oc-203">
         <name>.debug_info</name>
         <load_address>0x6e66</load_address>
         <run_address>0x6e66</run_address>
         <size>0x1f5</size>
         <input_file_ref idref="fl-5b"/>
      </object_component>
      <object_component id="oc-158">
         <name>.debug_info</name>
         <load_address>0x705b</load_address>
         <run_address>0x705b</run_address>
         <size>0x2ae</size>
         <input_file_ref idref="fl-5b"/>
      </object_component>
      <object_component id="oc-186">
         <name>.debug_info</name>
         <load_address>0x7309</load_address>
         <run_address>0x7309</run_address>
         <size>0x130</size>
         <input_file_ref idref="fl-5c"/>
      </object_component>
      <object_component id="oc-c0">
         <name>.debug_info</name>
         <load_address>0x7439</load_address>
         <run_address>0x7439</run_address>
         <size>0x12b</size>
         <input_file_ref idref="fl-5d"/>
      </object_component>
      <object_component id="oc-2d2">
         <name>.debug_info</name>
         <load_address>0x7564</load_address>
         <run_address>0x7564</run_address>
         <size>0x1c5</size>
         <input_file_ref idref="fl-5e"/>
      </object_component>
      <object_component id="oc-2a5">
         <name>.debug_info</name>
         <load_address>0x7729</load_address>
         <run_address>0x7729</run_address>
         <size>0x1d1</size>
         <input_file_ref idref="fl-5e"/>
      </object_component>
      <object_component id="oc-18e">
         <name>.debug_info</name>
         <load_address>0x78fa</load_address>
         <run_address>0x78fa</run_address>
         <size>0x165</size>
         <input_file_ref idref="fl-5f"/>
      </object_component>
      <object_component id="oc-2a0">
         <name>.debug_info</name>
         <load_address>0x7a5f</load_address>
         <run_address>0x7a5f</run_address>
         <size>0xff</size>
         <input_file_ref idref="fl-62"/>
      </object_component>
      <object_component id="oc-263">
         <name>.debug_info</name>
         <load_address>0x7b5e</load_address>
         <run_address>0x7b5e</run_address>
         <size>0x105</size>
         <input_file_ref idref="fl-62"/>
      </object_component>
      <object_component id="oc-124">
         <name>.debug_info</name>
         <load_address>0x7c63</load_address>
         <run_address>0x7c63</run_address>
         <size>0x2cc</size>
         <input_file_ref idref="fl-63"/>
      </object_component>
      <object_component id="oc-c6">
         <name>.debug_info</name>
         <load_address>0x7f2f</load_address>
         <run_address>0x7f2f</run_address>
         <size>0x17e</size>
         <input_file_ref idref="fl-63"/>
      </object_component>
      <object_component id="oc-1af">
         <name>.debug_info</name>
         <load_address>0x80ad</load_address>
         <run_address>0x80ad</run_address>
         <size>0x39</size>
         <input_file_ref idref="fl-63"/>
      </object_component>
      <object_component id="oc-268">
         <name>.debug_info</name>
         <load_address>0x80e6</load_address>
         <run_address>0x80e6</run_address>
         <size>0x1e1</size>
         <input_file_ref idref="fl-64"/>
      </object_component>
      <object_component id="oc-1f8">
         <name>.debug_info</name>
         <load_address>0x82c7</load_address>
         <run_address>0x82c7</run_address>
         <size>0x3af</size>
         <input_file_ref idref="fl-64"/>
      </object_component>
      <object_component id="oc-25f">
         <name>.debug_info</name>
         <load_address>0x8676</load_address>
         <run_address>0x8676</run_address>
         <size>0x100</size>
         <input_file_ref idref="fl-65"/>
      </object_component>
      <object_component id="oc-314">
         <name>.debug_info</name>
         <load_address>0x8776</load_address>
         <run_address>0x8776</run_address>
         <size>0xbb</size>
      </object_component>
      <object_component id="oc-1aa">
         <name>.debug_line</name>
         <load_address>0x0</load_address>
         <run_address>0x0</run_address>
         <size>0xaf</size>
         <input_file_ref idref="fl-2"/>
      </object_component>
      <object_component id="oc-1a8">
         <name>.debug_line</name>
         <load_address>0xaf</load_address>
         <run_address>0xaf</run_address>
         <size>0x33</size>
         <input_file_ref idref="fl-2"/>
      </object_component>
      <object_component id="oc-b0">
         <name>.debug_line</name>
         <load_address>0xe2</load_address>
         <run_address>0xe2</run_address>
         <size>0x8c</size>
         <input_file_ref idref="fl-2"/>
      </object_component>
      <object_component id="oc-272">
         <name>.debug_line</name>
         <load_address>0x16e</load_address>
         <run_address>0x16e</run_address>
         <size>0x4b</size>
         <input_file_ref idref="fl-2"/>
      </object_component>
      <object_component id="oc-278">
         <name>.debug_line</name>
         <load_address>0x1b9</load_address>
         <run_address>0x1b9</run_address>
         <size>0x4a</size>
         <input_file_ref idref="fl-2"/>
      </object_component>
      <object_component id="oc-27e">
         <name>.debug_line</name>
         <load_address>0x203</load_address>
         <run_address>0x203</run_address>
         <size>0x5c</size>
         <input_file_ref idref="fl-2"/>
      </object_component>
      <object_component id="oc-284">
         <name>.debug_line</name>
         <load_address>0x25f</load_address>
         <run_address>0x25f</run_address>
         <size>0x5d</size>
         <input_file_ref idref="fl-2"/>
      </object_component>
      <object_component id="oc-28a">
         <name>.debug_line</name>
         <load_address>0x2bc</load_address>
         <run_address>0x2bc</run_address>
         <size>0x52</size>
         <input_file_ref idref="fl-2"/>
      </object_component>
      <object_component id="oc-f8">
         <name>.debug_line</name>
         <load_address>0x30e</load_address>
         <run_address>0x30e</run_address>
         <size>0x20</size>
         <input_file_ref idref="fl-2"/>
      </object_component>
      <object_component id="oc-1a1">
         <name>.debug_line</name>
         <load_address>0x32e</load_address>
         <run_address>0x32e</run_address>
         <size>0x63</size>
         <input_file_ref idref="fl-2"/>
      </object_component>
      <object_component id="oc-26d">
         <name>.debug_line</name>
         <load_address>0x391</load_address>
         <run_address>0x391</run_address>
         <size>0x91</size>
         <input_file_ref idref="fl-3"/>
      </object_component>
      <object_component id="oc-13a">
         <name>.debug_line</name>
         <load_address>0x422</load_address>
         <run_address>0x422</run_address>
         <size>0x51</size>
         <input_file_ref idref="fl-3"/>
      </object_component>
      <object_component id="oc-2b4">
         <name>.debug_line</name>
         <load_address>0x473</load_address>
         <run_address>0x473</run_address>
         <size>0x52</size>
         <input_file_ref idref="fl-3"/>
      </object_component>
      <object_component id="oc-210">
         <name>.debug_line</name>
         <load_address>0x4c5</load_address>
         <run_address>0x4c5</run_address>
         <size>0x5c</size>
         <input_file_ref idref="fl-3"/>
      </object_component>
      <object_component id="oc-2ba">
         <name>.debug_line</name>
         <load_address>0x521</load_address>
         <run_address>0x521</run_address>
         <size>0x50</size>
         <input_file_ref idref="fl-3"/>
      </object_component>
      <object_component id="oc-24d">
         <name>.debug_line</name>
         <load_address>0x571</load_address>
         <run_address>0x571</run_address>
         <size>0x53</size>
         <input_file_ref idref="fl-3"/>
      </object_component>
      <object_component id="oc-1dd">
         <name>.debug_line</name>
         <load_address>0x5c4</load_address>
         <run_address>0x5c4</run_address>
         <size>0x4d</size>
         <input_file_ref idref="fl-3"/>
      </object_component>
      <object_component id="oc-1d7">
         <name>.debug_line</name>
         <load_address>0x611</load_address>
         <run_address>0x611</run_address>
         <size>0x4d</size>
         <input_file_ref idref="fl-3"/>
      </object_component>
      <object_component id="oc-1d1">
         <name>.debug_line</name>
         <load_address>0x65e</load_address>
         <run_address>0x65e</run_address>
         <size>0x4d</size>
         <input_file_ref idref="fl-3"/>
      </object_component>
      <object_component id="oc-1e3">
         <name>.debug_line</name>
         <load_address>0x6ab</load_address>
         <run_address>0x6ab</run_address>
         <size>0x4d</size>
         <input_file_ref idref="fl-3"/>
      </object_component>
      <object_component id="oc-244">
         <name>.debug_line</name>
         <load_address>0x6f8</load_address>
         <run_address>0x6f8</run_address>
         <size>0x5a</size>
         <input_file_ref idref="fl-3"/>
      </object_component>
      <object_component id="oc-167">
         <name>.debug_line</name>
         <load_address>0x752</load_address>
         <run_address>0x752</run_address>
         <size>0x53</size>
         <input_file_ref idref="fl-3"/>
      </object_component>
      <object_component id="oc-14f">
         <name>.debug_line</name>
         <load_address>0x7a5</load_address>
         <run_address>0x7a5</run_address>
         <size>0x53</size>
         <input_file_ref idref="fl-3"/>
      </object_component>
      <object_component id="oc-143">
         <name>.debug_line</name>
         <load_address>0x7f8</load_address>
         <run_address>0x7f8</run_address>
         <size>0x47</size>
         <input_file_ref idref="fl-4"/>
      </object_component>
      <object_component id="oc-221">
         <name>.debug_line</name>
         <load_address>0x83f</load_address>
         <run_address>0x83f</run_address>
         <size>0x9b</size>
         <input_file_ref idref="fl-5"/>
      </object_component>
      <object_component id="oc-1e7">
         <name>.debug_line</name>
         <load_address>0x8da</load_address>
         <run_address>0x8da</run_address>
         <size>0x2d</size>
         <input_file_ref idref="fl-5"/>
      </object_component>
      <object_component id="oc-1ac">
         <name>.debug_line</name>
         <load_address>0x907</load_address>
         <run_address>0x907</run_address>
         <size>0x2d</size>
         <input_file_ref idref="fl-5"/>
      </object_component>
      <object_component id="oc-e3">
         <name>.debug_line</name>
         <load_address>0x934</load_address>
         <run_address>0x934</run_address>
         <size>0x6f</size>
         <input_file_ref idref="fl-5"/>
      </object_component>
      <object_component id="oc-149">
         <name>.debug_line</name>
         <load_address>0x9a3</load_address>
         <run_address>0x9a3</run_address>
         <size>0x46</size>
         <input_file_ref idref="fl-5"/>
      </object_component>
      <object_component id="oc-b6">
         <name>.debug_line</name>
         <load_address>0x9e9</load_address>
         <run_address>0x9e9</run_address>
         <size>0x58</size>
         <input_file_ref idref="fl-5"/>
      </object_component>
      <object_component id="oc-2ad">
         <name>.debug_line</name>
         <load_address>0xa41</load_address>
         <run_address>0xa41</run_address>
         <size>0x2d</size>
         <input_file_ref idref="fl-34"/>
      </object_component>
      <object_component id="oc-17c">
         <name>.debug_line</name>
         <load_address>0xa6e</load_address>
         <run_address>0xa6e</run_address>
         <size>0xcb</size>
         <input_file_ref idref="fl-34"/>
      </object_component>
      <object_component id="oc-207">
         <name>.debug_line</name>
         <load_address>0xb39</load_address>
         <run_address>0xb39</run_address>
         <size>0x2e</size>
         <input_file_ref idref="fl-34"/>
      </object_component>
      <object_component id="oc-1f6">
         <name>.debug_line</name>
         <load_address>0xb67</load_address>
         <run_address>0xb67</run_address>
         <size>0x4e</size>
         <input_file_ref idref="fl-35"/>
      </object_component>
      <object_component id="oc-f4">
         <name>.debug_line</name>
         <load_address>0xbb5</load_address>
         <run_address>0xbb5</run_address>
         <size>0x2a</size>
         <input_file_ref idref="fl-36"/>
      </object_component>
      <object_component id="oc-69">
         <name>.debug_line</name>
         <load_address>0xbdf</load_address>
         <run_address>0xbdf</run_address>
         <size>0x4c</size>
         <input_file_ref idref="fl-37"/>
      </object_component>
      <object_component id="oc-195">
         <name>.debug_line</name>
         <load_address>0xc2b</load_address>
         <run_address>0xc2b</run_address>
         <size>0x75</size>
         <input_file_ref idref="fl-38"/>
      </object_component>
      <object_component id="oc-107">
         <name>.debug_line</name>
         <load_address>0xca0</load_address>
         <run_address>0xca0</run_address>
         <size>0x72</size>
         <input_file_ref idref="fl-39"/>
      </object_component>
      <object_component id="oc-34">
         <name>.debug_line</name>
         <load_address>0xd12</load_address>
         <run_address>0xd12</run_address>
         <size>0x50</size>
         <input_file_ref idref="fl-39"/>
      </object_component>
      <object_component id="oc-97">
         <name>.debug_line</name>
         <load_address>0xd62</load_address>
         <run_address>0xd62</run_address>
         <size>0x3a</size>
         <input_file_ref idref="fl-39"/>
      </object_component>
      <object_component id="oc-104">
         <name>.debug_line</name>
         <load_address>0xd9c</load_address>
         <run_address>0xd9c</run_address>
         <size>0x72</size>
         <input_file_ref idref="fl-39"/>
      </object_component>
      <object_component id="oc-10f">
         <name>.debug_line</name>
         <load_address>0xe0e</load_address>
         <run_address>0xe0e</run_address>
         <size>0x20</size>
         <input_file_ref idref="fl-3a"/>
      </object_component>
      <object_component id="oc-9e">
         <name>.debug_line</name>
         <load_address>0xe2e</load_address>
         <run_address>0xe2e</run_address>
         <size>0x87</size>
         <input_file_ref idref="fl-3a"/>
      </object_component>
      <object_component id="oc-39">
         <name>.debug_line</name>
         <load_address>0xeb5</load_address>
         <run_address>0xeb5</run_address>
         <size>0x49</size>
         <input_file_ref idref="fl-3a"/>
      </object_component>
      <object_component id="oc-a5">
         <name>.debug_line</name>
         <load_address>0xefe</load_address>
         <run_address>0xefe</run_address>
         <size>0x39</size>
         <input_file_ref idref="fl-3a"/>
      </object_component>
      <object_component id="oc-121">
         <name>.debug_line</name>
         <load_address>0xf37</load_address>
         <run_address>0xf37</run_address>
         <size>0x20</size>
         <input_file_ref idref="fl-3b"/>
      </object_component>
      <object_component id="oc-4b">
         <name>.debug_line</name>
         <load_address>0xf57</load_address>
         <run_address>0xf57</run_address>
         <size>0x4d</size>
         <input_file_ref idref="fl-3b"/>
      </object_component>
      <object_component id="oc-bc">
         <name>.debug_line</name>
         <load_address>0xfa4</load_address>
         <run_address>0xfa4</run_address>
         <size>0x34</size>
         <input_file_ref idref="fl-3b"/>
      </object_component>
      <object_component id="oc-ff">
         <name>.debug_line</name>
         <load_address>0xfd8</load_address>
         <run_address>0xfd8</run_address>
         <size>0x72</size>
         <input_file_ref idref="fl-3b"/>
      </object_component>
      <object_component id="oc-16a">
         <name>.debug_line</name>
         <load_address>0x104a</load_address>
         <run_address>0x104a</run_address>
         <size>0x4d</size>
         <input_file_ref idref="fl-3c"/>
      </object_component>
      <object_component id="oc-217">
         <name>.debug_line</name>
         <load_address>0x1097</load_address>
         <run_address>0x1097</run_address>
         <size>0x43</size>
         <input_file_ref idref="fl-3d"/>
      </object_component>
      <object_component id="oc-10c">
         <name>.debug_line</name>
         <load_address>0x10da</load_address>
         <run_address>0x10da</run_address>
         <size>0x40</size>
         <input_file_ref idref="fl-3e"/>
      </object_component>
      <object_component id="oc-eb">
         <name>.debug_line</name>
         <load_address>0x111a</load_address>
         <run_address>0x111a</run_address>
         <size>0x3a</size>
         <input_file_ref idref="fl-3f"/>
      </object_component>
      <object_component id="oc-182">
         <name>.debug_line</name>
         <load_address>0x1154</load_address>
         <run_address>0x1154</run_address>
         <size>0x3d</size>
         <input_file_ref idref="fl-41"/>
      </object_component>
      <object_component id="oc-22b">
         <name>.debug_line</name>
         <load_address>0x1191</load_address>
         <run_address>0x1191</run_address>
         <size>0x61</size>
         <input_file_ref idref="fl-42"/>
      </object_component>
      <object_component id="oc-19b">
         <name>.debug_line</name>
         <load_address>0x11f2</load_address>
         <run_address>0x11f2</run_address>
         <size>0x3d</size>
         <input_file_ref idref="fl-43"/>
      </object_component>
      <object_component id="oc-238">
         <name>.debug_line</name>
         <load_address>0x122f</load_address>
         <run_address>0x122f</run_address>
         <size>0x5a</size>
         <input_file_ref idref="fl-44"/>
      </object_component>
      <object_component id="oc-172">
         <name>.debug_line</name>
         <load_address>0x1289</load_address>
         <run_address>0x1289</run_address>
         <size>0x3d</size>
         <input_file_ref idref="fl-45"/>
      </object_component>
      <object_component id="oc-2cc">
         <name>.debug_line</name>
         <load_address>0x12c6</load_address>
         <run_address>0x12c6</run_address>
         <size>0x20</size>
         <input_file_ref idref="fl-46"/>
      </object_component>
      <object_component id="oc-21e">
         <name>.debug_line</name>
         <load_address>0x12e6</load_address>
         <run_address>0x12e6</run_address>
         <size>0x82</size>
         <input_file_ref idref="fl-46"/>
      </object_component>
      <object_component id="oc-155">
         <name>.debug_line</name>
         <load_address>0x1368</load_address>
         <run_address>0x1368</run_address>
         <size>0x3d</size>
         <input_file_ref idref="fl-47"/>
      </object_component>
      <object_component id="oc-2c1">
         <name>.debug_line</name>
         <load_address>0x13a5</load_address>
         <run_address>0x13a5</run_address>
         <size>0x20</size>
         <input_file_ref idref="fl-48"/>
      </object_component>
      <object_component id="oc-1ec">
         <name>.debug_line</name>
         <load_address>0x13c5</load_address>
         <run_address>0x13c5</run_address>
         <size>0x72</size>
         <input_file_ref idref="fl-48"/>
      </object_component>
      <object_component id="oc-2d4">
         <name>.debug_line</name>
         <load_address>0x1437</load_address>
         <run_address>0x1437</run_address>
         <size>0x2d</size>
         <input_file_ref idref="fl-49"/>
      </object_component>
      <object_component id="oc-226">
         <name>.debug_line</name>
         <load_address>0x1464</load_address>
         <run_address>0x1464</run_address>
         <size>0xfa</size>
         <input_file_ref idref="fl-49"/>
      </object_component>
      <object_component id="oc-ab">
         <name>.debug_line</name>
         <load_address>0x155e</load_address>
         <run_address>0x155e</run_address>
         <size>0x3c</size>
         <input_file_ref idref="fl-54"/>
      </object_component>
      <object_component id="oc-201">
         <name>.debug_line</name>
         <load_address>0x159a</load_address>
         <run_address>0x159a</run_address>
         <size>0x4e</size>
         <input_file_ref idref="fl-55"/>
      </object_component>
      <object_component id="oc-299">
         <name>.debug_line</name>
         <load_address>0x15e8</load_address>
         <run_address>0x15e8</run_address>
         <size>0x3e</size>
         <input_file_ref idref="fl-56"/>
      </object_component>
      <object_component id="oc-254">
         <name>.debug_line</name>
         <load_address>0x1626</load_address>
         <run_address>0x1626</run_address>
         <size>0x56</size>
         <input_file_ref idref="fl-56"/>
      </object_component>
      <object_component id="oc-294">
         <name>.debug_line</name>
         <load_address>0x167c</load_address>
         <run_address>0x167c</run_address>
         <size>0x5e</size>
         <input_file_ref idref="fl-57"/>
      </object_component>
      <object_component id="oc-29e">
         <name>.debug_line</name>
         <load_address>0x16da</load_address>
         <run_address>0x16da</run_address>
         <size>0x42</size>
         <input_file_ref idref="fl-58"/>
      </object_component>
      <object_component id="oc-259">
         <name>.debug_line</name>
         <load_address>0x171c</load_address>
         <run_address>0x171c</run_address>
         <size>0x65</size>
         <input_file_ref idref="fl-58"/>
      </object_component>
      <object_component id="oc-1a5">
         <name>.debug_line</name>
         <load_address>0x1781</load_address>
         <run_address>0x1781</run_address>
         <size>0x20</size>
         <input_file_ref idref="fl-59"/>
      </object_component>
      <object_component id="oc-91">
         <name>.debug_line</name>
         <load_address>0x17a1</load_address>
         <run_address>0x17a1</run_address>
         <size>0x45</size>
         <input_file_ref idref="fl-59"/>
      </object_component>
      <object_component id="oc-26b">
         <name>.debug_line</name>
         <load_address>0x17e6</load_address>
         <run_address>0x17e6</run_address>
         <size>0x2d</size>
         <input_file_ref idref="fl-5b"/>
      </object_component>
      <object_component id="oc-15b">
         <name>.debug_line</name>
         <load_address>0x1813</load_address>
         <run_address>0x1813</run_address>
         <size>0x103</size>
         <input_file_ref idref="fl-5b"/>
      </object_component>
      <object_component id="oc-185">
         <name>.debug_line</name>
         <load_address>0x1916</load_address>
         <run_address>0x1916</run_address>
         <size>0x49</size>
         <input_file_ref idref="fl-5c"/>
      </object_component>
      <object_component id="oc-c3">
         <name>.debug_line</name>
         <load_address>0x195f</load_address>
         <run_address>0x195f</run_address>
         <size>0x3e</size>
         <input_file_ref idref="fl-5d"/>
      </object_component>
      <object_component id="oc-2d8">
         <name>.debug_line</name>
         <load_address>0x199d</load_address>
         <run_address>0x199d</run_address>
         <size>0x20</size>
         <input_file_ref idref="fl-5e"/>
      </object_component>
      <object_component id="oc-2a8">
         <name>.debug_line</name>
         <load_address>0x19bd</load_address>
         <run_address>0x19bd</run_address>
         <size>0x82</size>
         <input_file_ref idref="fl-5e"/>
      </object_component>
      <object_component id="oc-18d">
         <name>.debug_line</name>
         <load_address>0x1a3f</load_address>
         <run_address>0x1a3f</run_address>
         <size>0x4b</size>
         <input_file_ref idref="fl-5f"/>
      </object_component>
      <object_component id="oc-2a3">
         <name>.debug_line</name>
         <load_address>0x1a8a</load_address>
         <run_address>0x1a8a</run_address>
         <size>0x3e</size>
         <input_file_ref idref="fl-62"/>
[...]
         <object_component_ref idref="oc-47"/>
      </symbol>
      <symbol id="sm-279">
         <name>__mspabi_remi</name>
         <value>0xd7b8</value>
         <object_component_ref idref="oc-169"/>
      </symbol>
      <symbol id="sm-27a">
         <name>__mspabi_divi</name>
         <value>0xd7b8</value>
         <object_component_ref idref="oc-169"/>
      </symbol>
      <symbol id="sm-284">
         <name>__mspabi_remu</name>
         <value>0xd95e</value>
         <object_component_ref idref="oc-213"/>
      </symbol>
      <symbol id="sm-285">
         <name>__mspabi_divu</name>
         <value>0xd95e</value>
         <object_component_ref idref="oc-213"/>
      </symbol>
      <symbol id="sm-28e">
         <name>__mspabi_func_epilog_2</name>
         <value>0xda0e</value>
         <object_component_ref idref="oc-108"/>
      </symbol>
      <symbol id="sm-28f">
         <name>__mspabi_func_epilog_3</name>
         <value>0xda0c</value>
         <object_component_ref idref="oc-108"/>
      </symbol>
      <symbol id="sm-290">
         <name>__mspabi_func_epilog_1</name>
         <value>0xda10</value>
         <object_component_ref idref="oc-108"/>
      </symbol>
      <symbol id="sm-291">
         <name>__mspabi_func_epilog_6</name>
         <value>0xda06</value>
         <object_component_ref idref="oc-108"/>
      </symbol>
      <symbol id="sm-292">
         <name>__mspabi_func_epilog_7</name>
         <value>0xda04</value>
         <object_component_ref idref="oc-108"/>
      </symbol>
      <symbol id="sm-293">
         <name>__mspabi_func_epilog_4</name>
         <value>0xda0a</value>
         <object_component_ref idref="oc-108"/>
      </symbol>
      <symbol id="sm-294">
         <name>__mspabi_func_epilog_5</name>
         <value>0xda08</value>
         <object_component_ref idref="oc-108"/>
      </symbol>
      <symbol id="sm-29f">
         <name>C$$EXIT</name>
         <value>0xda52</value>
         <object_component_ref idref="oc-e7"/>
      </symbol>
      <symbol id="sm-2a0">
         <name>abort</name>
         <value>0xda52</value>
         <object_component_ref idref="oc-e7"/>
      </symbol>
      <symbol id="sm-2ae">
         <name>__mspabi_fixdi</name>
         <value>0xd83a</value>
         <object_component_ref idref="oc-17e"/>
      </symbol>
      <symbol id="sm-2bd">
         <name>__mspabi_fixdli</name>
         <value>0xd26a</value>
         <object_component_ref idref="oc-22a"/>
      </symbol>
      <symbol id="sm-2c8">
         <name>__mspabi_fixdu</name>
         <value>0xd99c</value>
         <object_component_ref idref="oc-197"/>
      </symbol>
      <symbol id="sm-2d8">
         <name>__mspabi_fixdul</name>
         <value>0xd1f6</value>
         <object_component_ref idref="oc-234"/>
      </symbol>
      <symbol id="sm-2e1">
         <name>__mspabi_fltid</name>
         <value>0xda30</value>
         <object_component_ref idref="oc-16e"/>
      </symbol>
      <symbol id="sm-2f8">
         <name>__mspabi_fltlid</name>
         <value>0xcfae</value>
         <object_component_ref idref="oc-219"/>
      </symbol>
      <symbol id="sm-301">
         <name>__mspabi_fltud</name>
         <value>0xda3c</value>
         <object_component_ref idref="oc-151"/>
      </symbol>
      <symbol id="sm-316">
         <name>__mspabi_fltuld</name>
         <value>0xd176</value>
         <object_component_ref idref="oc-1eb"/>
      </symbol>
      <symbol id="sm-337">
         <name>__TI_frcaddd</name>
         <value>0xcbb4</value>
         <object_component_ref idref="oc-222"/>
      </symbol>
      <symbol id="sm-33a">
         <name>__TI_int02</name>
         <value>0xffe4</value>
         <object_component_ref idref="oc-3b"/>
      </symbol>
      <symbol id="sm-33d">
         <name>__TI_int03</name>
         <value>0xffe6</value>
         <object_component_ref idref="oc-3c"/>
      </symbol>
      <symbol id="sm-340">
         <name>__TI_int05</name>
         <value>0xffea</value>
         <object_component_ref idref="oc-3d"/>
      </symbol>
      <symbol id="sm-343">
         <name>__TI_int07</name>
         <value>0xffee</value>
         <object_component_ref idref="oc-3f"/>
      </symbol>
      <symbol id="sm-346">
         <name>__TI_int08</name>
         <value>0xfff0</value>
         <object_component_ref idref="oc-40"/>
      </symbol>
      <symbol id="sm-349">
         <name>__TI_int10</name>
         <value>0xfff4</value>
         <object_component_ref idref="oc-42"/>
      </symbol>
      <symbol id="sm-34c">
         <name>__TI_int11</name>
         <value>0xfff6</value>
         <object_component_ref idref="oc-43"/>
      </symbol>
      <symbol id="sm-34f">
         <name>__TI_int12</name>
         <value>0xfff8</value>
         <object_component_ref idref="oc-44"/>
      </symbol>
      <symbol id="sm-352">
         <name>__TI_int13</name>
         <value>0xfffa</value>
         <object_component_ref idref="oc-45"/>
      </symbol>
      <symbol id="sm-355">
         <name>__TI_int14</name>
         <value>0xfffc</value>
         <object_component_ref idref="oc-46"/>
      </symbol>
      <symbol id="sm-35d">
         <name>__TI_ISR_TRAP</name>
         <value>0xda42</value>
         <object_component_ref idref="oc-a7"/>
      </symbol>
      <symbol id="sm-365">
         <name>__mspabi_slli</name>
         <value>0xd7e4</value>
         <object_component_ref idref="oc-1fd"/>
      </symbol>
      <symbol id="sm-366">
         <name>__mspabi_slli_9</name>
         <value>0xd7fc</value>
         <object_component_ref idref="oc-1fd"/>
      </symbol>
      <symbol id="sm-367">
         <name>__mspabi_slli_8</name>
         <value>0xd7fe</value>
         <object_component_ref idref="oc-1fd"/>
      </symbol>
      <symbol id="sm-368">
         <name>__mspabi_slli_7</name>
         <value>0xd800</value>
         <object_component_ref idref="oc-1fd"/>
      </symbol>
      <symbol id="sm-369">
         <name>__mspabi_slli_6</name>
         <value>0xd802</value>
         <object_component_ref idref="oc-1fd"/>
      </symbol>
      <symbol id="sm-36a">
         <name>__mspabi_slli_5</name>
         <value>0xd804</value>
         <object_component_ref idref="oc-1fd"/>
      </symbol>
      <symbol id="sm-36b">
         <name>__mspabi_slli_4</name>
         <value>0xd806</value>
         <object_component_ref idref="oc-1fd"/>
      </symbol>
      <symbol id="sm-36c">
         <name>__mspabi_slli_3</name>
         <value>0xd808</value>
         <object_component_ref idref="oc-1fd"/>
      </symbol>
      <symbol id="sm-36d">
         <name>__mspabi_slli_2</name>
         <value>0xd80a</value>
         <object_component_ref idref="oc-1fd"/>
      </symbol>
      <symbol id="sm-36e">
         <name>__mspabi_slli_1</name>
         <value>0xd80c</value>
         <object_component_ref idref="oc-1fd"/>
      </symbol>
      <symbol id="sm-36f">
         <name>__mspabi_slli_15</name>
         <value>0xd7f0</value>
         <object_component_ref idref="oc-1fd"/>
      </symbol>
      <symbol id="sm-370">
         <name>__mspabi_slli_14</name>
         <value>0xd7f2</value>
         <object_component_ref idref="oc-1fd"/>
      </symbol>
      <symbol id="sm-371">
         <name>__mspabi_slli_13</name>
         <value>0xd7f4</value>
         <object_component_ref idref="oc-1fd"/>
      </symbol>
      <symbol id="sm-372">
         <name>__mspabi_slli_12</name>
         <value>0xd7f6</value>
         <object_component_ref idref="oc-1fd"/>
      </symbol>
      <symbol id="sm-373">
         <name>__mspabi_slli_11</name>
         <value>0xd7f8</value>
         <object_component_ref idref="oc-1fd"/>
      </symbol>
      <symbol id="sm-374">
         <name>__mspabi_slli_10</name>
         <value>0xd7fa</value>
         <object_component_ref idref="oc-1fd"/>
      </symbol>
      <symbol id="sm-384">
         <name>__mspabi_slll_9</name>
         <value>0xd69c</value>
         <object_component_ref idref="oc-250"/>
      </symbol>
      <symbol id="sm-385">
         <name>__mspabi_slll_8</name>
         <value>0xd6a0</value>
         <object_component_ref idref="oc-250"/>
      </symbol>
      <symbol id="sm-386">
         <name>__mspabi_slll_7</name>
         <value>0xd6a4</value>
         <object_component_ref idref="oc-250"/>
      </symbol>
      <symbol id="sm-387">
         <name>__mspabi_slll_6</name>
         <value>0xd6a8</value>
         <object_component_ref idref="oc-250"/>
      </symbol>
      <symbol id="sm-388">
         <name>__mspabi_slll_5</name>
         <value>0xd6ac</value>
         <object_component_ref idref="oc-250"/>
      </symbol>
      <symbol id="sm-389">
         <name>__mspabi_slll_4</name>
         <value>0xd6b0</value>
         <object_component_ref idref="oc-250"/>
      </symbol>
      <symbol id="sm-38a">
         <name>__mspabi_slll_3</name>
         <value>0xd6b4</value>
         <object_component_ref idref="oc-250"/>
      </symbol>
      <symbol id="sm-38b">
         <name>__mspabi_slll_2</name>
         <value>0xd6b8</value>
         <object_component_ref idref="oc-250"/>
      </symbol>
      <symbol id="sm-38c">
         <name>__mspabi_slll_1</name>
         <value>0xd6bc</value>
         <object_component_ref idref="oc-250"/>
      </symbol>
      <symbol id="sm-38d">
         <name>__mspabi_slll</name>
         <value>0xd9f4</value>
         <object_component_ref idref="oc-295"/>
      </symbol>
      <symbol id="sm-38e">
         <name>__mspabi_slll_15</name>
         <value>0xd684</value>
         <object_component_ref idref="oc-250"/>
      </symbol>
      <symbol id="sm-38f">
         <name>__mspabi_slll_14</name>
         <value>0xd688</value>
         <object_component_ref idref="oc-250"/>
      </symbol>
      <symbol id="sm-390">
         <name>__mspabi_slll_13</name>
         <value>0xd68c</value>
         <object_component_ref idref="oc-250"/>
      </symbol>
      <symbol id="sm-391">
         <name>__mspabi_slll_12</name>
         <value>0xd690</value>
         <object_component_ref idref="oc-250"/>
      </symbol>
      <symbol id="sm-392">
         <name>__mspabi_slll_11</name>
         <value>0xd694</value>
         <object_component_ref idref="oc-250"/>
      </symbol>
      <symbol id="sm-393">
         <name>__mspabi_slll_10</name>
         <value>0xd698</value>
         <object_component_ref idref="oc-250"/>
      </symbol>
      <symbol id="sm-39b">
         <name>__mspabi_srli_8</name>
         <value>0xd5de</value>
         <object_component_ref idref="oc-290"/>
      </symbol>
      <symbol id="sm-39c">
         <name>__mspabi_srli_9</name>
         <value>0xd5da</value>
         <object_component_ref idref="oc-290"/>
      </symbol>
      <symbol id="sm-39d">
         <name>__mspabi_srli_6</name>
         <value>0xd5e6</value>
         <object_component_ref idref="oc-290"/>
      </symbol>
      <symbol id="sm-39e">
         <name>__mspabi_srli_7</name>
         <value>0xd5e2</value>
         <object_component_ref idref="oc-290"/>
      </symbol>
      <symbol id="sm-39f">
         <name>__mspabi_srli_4</name>
         <value>0xd5ee</value>
         <object_component_ref idref="oc-290"/>
      </symbol>
      <symbol id="sm-3a0">
         <name>__mspabi_srli_5</name>
         <value>0xd5ea</value>
         <object_component_ref idref="oc-290"/>
      </symbol>
      <symbol id="sm-3a1">
         <name>__mspabi_srli_2</name>
         <value>0xd5f6</value>
         <object_component_ref idref="oc-290"/>
      </symbol>
      <symbol id="sm-3a2">
         <name>__mspabi_srli_3</name>
         <value>0xd5f2</value>
         <object_component_ref idref="oc-290"/>
      </symbol>
      <symbol id="sm-3a3">
         <name>__mspabi_srli_1</name>
         <value>0xd5fa</value>
         <object_component_ref idref="oc-290"/>
      </symbol>
      <symbol id="sm-3a4">
         <name>__mspabi_srli</name>
         <value>0xd5b4</value>
         <object_component_ref idref="oc-290"/>
      </symbol>
      <symbol id="sm-3a5">
         <name>__mspabi_srli_15</name>
         <value>0xd5c2</value>
         <object_component_ref idref="oc-290"/>
      </symbol>
      <symbol id="sm-3a6">
         <name>__mspabi_srli_14</name>
         <value>0xd5c6</value>
         <object_component_ref idref="oc-290"/>
      </symbol>
      <symbol id="sm-3a7">
         <name>__mspabi_srli_13</name>
         <value>0xd5ca</value>
         <object_component_ref idref="oc-290"/>
      </symbol>
      <symbol id="sm-3a8">
         <name>__mspabi_srli_12</name>
         <value>0xd5ce</value>
         <object_component_ref idref="oc-290"/>
      </symbol>
      <symbol id="sm-3a9">
         <name>__mspabi_srli_11</name>
         <value>0xd5d2</value>
         <object_component_ref idref="oc-290"/>
      </symbol>
      <symbol id="sm-3aa">
         <name>__mspabi_srli_10</name>
         <value>0xd5d6</value>
         <object_component_ref idref="oc-290"/>
      </symbol>
      <symbol id="sm-3ba">
         <name>__mspabi_srll_8</name>
         <value>0xd3d6</value>
         <object_component_ref idref="oc-255"/>
      </symbol>
      <symbol id="sm-3bb">
         <name>__mspabi_srll_9</name>
         <value>0xd3d0</value>
         <object_component_ref idref="oc-255"/>
      </symbol>
      <symbol id="sm-3bc">
         <name>__mspabi_srll_6</name>
         <value>0xd3e2</value>
         <object_component_ref idref="oc-255"/>
      </symbol>
      <symbol id="sm-3bd">
         <name>__mspabi_srll_7</name>
         <value>0xd3dc</value>
         <object_component_ref idref="oc-255"/>
      </symbol>
      <symbol id="sm-3be">
         <name>__mspabi_srll_4</name>
         <value>0xd3ee</value>
         <object_component_ref idref="oc-255"/>
      </symbol>
      <symbol id="sm-3bf">
         <name>__mspabi_srll_5</name>
         <value>0xd3e8</value>
         <object_component_ref idref="oc-255"/>
      </symbol>
      <symbol id="sm-3c0">
         <name>__mspabi_srll_2</name>
         <value>0xd3fa</value>
         <object_component_ref idref="oc-255"/>
      </symbol>
      <symbol id="sm-3c1">
         <name>__mspabi_srll_3</name>
         <value>0xd3f4</value>
         <object_component_ref idref="oc-255"/>
      </symbol>
      <symbol id="sm-3c2">
         <name>__mspabi_srll_1</name>
         <value>0xd400</value>
         <object_component_ref idref="oc-255"/>
      </symbol>
      <symbol id="sm-3c3">
         <name>__mspabi_srll_15</name>
         <value>0xd3ac</value>
         <object_component_ref idref="oc-255"/>
      </symbol>
      <symbol id="sm-3c4">
         <name>__mspabi_srll_14</name>
         <value>0xd3b2</value>
         <object_component_ref idref="oc-255"/>
      </symbol>
      <symbol id="sm-3c5">
         <name>__mspabi_srll_13</name>
         <value>0xd3b8</value>
         <object_component_ref idref="oc-255"/>
      </symbol>
      <symbol id="sm-3c6">
         <name>__mspabi_srll_12</name>
         <value>0xd3be</value>
         <object_component_ref idref="oc-255"/>
      </symbol>
      <symbol id="sm-3c7">
         <name>__mspabi_srll_11</name>
         <value>0xd3c4</value>
         <object_component_ref idref="oc-255"/>
      </symbol>
      <symbol id="sm-3c8">
         <name>__mspabi_srll_10</name>
         <value>0xd3ca</value>
         <object_component_ref idref="oc-255"/>
      </symbol>
      <symbol id="sm-3c9">
         <name>__mspabi_srll</name>
         <value>0xd9c0</value>
         <object_component_ref idref="oc-29a"/>
      </symbol>
      <symbol id="sm-3d7">
         <name>memcpy</name>
         <value>0xd9d2</value>
         <object_component_ref idref="oc-8d"/>
      </symbol>
      <symbol id="sm-3fa">
         <name>__mspabi_mpyd</name>
         <value>0xc946</value>
         <object_component_ref idref="oc-157"/>
      </symbol>
      <symbol id="sm-403">
         <name>__mspabi_negd</name>
         <value>0xd810</value>
         <object_component_ref idref="oc-184"/>
      </symbol>
      <symbol id="sm-40c">
         <name>_system_pre_init</name>
         <value>0xda4e</value>
         <object_component_ref idref="oc-bf"/>
      </symbol>
      <symbol id="sm-41f">
         <name>__TI_renormd</name>
         <value>0xcef0</value>
         <object_component_ref idref="oc-2a4"/>
      </symbol>
      <symbol id="sm-428">
         <name>__mspabi_subd</name>
         <value>0xd732</value>
         <object_component_ref idref="oc-18a"/>
      </symbol>
      <symbol id="sm-43b">
         <name>__mspabi_sral</name>
         <value>0xd9e4</value>
         <object_component_ref idref="oc-29f"/>
      </symbol>
      <symbol id="sm-43c">
         <name>__mspabi_sral_15</name>
         <value>0xd646</value>
         <object_component_ref idref="oc-262"/>
      </symbol>
      <symbol id="sm-43d">
         <name>__mspabi_sral_14</name>
         <value>0xd64a</value>
         <object_component_ref idref="oc-262"/>
      </symbol>
      <symbol id="sm-43e">
         <name>__mspabi_sral_13</name>
         <value>0xd64e</value>
         <object_component_ref idref="oc-262"/>
      </symbol>
      <symbol id="sm-43f">
         <name>__mspabi_sral_12</name>
         <value>0xd652</value>
         <object_component_ref idref="oc-262"/>
      </symbol>
      <symbol id="sm-440">
         <name>__mspabi_sral_11</name>
         <value>0xd656</value>
         <object_component_ref idref="oc-262"/>
      </symbol>
      <symbol id="sm-441">
         <name>__mspabi_sral_10</name>
         <value>0xd65a</value>
         <object_component_ref idref="oc-262"/>
      </symbol>
      <symbol id="sm-442">
         <name>__mspabi_sral_8</name>
         <value>0xd662</value>
         <object_component_ref idref="oc-262"/>
      </symbol>
      <symbol id="sm-443">
         <name>__mspabi_sral_9</name>
         <value>0xd65e</value>
         <object_component_ref idref="oc-262"/>
      </symbol>
      <symbol id="sm-444">
         <name>__mspabi_sral_6</name>
         <value>0xd66a</value>
         <object_component_ref idref="oc-262"/>
      </symbol>
      <symbol id="sm-445">
         <name>__mspabi_sral_7</name>
         <value>0xd666</value>
         <object_component_ref idref="oc-262"/>
      </symbol>
      <symbol id="sm-446">
         <name>__mspabi_sral_4</name>
         <value>0xd672</value>
         <object_component_ref idref="oc-262"/>
      </symbol>
      <symbol id="sm-447">
         <name>__mspabi_sral_5</name>
         <value>0xd66e</value>
         <object_component_ref idref="oc-262"/>
      </symbol>
      <symbol id="sm-448">
         <name>__mspabi_sral_2</name>
         <value>0xd67a</value>
         <object_component_ref idref="oc-262"/>
      </symbol>
      <symbol id="sm-449">
         <name>__mspabi_sral_3</name>
         <value>0xd676</value>
         <object_component_ref idref="oc-262"/>
      </symbol>
      <symbol id="sm-44a">
         <name>__mspabi_sral_1</name>
         <value>0xd67e</value>
         <object_component_ref idref="oc-262"/>
      </symbol>
      <symbol id="sm-461">
         <name>_auto_init</name>
         <value>0xd464</value>
         <object_component_ref idref="oc-c5"/>
      </symbol>
      <symbol id="sm-472">
         <name>__TI_frcmpyd</name>
         <value>0xc36a</value>
         <object_component_ref idref="oc-1f7"/>
      </symbol>
      <symbol id="sm-47c">
         <name>__mspabi_mpyl_sw</name>
         <value>0xd862</value>
         <object_component_ref idref="oc-25d"/>
      </symbol>
      <symbol id="sm-47d">
         <name>__mspabi_mpyl</name>
         <value>0xd862</value>
         <object_component_ref idref="oc-25d"/>
      </symbol>
      <symbol id="sm-47f">
         <name>__TI_INITARRAY_Base</name>
         <value>0x0</value>
      </symbol>
      <symbol id="sm-480">
         <name>__TI_INITARRAY_Limit</name>
         <value>0x0</value>
      </symbol>
   </symbol_table>
   <title>Link successful</title>
</link_info>
