******************************************************************************
                  MSP430 Linker PC v4.4.4                      
******************************************************************************
>> Linked Tue May 05 18:49:19 2015

OUTPUT FILE NAME:   <MSP430_MPU6050.out>
ENTRY POINT SYMBOL: "_c_int00_noargs_noexit"  address: 0000d8e2


MEMORY CONFIGURATION

         name            origin    length      used     unused   attr    fill
----------------------  --------  ---------  --------  --------  ----  --------
  SFR                   00000000   00000010  00000000  00000010  RWIX
  PERIPHERALS_8BIT      00000010   000000f0  00000000  000000f0  RWIX
  PERIPHERALS_16BIT     00000100   00000100  00000000  00000100  RWIX
  RAM                   00000200   00000200  000000f0  00000110  RWIX
  INFOD                 00001000   00000040  00000000  00000040  RWIX
  INFOC                 00001040   00000040  00000000  00000040  RWIX
  INFOB                 00001080   00000040  00000000  00000040  RWIX
  INFOA                 000010c0   00000040  00000000  00000040  RWIX
  FLASH                 0000c000   00003fe0  00001aa9  00002537  RWIX
  INT00                 0000ffe0   00000002  00000000  00000002  RWIX
  INT01                 0000ffe2   00000002  00000000  00000002  RWIX
  INT02                 0000ffe4   00000002  00000002  00000000  RWIX
  INT03                 0000ffe6   00000002  00000002  00000000  RWIX
  INT04                 0000ffe8   00000002  00000000  00000002  RWIX
  INT05                 0000ffea   00000002  00000002  00000000  RWIX
  INT06                 0000ffec   00000002  00000002  00000000  RWIX
  INT07                 0000ffee   00000002  00000002  00000000  RWIX
  INT08                 0000fff0   00000002  00000002  00000000  RWIX
  INT09                 0000fff2   00000002  00000002  00000000  RWIX
  INT10                 0000fff4   00000002  00000002  00000000  RWIX
  INT11                 0000fff6   00000002  00000002  00000000  RWIX
  INT12                 0000fff8   00000002  00000002  00000000  RWIX
  INT13                 0000fffa   00000002  00000002  00000000  RWIX
  INT14                 0000fffc   00000002  00000002  00000000  RWIX
  RESET                 0000fffe   00000002  00000002  00000000  RWIX


SECTION ALLOCATION MAP

 output                                  attributes/
section   page    origin      length       input sections
--------  ----  ----------  ----------   ----------------
.data      0    00000200    00000056     UNINITIALIZED
                  00000200    0000004c     main.obj (.data)
                  0000024c    0000000a     I2C_MSP430.obj (.data)

.bss       0    00000256    0000004a     UNINITIALIZED
                  00000256    0000000e     (.common:buffer)
                  00000264    0000000e     (.common:bufferedDataRX)
                  00000272    00000008     (.common:accel)
                  0000027a    00000008     (.common:gyro)
                  00000282    00000008     (.common:output)
                  0000028a    00000006     (.common:bufferedDataOutput)
                  00000290    00000002     (.common:Bytecount)
                  00000292    00000002     (.common:ax$1)
                  00000294    00000002     (.common:ay$2)
                  00000296    00000002     (.common:az$3)
                  00000298    00000002     (.common:gx$4)
                  0000029a    00000002     (.common:gy$5)
                  0000029c    00000002     (.common:gz$6)
                  0000029e    00000001     (.common:RXByteCtr)
                  0000029f    00000001     (.common:TXByteCtr)

.stack     0    000003b0    00000050     UNINITIALIZED
                  000003b0    00000002     rts430_eabi.lib : boot.obj (.stack)
                  000003b2    0000004e     --HOLE--

.text      0    0000c000    00001a56     
                  0000c000    0000036a     main.obj (.text:main)
                  0000c36a    000002f4     rts430_eabi.lib : frcmpyd.obj (.text:__TI_frcmpyd)
                  0000c65e    000002e8                     : addd.obj (.text:__mspabi_addd)
                  0000c946    0000026e                     : mpyd.obj (.text:__mspabi_mpyd)
                  0000cbb4    00000260                     : frcaddd.obj (.text:__TI_frcaddd)
                  0000ce14    000000dc                     : cmpd.obj (.text:__mspabi_cmpd)
                  0000cef0    000000be                     : renormd.obj (.text:__TI_renormd)
                  0000cfae    000000a2                     : fltlid.obj (.text:__mspabi_fltlid)
                  0000d050    00000094     MSP430_MPU6050.obj (.text:getMotion6)
                  0000d0e4    00000092     I2C_MSP430.obj (.text:USCIAB0TX_ISR)
                  0000d176    00000080     rts430_eabi.lib : fltuld.obj (.text:__mspabi_fltuld)
                  0000d1f6    00000074                     : fixdul.obj (.text:__mspabi_fixdul)
                  0000d26a    00000072                     : fixdli.obj (.text:__mspabi_fixdli)
                  0000d2dc    0000006c     MSP430_MPU6050.obj (.text:initMPU)
                  0000d348    00000064     rts430_eabi.lib : copy_decompress_rle.obj (.text:__TI_decompress_rle_core)
                  0000d3ac    0000005c                     : lsr32.obj (.text:l_lsr_const)
                  0000d408    0000005c     MSP430_MPU6050.obj (.text:readBytes)
                  0000d464    00000058     rts430_eabi.lib : autoinit.obj (.text:_auto_init)
                  0000d4bc    00000054     I2C_MSP430.obj (.text:I2CendTransmission)
                  0000d510    00000052     I2C_MSP430.obj (.text:I2CrequestFrom)
                  0000d562    00000052     MSP430_MPU6050.obj (.text:writeBit)
                  0000d5b4    0000004c     rts430_eabi.lib : lsr16.obj (.text)
                  0000d600    00000046     main.obj (.text:Timer0_A0)
                  0000d646    0000003e     rts430_eabi.lib : asr32.obj (.text:l_asr_const)
                  0000d684    0000003e                     : lsl32.obj (.text:l_lsl_const)
                  0000d6c2    0000003c     MSP430_MPU6050.obj (.text:initializeIMU)
                  0000d6fe    00000034     MSP430_MPU6050.obj (.text:readByte)
                  0000d732    0000002e     rts430_eabi.lib : subd.obj (.text:__mspabi_subd)
                  0000d760    0000002c     MSP430_MPU6050.obj (.text:msDelay)
                  0000d78c    0000002c     rts430_eabi.lib : asr16.obj (.text)
                  0000d7b8    0000002c                     : div16s.obj (.text)
                  0000d7e4    0000002c                     : lsl16.obj (.text)
                  0000d810    0000002a                     : negd.obj (.text:__mspabi_negd)
                  0000d83a    00000028                     : fixdi.obj (.text:__mspabi_fixdi)
                  0000d862    00000026                     : mult32.obj (.text)
                  0000d888    00000020     MSP430_MPU6050.obj (.text:writeByte)
                  0000d8a8    0000001e     hwuart.obj (.text:initializeUART)
                  0000d8c6    0000001c     MSP430_MPU6050.obj (.text:setClockSource)
                  0000d8e2    0000001a     rts430_eabi.lib : boot_special.obj (.text:_c_int00_noargs_noexit)
                  0000d8fc    0000001a     MSP430_MPU6050.obj (.text:setFullScaleAccelRange)
                  0000d916    0000001a     MSP430_MPU6050.obj (.text:setFullScaleGyroRange)
                  0000d930    00000018     main.obj (.text:initializeTimer)
                  0000d948    00000016     I2C_MSP430.obj (.text:I2Cread)
                  0000d95e    00000016     rts430_eabi.lib : div16u.obj (.text)
                  0000d974    00000014                     : copy_zero_init.obj (.text:decompress:ZI:__TI_zero_init)
                  0000d988    00000014     MSP430_MPU6050.obj (.text:setSleepEnabled)
                  0000d99c    00000012     rts430_eabi.lib : fixdu.obj (.text:__mspabi_fixdu)
                  0000d9ae    00000012                     : copy_decompress_none.obj (.text:decompress:none:__TI_decompress_none)
                  0000d9c0    00000012                     : lsr32.obj (.text:l_lsr)
                  0000d9d2    00000012                     : memcpy.obj (.text:memcpy)
                  0000d9e4    00000010                     : asr32.obj (.text:l_asr)
                  0000d9f4    00000010                     : lsl32.obj (.text:l_lsl)
                  0000da04    00000010                     : epilog.obj (.text)
                  0000da14    0000000e     I2C_MSP430.obj (.text:I2CbeginTransmission)
                  0000da22    0000000e     I2C_MSP430.obj (.text:I2Cwrite)
                  0000da30    0000000c     rts430_eabi.lib : fltid.obj (.text:__mspabi_fltid)
                  0000da3c    00000006                     : fltud.obj (.text:__mspabi_fltud)
                  0000da42    00000006                     : isr_trap.obj (.text:_isr:__TI_ISR_TRAP)
                  0000da48    00000006                     : copy_decompress_rle.obj (.text:decompress:rle24:__TI_decompress_rle24)
                  0000da4e    00000004                     : pre_init.obj (.text:_system_pre_init)
                  0000da52    00000004                     : exit.obj (.text:abort)

.const     0    0000da56    00000001     
                  0000da56    00000001     main.obj (.const)

.cinit     0    0000da58    00000052     
                  0000da58    0000003f     (.cinit..data.load) [load image, compression = rle]
                  0000da97    00000001     --HOLE-- [fill = 0]
                  0000da98    00000006     (__TI_handler_table)
                  0000da9e    00000004     (.cinit..bss.load) [load image, compression = zero_init]
                  0000daa2    00000008     (__TI_cinit_table)

.init_array 
*          0    0000c000    00000000     UNINITIALIZED

.TI.persistent 
*          0    00000200    00000000     UNINITIALIZED

.TI.noinit 
*          0    00000256    00000000     UNINITIALIZED

PORT1      0    0000ffe4    00000002     
                  0000ffe4    00000002     rts430_eabi.lib : int02.obj (.int02)

PORT2      0    0000ffe6    00000002     
                  0000ffe6    00000002     rts430_eabi.lib : int03.obj (.int03)

ADC10      0    0000ffea    00000002     
                  0000ffea    00000002     rts430_eabi.lib : int05.obj (.int05)

USCIAB0TX 
*          0    0000ffec    00000002     
                  0000ffec    00000002     I2C_MSP430.obj (.int06)

USCIAB0RX 
*          0    0000ffee    00000002     
                  0000ffee    00000002     rts430_eabi.lib : int07.obj (.int07)

TIMER0_A1 
*          0    0000fff0    00000002     
                  0000fff0    00000002     rts430_eabi.lib : int08.obj (.int08)

TIMER0_A0 
*          0    0000fff2    00000002     
                  0000fff2    00000002     main.obj (.int09)

WDT        0    0000fff4    00000002     
                  0000fff4    00000002     rts430_eabi.lib : int10.obj (.int10)

COMPARATORA 
*          0    0000fff6    00000002     
                  0000fff6    00000002     rts430_eabi.lib : int11.obj (.int11)

TIMER1_A1 
*          0    0000fff8    00000002     
                  0000fff8    00000002     rts430_eabi.lib : int12.obj (.int12)

TIMER1_A0 
*          0    0000fffa    00000002     
                  0000fffa    00000002     rts430_eabi.lib : int13.obj (.int13)

NMI        0    0000fffc    00000002     
                  0000fffc    00000002     rts430_eabi.lib : int14.obj (.int14)

.reset     0    0000fffe    00000002     
                  0000fffe    00000002     rts430_eabi.lib : boot.obj (.reset)


LINKER GENERATED COPY TABLES

__TI_cinit_table @ 0000daa2 records: 2, size/record: 4, table size: 8
	.data: load addr=0000da58, load size=0000003f bytes, run addr=00000200, run size=00000056 bytes, compression=rle
	.bss: load addr=0000da9e, load size=00000004 bytes, run addr=00000256, run size=0000004a bytes, compression=zero_init


LINKER GENERATED HANDLER TABLE

__TI_handler_table @ 0000da98 records: 3, size/record: 2, table size: 6
	index: 0, handler: __TI_zero_init
	index: 1, handler: __TI_decompress_rle24
	index: 2, handler: __TI_decompress_none


GLOBAL SYMBOLS: SORTED ALPHABETICALLY BY Name 

address   name                    
-------   ----                    
0000004a  ADC10AE0                
000001b0  ADC10CTL0               
000001b2  ADC10CTL1               
00000048  ADC10DTC0               
00000049  ADC10DTC1               
000001b4  ADC10MEM                
000001bc  ADC10SA                 
00000057  BCSCTL1                 
00000058  BCSCTL2                 
00000053  BCSCTL3                 
0000da52  C$$EXIT                 
00000059  CACTL1                  
0000005a  CACTL2                  
000010fb  CALBC1_12MHZ            
000010f9  CALBC1_16MHZ            
000010ff  CALBC1_1MHZ             
000010fd  CALBC1_8MHZ             
000010fa  CALDCO_12MHZ            
000010f8  CALDCO_16MHZ            
000010fe  CALDCO_1MHZ             
000010fc  CALDCO_8MHZ             
0000005b  CAPD                    
00000056  DCOCTL                  
00000128  FCTL1                   
0000012a  FCTL2                   
0000012c  FCTL3                   
0000da14  I2CbeginTransmission    
0000d4bc  I2CendTransmission      
0000d948  I2Cread                 
0000d510  I2CrequestFrom          
0000da22  I2Cwrite                
00000000  IE1                     
00000001  IE2                     
00000002  IFG1                    
00000003  IFG2                    
00000220  Kd                      
00000218  Ki                      
00000228  Kout                    
00000210  Kp                      
00000022  P1DIR                   
00000025  P1IE                    
00000024  P1IES                   
00000023  P1IFG                   
00000020  P1IN                    
00000021  P1OUT                   
00000027  P1REN                   
00000026  P1SEL                   
00000041  P1SEL2                  
0000002a  P2DIR                   
0000002d  P2IE                    
0000002c  P2IES                   
0000002b  P2IFG                   
00000028  P2IN                    
00000029  P2OUT                   
0000002f  P2REN                   
0000002e  P2SEL                   
00000042  P2SEL2                  
0000001a  P3DIR                   
00000018  P3IN                    
00000019  P3OUT                   
00000010  P3REN                   
0000001b  P3SEL                   
00000043  P3SEL2                  
00000204  PWM_COUNTER             
00000206  PWM_PERIOD              
00000172  TA0CCR0                 
00000174  TA0CCR1                 
00000176  TA0CCR2                 
00000162  TA0CCTL0                
00000164  TA0CCTL1                
00000166  TA0CCTL2                
00000160  TA0CTL                  
0000012e  TA0IV                   
00000170  TA0R                    
00000192  TA1CCR0                 
00000194  TA1CCR1                 
00000196  TA1CCR2                 
00000182  TA1CCTL0                
00000184  TA1CCTL1                
00000186  TA1CCTL2                
00000180  TA1CTL                  
0000011e  TA1IV                   
00000190  TA1R                    
000010db  TLV_ADC10_1_LEN         
000010da  TLV_ADC10_1_TAG         
000010c0  TLV_CHECKSUM            
000010f7  TLV_DCO_30_LEN          
000010f6  TLV_DCO_30_TAG          
0000d600  Timer0_A0               
0000005d  UCA0ABCTL               
00000062  UCA0BR0                 
00000063  UCA0BR1                 
00000060  UCA0CTL0                
00000061  UCA0CTL1                
0000005f  UCA0IRRCTL              
0000005e  UCA0IRTCTL              
00000064  UCA0MCTL                
00000066  UCA0RXBUF               
00000065  UCA0STAT                
00000067  UCA0TXBUF               
0000006a  UCB0BR0                 
0000006b  UCB0BR1                 
00000068  UCB0CTL0                
00000069  UCB0CTL1                
0000006c  UCB0I2CIE               
00000118  UCB0I2COA               
0000011a  UCB0I2CSA               
0000006e  UCB0RXBUF               
0000006d  UCB0STAT                
0000006f  UCB0TXBUF               
0000d0e4  USCIAB0TX_ISR           
00000120  WDTCTL                  
00000400  __STACK_END             
00000050  __STACK_SIZE            
0000daa2  __TI_CINIT_Base         
0000daaa  __TI_CINIT_Limit        
0000da98  __TI_Handler_Table_Base 
0000da9e  __TI_Handler_Table_Limit
UNDEFED   __TI_INITARRAY_Base     
UNDEFED   __TI_INITARRAY_Limit    
0000da42  __TI_ISR_TRAP           
0000d9ae  __TI_decompress_none    
0000da48  __TI_decompress_rle24   
0000cbb4  __TI_frcaddd            
0000c36a  __TI_frcmpyd            
0000ffe4  __TI_int02              
0000ffe6  __TI_int03              
0000ffea  __TI_int05              
0000ffec  __TI_int06              
0000ffee  __TI_int07              
0000fff0  __TI_int08              
0000fff2  __TI_int09              
0000fff4  __TI_int10              
0000fff6  __TI_int11              
0000fff8  __TI_int12              
0000fffa  __TI_int13              
0000fffc  __TI_int14              
0000cef0  __TI_renormd            
0000d974  __TI_zero_init          
ffffffff  __binit__               
ffffffff  __c_args__              
0000c65e  __mspabi_addd           
0000ce14  __mspabi_cmpd           
0000d7b8  __mspabi_divi           
0000d95e  __mspabi_divu           
0000d83a  __mspabi_fixdi          
0000d26a  __mspabi_fixdli         
0000d99c  __mspabi_fixdu          
0000d1f6  __mspabi_fixdul         
0000da30  __mspabi_fltid          
0000cfae  __mspabi_fltlid         
0000da3c  __mspabi_fltud          
0000d176  __mspabi_fltuld         
0000da10  __mspabi_func_epilog_1  
0000da0e  __mspabi_func_epilog_2  
0000da0c  __mspabi_func_epilog_3  
0000da0a  __mspabi_func_epilog_4  
0000da08  __mspabi_func_epilog_5  
0000da06  __mspabi_func_epilog_6  
0000da04  __mspabi_func_epilog_7  
0000c946  __mspabi_mpyd           
0000d862  __mspabi_mpyl           
0000d862  __mspabi_mpyl_sw        
0000d810  __mspabi_negd           
0000d7b8  __mspabi_remi           
0000d95e  __mspabi_remu           
0000d7e4  __mspabi_slli           
0000d80c  __mspabi_slli_1         
0000d7fa  __mspabi_slli_10        
0000d7f8  __mspabi_slli_11        
0000d7f6  __mspabi_slli_12        
0000d7f4  __mspabi_slli_13        
0000d7f2  __mspabi_slli_14        
0000d7f0  __mspabi_slli_15        
0000d80a  __mspabi_slli_2         
0000d808  __mspabi_slli_3         
0000d806  __mspabi_slli_4         
0000d804  __mspabi_slli_5         
0000d802  __mspabi_slli_6         
0000d800  __mspabi_slli_7         
0000d7fe  __mspabi_slli_8         
0000d7fc  __mspabi_slli_9         
0000d9f4  __mspabi_slll           
0000d6bc  __mspabi_slll_1         
0000d698  __mspabi_slll_10        
0000d694  __mspabi_slll_11        
0000d690  __mspabi_slll_12        
0000d68c  __mspabi_slll_13        
0000d688  __mspabi_slll_14        
0000d684  __mspabi_slll_15        
0000d6b8  __mspabi_slll_2         
0000d6b4  __mspabi_slll_3         
0000d6b0  __mspabi_slll_4         
0000d6ac  __mspabi_slll_5         
0000d6a8  __mspabi_slll_6         
0000d6a4  __mspabi_slll_7         
0000d6a0  __mspabi_slll_8         
0000d69c  __mspabi_slll_9         
0000d78c  __mspabi_srai           
0000d7b4  __mspabi_srai_1         
0000d7a2  __mspabi_srai_10        
0000d7a0  __mspabi_srai_11        
0000d79e  __mspabi_srai_12        
0000d79c  __mspabi_srai_13        
0000d79a  __mspabi_srai_14        
0000d798  __mspabi_srai_15        
0000d7b2  __mspabi_srai_2         
0000d7b0  __mspabi_srai_3         
0000d7ae  __mspabi_srai_4         
0000d7ac  __mspabi_srai_5         
0000d7aa  __mspabi_srai_6         
0000d7a8  __mspabi_srai_7         
0000d7a6  __mspabi_srai_8         
0000d7a4  __mspabi_srai_9         
0000d9e4  __mspabi_sral           
0000d67e  __mspabi_sral_1         
0000d65a  __mspabi_sral_10        
0000d656  __mspabi_sral_11        
0000d652  __mspabi_sral_12        
0000d64e  __mspabi_sral_13        
0000d64a  __mspabi_sral_14        
0000d646  __mspabi_sral_15        
0000d67a  __mspabi_sral_2         
0000d676  __mspabi_sral_3         
0000d672  __mspabi_sral_4         
0000d66e  __mspabi_sral_5         
0000d66a  __mspabi_sral_6         
0000d666  __mspabi_sral_7         
0000d662  __mspabi_sral_8         
0000d65e  __mspabi_sral_9         
0000d5b4  __mspabi_srli           
0000d5fa  __mspabi_srli_1         
0000d5d6  __mspabi_srli_10        
0000d5d2  __mspabi_srli_11        
0000d5ce  __mspabi_srli_12        
0000d5ca  __mspabi_srli_13        
0000d5c6  __mspabi_srli_14        
0000d5c2  __mspabi_srli_15        
0000d5f6  __mspabi_srli_2         
0000d5f2  __mspabi_srli_3         
0000d5ee  __mspabi_srli_4         
0000d5ea  __mspabi_srli_5         
0000d5e6  __mspabi_srli_6         
0000d5e2  __mspabi_srli_7         
0000d5de  __mspabi_srli_8         
0000d5da  __mspabi_srli_9         
0000d9c0  __mspabi_srll           
0000d400  __mspabi_srll_1         
0000d3ca  __mspabi_srll_10        
0000d3c4  __mspabi_srll_11        
0000d3be  __mspabi_srll_12        
0000d3b8  __mspabi_srll_13        
0000d3b2  __mspabi_srll_14        
0000d3ac  __mspabi_srll_15        
0000d3fa  __mspabi_srll_2         
0000d3f4  __mspabi_srll_3         
0000d3ee  __mspabi_srll_4         
0000d3e8  __mspabi_srll_5         
0000d3e2  __mspabi_srll_6         
0000d3dc  __mspabi_srll_7         
0000d3d6  __mspabi_srll_8         
0000d3d0  __mspabi_srll_9         
0000d732  __mspabi_subd           
0000d464  _auto_init              
0000d8e2  _c_int00_noargs_noexit  
0000fffe  _reset_vector           
000003b0  _stack                  
0000da4e  _system_pre_init        
0000da52  abort                   
00000272  accel                   
0000024a  accelSense              
00000230  angleEstimate           
ffffffff  binit                   
00000238  cAlpha                  
00000240  cBeta                   
00000208  dt                      
00000200  duty                    
00000202  forward                 
0000d050  getMotion6              
0000027a  gyro                    
00000248  gyroSense               
0000d2dc  initMPU                 
0000d6c2  initializeIMU           
0000d930  initializeTimer         
0000d8a8  initializeUART          
0000c000  main                    
0000d9d2  memcpy                  
0000d760  msDelay                 
00000282  output                  
0000d6fe  readByte                
0000d408  readBytes               
0000d8c6  setClockSource          
0000d8fc  setFullScaleAccelRange  
0000d916  setFullScaleGyroRange   
0000d988  setSleepEnabled         
0000d562  writeBit                
0000d888  writeByte               


GLOBAL SYMBOLS: SORTED BY Symbol Address 

address   name                    
-------   ----                    
00000000  IE1                     
00000001  IE2                     
00000002  IFG1                    
00000003  IFG2                    
00000010  P3REN                   
00000018  P3IN                    
00000019  P3OUT                   
0000001a  P3DIR                   
0000001b  P3SEL                   
00000020  P1IN                    
00000021  P1OUT                   
00000022  P1DIR                   
00000023  P1IFG                   
00000024  P1IES                   
00000025  P1IE                    
00000026  P1SEL                   
00000027  P1REN                   
00000028  P2IN                    
00000029  P2OUT                   
0000002a  P2DIR                   
0000002b  P2IFG                   
0000002c  P2IES                   
0000002d  P2IE                    
0000002e  P2SEL                   
0000002f  P2REN                   
00000041  P1SEL2                  
00000042  P2SEL2                  
00000043  P3SEL2                  
00000048  ADC10DTC0               
00000049  ADC10DTC1               
0000004a  ADC10AE0                
00000050  __STACK_SIZE            
00000053  BCSCTL3                 
00000056  DCOCTL                  
00000057  BCSCTL1                 
00000058  BCSCTL2                 
00000059  CACTL1                  
0000005a  CACTL2                  
0000005b  CAPD                    
0000005d  UCA0ABCTL               
0000005e  UCA0IRTCTL              
0000005f  UCA0IRRCTL              
00000060  UCA0CTL0                
00000061  UCA0CTL1                
00000062  UCA0BR0                 
00000063  UCA0BR1                 
00000064  UCA0MCTL                
00000065  UCA0STAT                
00000066  UCA0RXBUF               
00000067  UCA0TXBUF               
00000068  UCB0CTL0                
00000069  UCB0CTL1                
0000006a  UCB0BR0                 
0000006b  UCB0BR1                 
0000006c  UCB0I2CIE               
0000006d  UCB0STAT                
0000006e  UCB0RXBUF               
0000006f  UCB0TXBUF               
00000118  UCB0I2COA               
0000011a  UCB0I2CSA               
0000011e  TA1IV                   
00000120  WDTCTL                  
00000128  FCTL1                   
0000012a  FCTL2                   
0000012c  FCTL3                   
0000012e  TA0IV                   
00000160  TA0CTL                  
00000162  TA0CCTL0                
00000164  TA0CCTL1                
00000166  TA0CCTL2                
00000170  TA0R                    
00000172  TA0CCR0                 
00000174  TA0CCR1                 
00000176  TA0CCR2                 
00000180  TA1CTL                  
00000182  TA1CCTL0                
00000184  TA1CCTL1                
00000186  TA1CCTL2                
00000190  TA1R                    
00000192  TA1CCR0                 
00000194  TA1CCR1                 
00000196  TA1CCR2                 
000001b0  ADC10CTL0               
000001b2  ADC10CTL1               
000001b4  ADC10MEM                
000001bc  ADC10SA                 
00000200  duty                    
00000202  forward                 
00000204  PWM_COUNTER             
00000206  PWM_PERIOD              
00000208  dt                      
00000210  Kp                      
00000218  Ki                      
00000220  Kd                      
00000228  Kout                    
00000230  angleEstimate           
00000238  cAlpha                  
00000240  cBeta                   
00000248  gyroSense               
0000024a  accelSense              
00000272  accel                   
0000027a  gyro                    
00000282  output                  
000003b0  _stack                  
00000400  __STACK_END             
000010c0  TLV_CHECKSUM            
000010da  TLV_ADC10_1_TAG         
000010db  TLV_ADC10_1_LEN         
000010f6  TLV_DCO_30_TAG          
000010f7  TLV_DCO_30_LEN          
000010f8  CALDCO_16MHZ            
000010f9  CALBC1_16MHZ            
000010fa  CALDCO_12MHZ            
000010fb  CALBC1_12MHZ            
000010fc  CALDCO_8MHZ             
000010fd  CALBC1_8MHZ             
000010fe  CALDCO_1MHZ             
000010ff  CALBC1_1MHZ             
0000c000  main                    
0000c36a  __TI_frcmpyd            
0000c65e  __mspabi_addd           
0000c946  __mspabi_mpyd           
0000cbb4  __TI_frcaddd            
0000ce14  __mspabi_cmpd           
0000cef0  __TI_renormd            
0000cfae  __mspabi_fltlid         
0000d050  getMotion6              
0000d0e4  USCIAB0TX_ISR           
0000d176  __mspabi_fltuld         
0000d1f6  __mspabi_fixdul         
0000d26a  __mspabi_fixdli         
0000d2dc  initMPU                 
0000d3ac  __mspabi_srll_15        
0000d3b2  __mspabi_srll_14        
0000d3b8  __mspabi_srll_13        
0000d3be  __mspabi_srll_12        
0000d3c4  __mspabi_srll_11        
0000d3ca  __mspabi_srll_10        
0000d3d0  __mspabi_srll_9         
0000d3d6  __mspabi_srll_8         
0000d3dc  __mspabi_srll_7         
0000d3e2  __mspabi_srll_6         
0000d3e8  __mspabi_srll_5         
0000d3ee  __mspabi_srll_4         
0000d3f4  __mspabi_srll_3         
0000d3fa  __mspabi_srll_2         
0000d400  __mspabi_srll_1         
0000d408  readBytes               
0000d464  _auto_init              
0000d4bc  I2CendTransmission      
0000d510  I2CrequestFrom          
0000d562  writeBit                
0000d5b4  __mspabi_srli           
0000d5c2  __mspabi_srli_15        
0000d5c6  __mspabi_srli_14        
0000d5ca  __mspabi_srli_13        
0000d5ce  __mspabi_srli_12        
0000d5d2  __mspabi_srli_11        
0000d5d6  __mspabi_srli_10        
0000d5da  __mspabi_srli_9         
0000d5de  __mspabi_srli_8         
0000d5e2  __mspabi_srli_7         
0000d5e6  __mspabi_srli_6         
0000d5ea  __mspabi_srli_5         
0000d5ee  __mspabi_srli_4         
0000d5f2  __mspabi_srli_3         
0000d5f6  __mspabi_srli_2         
0000d5fa  __mspabi_srli_1         
0000d600  Timer0_A0               
0000d646  __mspabi_sral_15        
0000d64a  __mspabi_sral_14        
0000d64e  __mspabi_sral_13        
0000d652  __mspabi_sral_12        
0000d656  __mspabi_sral_11        
0000d65a  __mspabi_sral_10        
0000d65e  __mspabi_sral_9         
0000d662  __mspabi_sral_8         
0000d666  __mspabi_sral_7         
0000d66a  __mspabi_sral_6         
0000d66e  __mspabi_sral_5         
0000d672  __mspabi_sral_4         
0000d676  __mspabi_sral_3         
0000d67a  __mspabi_sral_2         
0000d67e  __mspabi_sral_1         
0000d684  __mspabi_slll_15        
0000d688  __mspabi_slll_14        
0000d68c  __mspabi_slll_13        
0000d690  __mspabi_slll_12        
0000d694  __mspabi_slll_11        
0000d698  __mspabi_slll_10        
0000d69c  __mspabi_slll_9         
0000d6a0  __mspabi_slll_8         
0000d6a4  __mspabi_slll_7         
0000d6a8  __mspabi_slll_6         
0000d6ac  __mspabi_slll_5         
0000d6b0  __mspabi_slll_4         
0000d6b4  __mspabi_slll_3         
0000d6b8  __mspabi_slll_2         
0000d6bc  __mspabi_slll_1         
0000d6c2  initializeIMU           
0000d6fe  readByte                
0000d732  __mspabi_subd           
0000d760  msDelay                 
0000d78c  __mspabi_srai           
0000d798  __mspabi_srai_15        
0000d79a  __mspabi_srai_14        
0000d79c  __mspabi_srai_13        
0000d79e  __mspabi_srai_12        
0000d7a0  __mspabi_srai_11        
0000d7a2  __mspabi_srai_10        
0000d7a4  __mspabi_srai_9         
0000d7a6  __mspabi_srai_8         
0000d7a8  __mspabi_srai_7         
0000d7aa  __mspabi_srai_6         
0000d7ac  __mspabi_srai_5         
0000d7ae  __mspabi_srai_4         
0000d7b0  __mspabi_srai_3         
0000d7b2  __mspabi_srai_2         
0000d7b4  __mspabi_srai_1         
0000d7b8  __mspabi_divi           
0000d7b8  __mspabi_remi           
0000d7e4  __mspabi_slli           
0000d7f0  __mspabi_slli_15        
0000d7f2  __mspabi_slli_14        
0000d7f4  __mspabi_slli_13        
0000d7f6  __mspabi_slli_12        
0000d7f8  __mspabi_slli_11        
0000d7fa  __mspabi_slli_10        
0000d7fc  __mspabi_slli_9         
0000d7fe  __mspabi_slli_8         
0000d800  __mspabi_slli_7         
0000d802  __mspabi_slli_6         
0000d804  __mspabi_slli_5         
0000d806  __mspabi_slli_4         
0000d808  __mspabi_slli_3         
0000d80a  __mspabi_slli_2         
0000d80c  __mspabi_slli_1         
0000d810  __mspabi_negd           
0000d83a  __mspabi_fixdi          
0000d862  __mspabi_mpyl           
0000d862  __mspabi_mpyl_sw        
0000d888  writeByte               
0000d8a8  initializeUART          
0000d8c6  setClockSource          
0000d8e2  _c_int00_noargs_noexit  
0000d8fc  setFullScaleAccelRange  
0000d916  setFullScaleGyroRange   
0000d930  initializeTimer         
0000d948  I2Cread                 
0000d95e  __mspabi_divu           
0000d95e  __mspabi_remu           
0000d974  __TI_zero_init          
0000d988  setSleepEnabled         
0000d99c  __mspabi_fixdu          
0000d9ae  __TI_decompress_none    
0000d9c0  __mspabi_srll           
0000d9d2  memcpy                  
0000d9e4  __mspabi_sral           
0000d9f4  __mspabi_slll           
0000da04  __mspabi_func_epilog_7  
0000da06  __mspabi_func_epilog_6  
0000da08  __mspabi_func_epilog_5  
0000da0a  __mspabi_func_epilog_4  
0000da0c  __mspabi_func_epilog_3  
0000da0e  __mspabi_func_epilog_2  
0000da10  __mspabi_func_epilog_1  
0000da14  I2CbeginTransmission    
0000da22  I2Cwrite                
0000da30  __mspabi_fltid          
0000da3c  __mspabi_fltud          
0000da42  __TI_ISR_TRAP           
0000da48  __TI_decompress_rle24   
0000da4e  _system_pre_init        
0000da52  C$$EXIT                 
0000da52  abort                   
0000da98  __TI_Handler_Table_Base 
0000da9e  __TI_Handler_Table_Limit
0000daa2  __TI_CINIT_Base         
0000daaa  __TI_CINIT_Limit        
0000ffe4  __TI_int02              
0000ffe6  __TI_int03              
0000ffea  __TI_int05              
0000ffec  __TI_int06              
0000ffee  __TI_int07              
0000fff0  __TI_int08              
0000fff2  __TI_int09              
0000fff4  __TI_int10              
0000fff6  __TI_int11              
0000fff8  __TI_int12              
0000fffa  __TI_int13              
0000fffc  __TI_int14              
0000fffe  _reset_vector           
ffffffff  __binit__               
ffffffff  __c_args__              
ffffffff  binit                   
UNDEFED   __TI_INITARRAY_Base     
UNDEFED   __TI_INITARRAY_Limit    

[297 symbols]
